<?xml version="1.0" encoding="utf-8"?>
<log version="1.0" tool="runtool">

<msg id="1" tool="runtool">
  <type>log-start</type>
  <arg>2025/07/28 21:40:56</arg>
</msg>
<msg id="2" tool="runtool">
  <type>bandwidth-measurement-starts</type>
</msg>
<msg id="3" tool="runtool">
  <type>bandwidth-measurement-done</type>
</msg>
<msg id="4" tool="runtool">
  <type>collector-starts</type>
</msg>
<msg id="5" tool="runtool">
  <type>marker-file</type>
  <arg>/home/mqian01/SparseRooflineBenchmark/examples/spmm/cond-mat-2003/e000/trc000/trc000.advixe</arg>
</msg>
<msg id="6" tool="trc">
  <type>PROCESS_START</type>
  <arg>/home/mqian01/SparseRooflineBenchmark/examples/spmm/spmm</arg>
  <arg>13500</arg>
  <severity>INFO</severity>
  <timestamp>Mon Jul 28 21:41:11 2025</timestamp>
</msg>
<msg id="7" tool="trc">
  <type>PROCESS_ANALYSIS_MODE</type>
  <arg>full</arg>
  <severity>INFO</severity>
  <timestamp>Mon Jul 28 21:41:11 2025</timestamp>
</msg>
<msg id="8" tool="trc">
  <type>LOAD_MODULE</type>
  <arg>/home/mqian01/SparseRooflineBenchmark/examples/spmm/spmm</arg>
  <arg>0x400000</arg>
  <arg>0x4517cf</arg>
  <arg>yes</arg>
  <severity>INFO</severity>
  <timestamp>Mon Jul 28 21:41:11 2025</timestamp>
</msg>
<msg id="9" tool="trc">
  <type>LOAD_MODULE</type>
  <arg>/lib64/ld-linux-x86-64.so.2</arg>
  <arg>0x7af294aa0000</arg>
  <arg>0x7af294ad92d7</arg>
  <arg>no</arg>
  <severity>INFO</severity>
  <timestamp>Mon Jul 28 21:41:11 2025</timestamp>
</msg>
<msg id="10" tool="trc">
  <type>LOAD_MODULE</type>
  <arg>[vdso]</arg>
  <arg>0x7fffa6dd6000</arg>
  <arg>0x7fffa6dd70aa</arg>
  <arg>no</arg>
  <severity>INFO</severity>
  <timestamp>Mon Jul 28 21:41:11 2025</timestamp>
</msg>
<msg id="11" tool="trc">
  <type>LOAD_MODULE</type>
  <arg>/lib/x86_64-linux-gnu/libhdf5_serial.so.103</arg>
  <arg>0x7af27ec00000</arg>
  <arg>0x7af27ef73db7</arg>
  <arg>no</arg>
  <severity>INFO</severity>
  <timestamp>Mon Jul 28 21:41:12 2025</timestamp>
</msg>
<msg id="12" tool="trc">
  <type>LOAD_MODULE</type>
  <arg>/lib/x86_64-linux-gnu/libcjson.so.1</arg>
  <arg>0x7af27efab000</arg>
  <arg>0x7af27efb405f</arg>
  <arg>no</arg>
  <severity>INFO</severity>
  <timestamp>Mon Jul 28 21:41:12 2025</timestamp>
</msg>
<msg id="13" tool="trc">
  <type>LOAD_MODULE</type>
  <arg>/lib/x86_64-linux-gnu/libstdc++.so.6</arg>
  <arg>0x7af27e800000</arg>
  <arg>0x7af27ea7d13f</arg>
  <arg>no</arg>
  <severity>INFO</severity>
  <timestamp>Mon Jul 28 21:41:12 2025</timestamp>
</msg>
<msg id="14" tool="trc">
  <type>LOAD_MODULE</type>
  <arg>/lib/x86_64-linux-gnu/libm.so.6</arg>
  <arg>0x7af27eb17000</arg>
  <arg>0x7af27ebff017</arg>
  <arg>no</arg>
  <severity>INFO</severity>
  <timestamp>Mon Jul 28 21:41:12 2025</timestamp>
</msg>
<msg id="15" tool="trc">
  <type>LOAD_MODULE</type>
  <arg>/lib/x86_64-linux-gnu/libgcc_s.so.1</arg>
  <arg>0x7af27eae9000</arg>
  <arg>0x7af27eb163a7</arg>
  <arg>no</arg>
  <severity>INFO</severity>
  <timestamp>Mon Jul 28 21:41:12 2025</timestamp>
</msg>
<msg id="16" tool="trc">
  <type>LOAD_MODULE</type>
  <arg>/lib/x86_64-linux-gnu/libc.so.6</arg>
  <arg>0x7af27e400000</arg>
  <arg>0x7af27e611d8f</arg>
  <arg>no</arg>
  <severity>INFO</severity>
  <timestamp>Mon Jul 28 21:41:12 2025</timestamp>
</msg>
<msg id="17" tool="trc">
  <type>LOAD_MODULE</type>
  <arg>/lib/x86_64-linux-gnu/libcrypto.so.3</arg>
  <arg>0x7af27de00000</arg>
  <arg>0x7af27e312bcf</arg>
  <arg>no</arg>
  <severity>INFO</severity>
  <timestamp>Mon Jul 28 21:41:12 2025</timestamp>
</msg>
<msg id="18" tool="trc">
  <type>LOAD_MODULE</type>
  <arg>/lib/x86_64-linux-gnu/libcurl.so.4</arg>
  <arg>0x7af27e73f000</arg>
  <arg>0x7af27e7ffbcf</arg>
  <arg>no</arg>
  <severity>INFO</severity>
  <timestamp>Mon Jul 28 21:41:12 2025</timestamp>
</msg>
<msg id="19" tool="trc">
  <type>LOAD_MODULE</type>
  <arg>/lib/x86_64-linux-gnu/libsz.so.2</arg>
  <arg>0x7af27ea93000</arg>
  <arg>0x7af27ea9700f</arg>
  <arg>no</arg>
  <severity>INFO</severity>
  <timestamp>Mon Jul 28 21:41:12 2025</timestamp>
</msg>
<msg id="20" tool="trc">
  <type>LOAD_MODULE</type>
  <arg>/lib/x86_64-linux-gnu/libz.so.1</arg>
  <arg>0x7af27e723000</arg>
  <arg>0x7af27e73e097</arg>
  <arg>no</arg>
  <severity>INFO</severity>
  <timestamp>Mon Jul 28 21:41:12 2025</timestamp>
</msg>
<msg id="21" tool="trc">
  <type>LOAD_MODULE</type>
  <arg>/lib/x86_64-linux-gnu/libnghttp2.so.14</arg>
  <arg>0x7af27e6d7000</arg>
  <arg>0x7af27e7010ef</arg>
  <arg>no</arg>
  <severity>INFO</severity>
  <timestamp>Mon Jul 28 21:41:12 2025</timestamp>
</msg>
<msg id="22" tool="trc">
  <type>LOAD_MODULE</type>
  <arg>/lib/x86_64-linux-gnu/libidn2.so.0</arg>
  <arg>0x7af27e6b5000</arg>
  <arg>0x7af27e6d600f</arg>
  <arg>no</arg>
  <severity>INFO</severity>
  <timestamp>Mon Jul 28 21:41:12 2025</timestamp>
</msg>
<msg id="23" tool="trc">
  <type>LOAD_MODULE</type>
  <arg>/lib/x86_64-linux-gnu/librtmp.so.1</arg>
  <arg>0x7af27e697000</arg>
  <arg>0x7af27e6b439f</arg>
  <arg>no</arg>
  <severity>INFO</severity>
  <timestamp>Mon Jul 28 21:41:12 2025</timestamp>
</msg>
<msg id="24" tool="trc">
  <type>LOAD_MODULE</type>
  <arg>/lib/x86_64-linux-gnu/libssh.so.4</arg>
  <arg>0x7af27e626000</arg>
  <arg>0x7af27e69660f</arg>
  <arg>no</arg>
  <severity>INFO</severity>
  <timestamp>Mon Jul 28 21:41:12 2025</timestamp>
</msg>
<msg id="25" tool="trc">
  <type>LOAD_MODULE</type>
  <arg>/lib/x86_64-linux-gnu/libpsl.so.5</arg>
  <arg>0x7af27e612000</arg>
  <arg>0x7af27e62500f</arg>
  <arg>no</arg>
  <severity>INFO</severity>
  <timestamp>Mon Jul 28 21:41:12 2025</timestamp>
</msg>
<msg id="26" tool="trc">
  <type>LOAD_MODULE</type>
  <arg>/lib/x86_64-linux-gnu/libssl.so.3</arg>
  <arg>0x7af27e335000</arg>
  <arg>0x7af27e3de86f</arg>
  <arg>no</arg>
  <severity>INFO</severity>
  <timestamp>Mon Jul 28 21:41:12 2025</timestamp>
</msg>
<msg id="27" tool="trc">
  <type>LOAD_MODULE</type>
  <arg>/lib/x86_64-linux-gnu/libgssapi_krb5.so.2</arg>
  <arg>0x7af27ddac000</arg>
  <arg>0x7af27ddff457</arg>
  <arg>no</arg>
  <severity>INFO</severity>
  <timestamp>Mon Jul 28 21:41:12 2025</timestamp>
</msg>
<msg id="28" tool="trc">
  <type>LOAD_MODULE</type>
  <arg>/lib/x86_64-linux-gnu/libldap.so.2</arg>
  <arg>0x7af27dd4f000</arg>
  <arg>0x7af27ddabb47</arg>
  <arg>no</arg>
  <severity>INFO</severity>
  <timestamp>Mon Jul 28 21:41:12 2025</timestamp>
</msg>
<msg id="29" tool="trc">
  <type>LOAD_MODULE</type>
  <arg>/lib/x86_64-linux-gnu/liblber.so.2</arg>
  <arg>0x7af27e325000</arg>
  <arg>0x7af27e3341a7</arg>
  <arg>no</arg>
  <severity>INFO</severity>
  <timestamp>Mon Jul 28 21:41:12 2025</timestamp>
</msg>
<msg id="30" tool="trc">
  <type>LOAD_MODULE</type>
  <arg>/lib/x86_64-linux-gnu/libzstd.so.1</arg>
  <arg>0x7af27dc95000</arg>
  <arg>0x7af27dd4e037</arg>
  <arg>no</arg>
  <severity>INFO</severity>
  <timestamp>Mon Jul 28 21:41:12 2025</timestamp>
</msg>
<msg id="31" tool="trc">
  <type>LOAD_MODULE</type>
  <arg>/lib/x86_64-linux-gnu/libbrotlidec.so.1</arg>
  <arg>0x7af27e317000</arg>
  <arg>0x7af27e324067</arg>
  <arg>no</arg>
  <severity>INFO</severity>
  <timestamp>Mon Jul 28 21:41:12 2025</timestamp>
</msg>
<msg id="32" tool="trc">
  <type>LOAD_MODULE</type>
  <arg>/lib/x86_64-linux-gnu/libaec.so.0</arg>
  <arg>0x7af27dc6b000</arg>
  <arg>0x7af27dc7300f</arg>
  <arg>no</arg>
  <severity>INFO</severity>
  <timestamp>Mon Jul 28 21:41:12 2025</timestamp>
</msg>
<msg id="33" tool="trc">
  <type>LOAD_MODULE</type>
  <arg>/lib/x86_64-linux-gnu/libunistring.so.5</arg>
  <arg>0x7af27dabe000</arg>
  <arg>0x7af27dc6a8e7</arg>
  <arg>no</arg>
  <severity>INFO</severity>
  <timestamp>Mon Jul 28 21:41:12 2025</timestamp>
</msg>
<msg id="34" tool="trc">
  <type>LOAD_MODULE</type>
  <arg>/lib/x86_64-linux-gnu/libgnutls.so.30</arg>
  <arg>0x7af27d8c4000</arg>
  <arg>0x7af27dabdd1f</arg>
  <arg>no</arg>
  <severity>INFO</severity>
  <timestamp>Mon Jul 28 21:41:12 2025</timestamp>
</msg>
<msg id="35" tool="trc">
  <type>LOAD_MODULE</type>
  <arg>/lib/x86_64-linux-gnu/libhogweed.so.6</arg>
  <arg>0x7af27d87c000</arg>
  <arg>0x7af27d8c300f</arg>
  <arg>no</arg>
  <severity>INFO</severity>
  <timestamp>Mon Jul 28 21:41:12 2025</timestamp>
</msg>
<msg id="36" tool="trc">
  <type>LOAD_MODULE</type>
  <arg>/lib/x86_64-linux-gnu/libnettle.so.8</arg>
  <arg>0x7af27d827000</arg>
  <arg>0x7af27d87b07f</arg>
  <arg>no</arg>
  <severity>INFO</severity>
  <timestamp>Mon Jul 28 21:41:12 2025</timestamp>
</msg>
<msg id="37" tool="trc">
  <type>LOAD_MODULE</type>
  <arg>/lib/x86_64-linux-gnu/libgmp.so.10</arg>
  <arg>0x7af27d7a3000</arg>
  <arg>0x7af27d8261ef</arg>
  <arg>no</arg>
  <severity>INFO</severity>
  <timestamp>Mon Jul 28 21:41:12 2025</timestamp>
</msg>
<msg id="38" tool="trc">
  <type>LOAD_MODULE</type>
  <arg>/lib/x86_64-linux-gnu/libkrb5.so.3</arg>
  <arg>0x7af27d6da000</arg>
  <arg>0x7af27d7a2b0f</arg>
  <arg>no</arg>
  <severity>INFO</severity>
  <timestamp>Mon Jul 28 21:41:12 2025</timestamp>
</msg>
<msg id="39" tool="trc">
  <type>LOAD_MODULE</type>
  <arg>/lib/x86_64-linux-gnu/libk5crypto.so.3</arg>
  <arg>0x7af27d6ae000</arg>
  <arg>0x7af27d6d9107</arg>
  <arg>no</arg>
  <severity>INFO</severity>
  <timestamp>Mon Jul 28 21:41:12 2025</timestamp>
</msg>
<msg id="40" tool="trc">
  <type>LOAD_MODULE</type>
  <arg>/lib/x86_64-linux-gnu/libcom_err.so.2</arg>
  <arg>0x7af27d6a8000</arg>
  <arg>0x7af27d6ad047</arg>
  <arg>no</arg>
  <severity>INFO</severity>
  <timestamp>Mon Jul 28 21:41:12 2025</timestamp>
</msg>
<msg id="41" tool="trc">
  <type>LOAD_MODULE</type>
  <arg>/lib/x86_64-linux-gnu/libkrb5support.so.0</arg>
  <arg>0x7af27d69b000</arg>
  <arg>0x7af27d6a73cf</arg>
  <arg>no</arg>
  <severity>INFO</severity>
  <timestamp>Mon Jul 28 21:41:12 2025</timestamp>
</msg>
<msg id="42" tool="trc">
  <type>LOAD_MODULE</type>
  <arg>/lib/x86_64-linux-gnu/libsasl2.so.2</arg>
  <arg>0x7af27d681000</arg>
  <arg>0x7af27d69a39f</arg>
  <arg>no</arg>
  <severity>INFO</severity>
  <timestamp>Mon Jul 28 21:41:12 2025</timestamp>
</msg>
<msg id="43" tool="trc">
  <type>LOAD_MODULE</type>
  <arg>/lib/x86_64-linux-gnu/libbrotlicommon.so.1</arg>
  <arg>0x7af27d65e000</arg>
  <arg>0x7af27d680027</arg>
  <arg>no</arg>
  <severity>INFO</severity>
  <timestamp>Mon Jul 28 21:41:12 2025</timestamp>
</msg>
<msg id="44" tool="trc">
  <type>LOAD_MODULE</type>
  <arg>/lib/x86_64-linux-gnu/libp11-kit.so.0</arg>
  <arg>0x7af27d499000</arg>
  <arg>0x7af27d63c687</arg>
  <arg>no</arg>
  <severity>INFO</severity>
  <timestamp>Mon Jul 28 21:41:12 2025</timestamp>
</msg>
<msg id="45" tool="trc">
  <type>LOAD_MODULE</type>
  <arg>/lib/x86_64-linux-gnu/libtasn1.so.6</arg>
  <arg>0x7af27d483000</arg>
  <arg>0x7af27d498227</arg>
  <arg>no</arg>
  <severity>INFO</severity>
  <timestamp>Mon Jul 28 21:41:12 2025</timestamp>
</msg>
<msg id="46" tool="trc">
  <type>LOAD_MODULE</type>
  <arg>/lib/x86_64-linux-gnu/libkeyutils.so.1</arg>
  <arg>0x7af27d47b000</arg>
  <arg>0x7af27d48100f</arg>
  <arg>no</arg>
  <severity>INFO</severity>
  <timestamp>Mon Jul 28 21:41:12 2025</timestamp>
</msg>
<msg id="47" tool="trc">
  <type>LOAD_MODULE</type>
  <arg>/lib/x86_64-linux-gnu/libresolv.so.2</arg>
  <arg>0x7af27d468000</arg>
  <arg>0x7af27d47a887</arg>
  <arg>no</arg>
  <severity>INFO</severity>
  <timestamp>Mon Jul 28 21:41:12 2025</timestamp>
</msg>
<msg id="48" tool="trc">
  <type>LOAD_MODULE</type>
  <arg>/lib/x86_64-linux-gnu/libffi.so.8</arg>
  <arg>0x7af27d45c000</arg>
  <arg>0x7af27d46760f</arg>
  <arg>no</arg>
  <severity>INFO</severity>
  <timestamp>Mon Jul 28 21:41:12 2025</timestamp>
</msg>
<msg id="49" tool="trc">
  <type>LOAD_MODULE</type>
  <arg>/opt/intel/oneapi/advisor/2025.2/lib64/runtime/libittnotify.so</arg>
  <arg>0x7af273c00000</arg>
  <arg>0x7af273e190af</arg>
  <arg>no</arg>
  <severity>INFO</severity>
  <timestamp>Mon Jul 28 21:41:15 2025</timestamp>
</msg>
<msg id="50" tool="trc">
  <type>LOAD_MODULE</type>
  <arg>/lib/x86_64-linux-gnu/libdl.so.2</arg>
  <arg>0x7af273a52000</arg>
  <arg>0x7af273a5600f</arg>
  <arg>no</arg>
  <severity>INFO</severity>
  <timestamp>Mon Jul 28 21:41:15 2025</timestamp>
</msg>
<msg id="51" tool="trc">
  <type>UNLOAD_MODULE</type>
  <arg>/home/mqian01/SparseRooflineBenchmark/examples/spmm/spmm</arg>
  <severity>INFO</severity>
  <timestamp>Mon Jul 28 21:41:16 2025</timestamp>
</msg>
<msg id="52" tool="trc">
  <type>UNLOAD_MODULE</type>
  <arg>/lib64/ld-linux-x86-64.so.2</arg>
  <severity>INFO</severity>
  <timestamp>Mon Jul 28 21:41:16 2025</timestamp>
</msg>
<msg id="53" tool="trc">
  <type>UNLOAD_MODULE</type>
  <arg>[vdso]</arg>
  <severity>INFO</severity>
  <timestamp>Mon Jul 28 21:41:16 2025</timestamp>
</msg>
<msg id="54" tool="trc">
  <type>UNLOAD_MODULE</type>
  <arg>/lib/x86_64-linux-gnu/libhdf5_serial.so.103</arg>
  <severity>INFO</severity>
  <timestamp>Mon Jul 28 21:41:16 2025</timestamp>
</msg>
<msg id="55" tool="trc">
  <type>UNLOAD_MODULE</type>
  <arg>/lib/x86_64-linux-gnu/libcjson.so.1</arg>
  <severity>INFO</severity>
  <timestamp>Mon Jul 28 21:41:16 2025</timestamp>
</msg>
<msg id="56" tool="trc">
  <type>UNLOAD_MODULE</type>
  <arg>/lib/x86_64-linux-gnu/libstdc++.so.6</arg>
  <severity>INFO</severity>
  <timestamp>Mon Jul 28 21:41:16 2025</timestamp>
</msg>
<msg id="57" tool="trc">
  <type>UNLOAD_MODULE</type>
  <arg>/lib/x86_64-linux-gnu/libm.so.6</arg>
  <severity>INFO</severity>
  <timestamp>Mon Jul 28 21:41:16 2025</timestamp>
</msg>
<msg id="58" tool="trc">
  <type>UNLOAD_MODULE</type>
  <arg>/lib/x86_64-linux-gnu/libgcc_s.so.1</arg>
  <severity>INFO</severity>
  <timestamp>Mon Jul 28 21:41:16 2025</timestamp>
</msg>
<msg id="59" tool="trc">
  <type>UNLOAD_MODULE</type>
  <arg>/lib/x86_64-linux-gnu/libc.so.6</arg>
  <severity>INFO</severity>
  <timestamp>Mon Jul 28 21:41:16 2025</timestamp>
</msg>
<msg id="60" tool="trc">
  <type>UNLOAD_MODULE</type>
  <arg>/lib/x86_64-linux-gnu/libcrypto.so.3</arg>
  <severity>INFO</severity>
  <timestamp>Mon Jul 28 21:41:16 2025</timestamp>
</msg>
<msg id="61" tool="trc">
  <type>UNLOAD_MODULE</type>
  <arg>/lib/x86_64-linux-gnu/libcurl.so.4</arg>
  <severity>INFO</severity>
  <timestamp>Mon Jul 28 21:41:16 2025</timestamp>
</msg>
<msg id="62" tool="trc">
  <type>UNLOAD_MODULE</type>
  <arg>/lib/x86_64-linux-gnu/libsz.so.2</arg>
  <severity>INFO</severity>
  <timestamp>Mon Jul 28 21:41:16 2025</timestamp>
</msg>
<msg id="63" tool="trc">
  <type>UNLOAD_MODULE</type>
  <arg>/lib/x86_64-linux-gnu/libz.so.1</arg>
  <severity>INFO</severity>
  <timestamp>Mon Jul 28 21:41:16 2025</timestamp>
</msg>
<msg id="64" tool="trc">
  <type>UNLOAD_MODULE</type>
  <arg>/lib/x86_64-linux-gnu/libnghttp2.so.14</arg>
  <severity>INFO</severity>
  <timestamp>Mon Jul 28 21:41:16 2025</timestamp>
</msg>
<msg id="65" tool="trc">
  <type>UNLOAD_MODULE</type>
  <arg>/lib/x86_64-linux-gnu/libidn2.so.0</arg>
  <severity>INFO</severity>
  <timestamp>Mon Jul 28 21:41:16 2025</timestamp>
</msg>
<msg id="66" tool="trc">
  <type>UNLOAD_MODULE</type>
  <arg>/lib/x86_64-linux-gnu/librtmp.so.1</arg>
  <severity>INFO</severity>
  <timestamp>Mon Jul 28 21:41:16 2025</timestamp>
</msg>
<msg id="67" tool="trc">
  <type>UNLOAD_MODULE</type>
  <arg>/lib/x86_64-linux-gnu/libssh.so.4</arg>
  <severity>INFO</severity>
  <timestamp>Mon Jul 28 21:41:16 2025</timestamp>
</msg>
<msg id="68" tool="trc">
  <type>UNLOAD_MODULE</type>
  <arg>/lib/x86_64-linux-gnu/libpsl.so.5</arg>
  <severity>INFO</severity>
  <timestamp>Mon Jul 28 21:41:16 2025</timestamp>
</msg>
<msg id="69" tool="trc">
  <type>UNLOAD_MODULE</type>
  <arg>/lib/x86_64-linux-gnu/libssl.so.3</arg>
  <severity>INFO</severity>
  <timestamp>Mon Jul 28 21:41:16 2025</timestamp>
</msg>
<msg id="70" tool="trc">
  <type>UNLOAD_MODULE</type>
  <arg>/lib/x86_64-linux-gnu/libgssapi_krb5.so.2</arg>
  <severity>INFO</severity>
  <timestamp>Mon Jul 28 21:41:16 2025</timestamp>
</msg>
<msg id="71" tool="trc">
  <type>UNLOAD_MODULE</type>
  <arg>/lib/x86_64-linux-gnu/libldap.so.2</arg>
  <severity>INFO</severity>
  <timestamp>Mon Jul 28 21:41:16 2025</timestamp>
</msg>
<msg id="72" tool="trc">
  <type>UNLOAD_MODULE</type>
  <arg>/lib/x86_64-linux-gnu/liblber.so.2</arg>
  <severity>INFO</severity>
  <timestamp>Mon Jul 28 21:41:16 2025</timestamp>
</msg>
<msg id="73" tool="trc">
  <type>UNLOAD_MODULE</type>
  <arg>/lib/x86_64-linux-gnu/libzstd.so.1</arg>
  <severity>INFO</severity>
  <timestamp>Mon Jul 28 21:41:16 2025</timestamp>
</msg>
<msg id="74" tool="trc">
  <type>UNLOAD_MODULE</type>
  <arg>/lib/x86_64-linux-gnu/libbrotlidec.so.1</arg>
  <severity>INFO</severity>
  <timestamp>Mon Jul 28 21:41:16 2025</timestamp>
</msg>
<msg id="75" tool="trc">
  <type>UNLOAD_MODULE</type>
  <arg>/lib/x86_64-linux-gnu/libaec.so.0</arg>
  <severity>INFO</severity>
  <timestamp>Mon Jul 28 21:41:16 2025</timestamp>
</msg>
<msg id="76" tool="trc">
  <type>UNLOAD_MODULE</type>
  <arg>/lib/x86_64-linux-gnu/libunistring.so.5</arg>
  <severity>INFO</severity>
  <timestamp>Mon Jul 28 21:41:16 2025</timestamp>
</msg>
<msg id="77" tool="trc">
  <type>UNLOAD_MODULE</type>
  <arg>/lib/x86_64-linux-gnu/libgnutls.so.30</arg>
  <severity>INFO</severity>
  <timestamp>Mon Jul 28 21:41:16 2025</timestamp>
</msg>
<msg id="78" tool="trc">
  <type>UNLOAD_MODULE</type>
  <arg>/lib/x86_64-linux-gnu/libhogweed.so.6</arg>
  <severity>INFO</severity>
  <timestamp>Mon Jul 28 21:41:16 2025</timestamp>
</msg>
<msg id="79" tool="trc">
  <type>UNLOAD_MODULE</type>
  <arg>/lib/x86_64-linux-gnu/libnettle.so.8</arg>
  <severity>INFO</severity>
  <timestamp>Mon Jul 28 21:41:16 2025</timestamp>
</msg>
<msg id="80" tool="trc">
  <type>UNLOAD_MODULE</type>
  <arg>/lib/x86_64-linux-gnu/libgmp.so.10</arg>
  <severity>INFO</severity>
  <timestamp>Mon Jul 28 21:41:16 2025</timestamp>
</msg>
<msg id="81" tool="trc">
  <type>UNLOAD_MODULE</type>
  <arg>/lib/x86_64-linux-gnu/libkrb5.so.3</arg>
  <severity>INFO</severity>
  <timestamp>Mon Jul 28 21:41:16 2025</timestamp>
</msg>
<msg id="82" tool="trc">
  <type>UNLOAD_MODULE</type>
  <arg>/lib/x86_64-linux-gnu/libk5crypto.so.3</arg>
  <severity>INFO</severity>
  <timestamp>Mon Jul 28 21:41:16 2025</timestamp>
</msg>
<msg id="83" tool="trc">
  <type>UNLOAD_MODULE</type>
  <arg>/lib/x86_64-linux-gnu/libcom_err.so.2</arg>
  <severity>INFO</severity>
  <timestamp>Mon Jul 28 21:41:16 2025</timestamp>
</msg>
<msg id="84" tool="trc">
  <type>UNLOAD_MODULE</type>
  <arg>/lib/x86_64-linux-gnu/libkrb5support.so.0</arg>
  <severity>INFO</severity>
  <timestamp>Mon Jul 28 21:41:16 2025</timestamp>
</msg>
<msg id="85" tool="trc">
  <type>UNLOAD_MODULE</type>
  <arg>/lib/x86_64-linux-gnu/libsasl2.so.2</arg>
  <severity>INFO</severity>
  <timestamp>Mon Jul 28 21:41:16 2025</timestamp>
</msg>
<msg id="86" tool="trc">
  <type>UNLOAD_MODULE</type>
  <arg>/lib/x86_64-linux-gnu/libbrotlicommon.so.1</arg>
  <severity>INFO</severity>
  <timestamp>Mon Jul 28 21:41:16 2025</timestamp>
</msg>
<msg id="87" tool="trc">
  <type>UNLOAD_MODULE</type>
  <arg>/lib/x86_64-linux-gnu/libp11-kit.so.0</arg>
  <severity>INFO</severity>
  <timestamp>Mon Jul 28 21:41:16 2025</timestamp>
</msg>
<msg id="88" tool="trc">
  <type>UNLOAD_MODULE</type>
  <arg>/lib/x86_64-linux-gnu/libtasn1.so.6</arg>
  <severity>INFO</severity>
  <timestamp>Mon Jul 28 21:41:16 2025</timestamp>
</msg>
<msg id="89" tool="trc">
  <type>UNLOAD_MODULE</type>
  <arg>/lib/x86_64-linux-gnu/libkeyutils.so.1</arg>
  <severity>INFO</severity>
  <timestamp>Mon Jul 28 21:41:16 2025</timestamp>
</msg>
<msg id="90" tool="trc">
  <type>UNLOAD_MODULE</type>
  <arg>/lib/x86_64-linux-gnu/libresolv.so.2</arg>
  <severity>INFO</severity>
  <timestamp>Mon Jul 28 21:41:16 2025</timestamp>
</msg>
<msg id="91" tool="trc">
  <type>UNLOAD_MODULE</type>
  <arg>/lib/x86_64-linux-gnu/libffi.so.8</arg>
  <severity>INFO</severity>
  <timestamp>Mon Jul 28 21:41:16 2025</timestamp>
</msg>
<msg id="92" tool="trc">
  <type>UNLOAD_MODULE</type>
  <arg>/opt/intel/oneapi/advisor/2025.2/lib64/runtime/libittnotify.so</arg>
  <severity>INFO</severity>
  <timestamp>Mon Jul 28 21:41:16 2025</timestamp>
</msg>
<msg id="93" tool="trc">
  <type>UNLOAD_MODULE</type>
  <arg>/lib/x86_64-linux-gnu/libdl.so.2</arg>
  <severity>INFO</severity>
  <timestamp>Mon Jul 28 21:41:16 2025</timestamp>
</msg>
<msg id="94" tool="trc">
  <type>PROCESS_FINISH</type>
  <arg>/home/mqian01/SparseRooflineBenchmark/examples/spmm/spmm</arg>
  <arg>13500</arg>
  <arg>0x0</arg>
  <severity>INFO</severity>
  <timestamp>Mon Jul 28 21:41:16 2025</timestamp>
</msg>
<msg id="95" tool="runtool">
  <type>app-exit-code</type>
  <arg>0</arg>
</msg>
<msg id="96" tool="runtool">
  <type>marker-file</type>
  <arg>/home/mqian01/SparseRooflineBenchmark/examples/spmm/cond-mat-2003/e000/trc000/trc000.advixe</arg>
</msg>
<msg id="97" tool="runtool">
  <type>collector-done</type>
</msg>
<msg id="98" tool="runtool">
  <type>log-end</type>
  <arg>2025/07/28 21:41:20</arg>
</msg>

</log>

