<?xml version="1.0" encoding="utf-8"?>
<log version="1.0" tool="runtool">

<msg id="1" tool="runtool">
  <type>log-start</type>
  <arg>2025/07/28 21:53:59</arg>
</msg>
<msg id="2" tool="runtool">
  <type>bandwidth-measurement-starts</type>
</msg>
<msg id="3" tool="runtool">
  <type>bandwidth-measurement-done</type>
</msg>
<msg id="4" tool="runtool">
  <type>collector-starts</type>
</msg>
<msg id="5" tool="runtool">
  <type>marker-file</type>
  <arg>/home/mqian01/SparseRooflineBenchmark/examples/spmm/cond-mat-2003-v5/e000/trc000/trc000.advixe</arg>
</msg>
<msg id="6" tool="trc">
  <type>PROCESS_START</type>
  <arg>/home/mqian01/SparseRooflineBenchmark/examples/spmm/spmm</arg>
  <arg>14244</arg>
  <severity>INFO</severity>
  <timestamp>Mon Jul 28 21:54:14 2025</timestamp>
</msg>
<msg id="7" tool="trc">
  <type>PROCESS_ANALYSIS_MODE</type>
  <arg>full</arg>
  <severity>INFO</severity>
  <timestamp>Mon Jul 28 21:54:14 2025</timestamp>
</msg>
<msg id="8" tool="trc">
  <type>LOAD_MODULE</type>
  <arg>/home/mqian01/SparseRooflineBenchmark/examples/spmm/spmm</arg>
  <arg>0x400000</arg>
  <arg>0x4517cf</arg>
  <arg>yes</arg>
  <severity>INFO</severity>
  <timestamp>Mon Jul 28 21:54:14 2025</timestamp>
</msg>
<msg id="9" tool="trc">
  <type>LOAD_MODULE</type>
  <arg>/lib64/ld-linux-x86-64.so.2</arg>
  <arg>0x764c4cbb9000</arg>
  <arg>0x764c4cbf22d7</arg>
  <arg>no</arg>
  <severity>INFO</severity>
  <timestamp>Mon Jul 28 21:54:14 2025</timestamp>
</msg>
<msg id="10" tool="trc">
  <type>LOAD_MODULE</type>
  <arg>[vdso]</arg>
  <arg>0x7fffbae96000</arg>
  <arg>0x7fffbae970aa</arg>
  <arg>no</arg>
  <severity>INFO</severity>
  <timestamp>Mon Jul 28 21:54:14 2025</timestamp>
</msg>
<msg id="11" tool="trc">
  <type>LOAD_MODULE</type>
  <arg>/lib/x86_64-linux-gnu/libhdf5_serial.so.103</arg>
  <arg>0x764c36e00000</arg>
  <arg>0x764c37173db7</arg>
  <arg>no</arg>
  <severity>INFO</severity>
  <timestamp>Mon Jul 28 21:54:15 2025</timestamp>
</msg>
<msg id="12" tool="trc">
  <type>LOAD_MODULE</type>
  <arg>/lib/x86_64-linux-gnu/libcjson.so.1</arg>
  <arg>0x764c36d72000</arg>
  <arg>0x764c36d7b05f</arg>
  <arg>no</arg>
  <severity>INFO</severity>
  <timestamp>Mon Jul 28 21:54:15 2025</timestamp>
</msg>
<msg id="13" tool="trc">
  <type>LOAD_MODULE</type>
  <arg>/lib/x86_64-linux-gnu/libstdc++.so.6</arg>
  <arg>0x764c36a00000</arg>
  <arg>0x764c36c7d13f</arg>
  <arg>no</arg>
  <severity>INFO</severity>
  <timestamp>Mon Jul 28 21:54:15 2025</timestamp>
</msg>
<msg id="14" tool="trc">
  <type>LOAD_MODULE</type>
  <arg>/lib/x86_64-linux-gnu/libm.so.6</arg>
  <arg>0x764c36917000</arg>
  <arg>0x764c369ff017</arg>
  <arg>no</arg>
  <severity>INFO</severity>
  <timestamp>Mon Jul 28 21:54:15 2025</timestamp>
</msg>
<msg id="15" tool="trc">
  <type>LOAD_MODULE</type>
  <arg>/lib/x86_64-linux-gnu/libgcc_s.so.1</arg>
  <arg>0x764c36d02000</arg>
  <arg>0x764c36d2f3a7</arg>
  <arg>no</arg>
  <severity>INFO</severity>
  <timestamp>Mon Jul 28 21:54:15 2025</timestamp>
</msg>
<msg id="16" tool="trc">
  <type>LOAD_MODULE</type>
  <arg>/lib/x86_64-linux-gnu/libc.so.6</arg>
  <arg>0x764c36600000</arg>
  <arg>0x764c36811d8f</arg>
  <arg>no</arg>
  <severity>INFO</severity>
  <timestamp>Mon Jul 28 21:54:15 2025</timestamp>
</msg>
<msg id="17" tool="trc">
  <type>LOAD_MODULE</type>
  <arg>/lib/x86_64-linux-gnu/libcrypto.so.3</arg>
  <arg>0x764c36000000</arg>
  <arg>0x764c36512bcf</arg>
  <arg>no</arg>
  <severity>INFO</severity>
  <timestamp>Mon Jul 28 21:54:15 2025</timestamp>
</msg>
<msg id="18" tool="trc">
  <type>LOAD_MODULE</type>
  <arg>/lib/x86_64-linux-gnu/libcurl.so.4</arg>
  <arg>0x764c36856000</arg>
  <arg>0x764c36916bcf</arg>
  <arg>no</arg>
  <severity>INFO</severity>
  <timestamp>Mon Jul 28 21:54:15 2025</timestamp>
</msg>
<msg id="19" tool="trc">
  <type>LOAD_MODULE</type>
  <arg>/lib/x86_64-linux-gnu/libsz.so.2</arg>
  <arg>0x764c36caa000</arg>
  <arg>0x764c36cae00f</arg>
  <arg>no</arg>
  <severity>INFO</severity>
  <timestamp>Mon Jul 28 21:54:15 2025</timestamp>
</msg>
<msg id="20" tool="trc">
  <type>LOAD_MODULE</type>
  <arg>/lib/x86_64-linux-gnu/libz.so.1</arg>
  <arg>0x764c36c8e000</arg>
  <arg>0x764c36ca9097</arg>
  <arg>no</arg>
  <severity>INFO</severity>
  <timestamp>Mon Jul 28 21:54:15 2025</timestamp>
</msg>
<msg id="21" tool="trc">
  <type>LOAD_MODULE</type>
  <arg>/lib/x86_64-linux-gnu/libnghttp2.so.14</arg>
  <arg>0x764c365d5000</arg>
  <arg>0x764c365ff0ef</arg>
  <arg>no</arg>
  <severity>INFO</severity>
  <timestamp>Mon Jul 28 21:54:15 2025</timestamp>
</msg>
<msg id="22" tool="trc">
  <type>LOAD_MODULE</type>
  <arg>/lib/x86_64-linux-gnu/libidn2.so.0</arg>
  <arg>0x764c36813000</arg>
  <arg>0x764c3683400f</arg>
  <arg>no</arg>
  <severity>INFO</severity>
  <timestamp>Mon Jul 28 21:54:15 2025</timestamp>
</msg>
<msg id="23" tool="trc">
  <type>LOAD_MODULE</type>
  <arg>/lib/x86_64-linux-gnu/librtmp.so.1</arg>
  <arg>0x764c365b7000</arg>
  <arg>0x764c365d439f</arg>
  <arg>no</arg>
  <severity>INFO</severity>
  <timestamp>Mon Jul 28 21:54:15 2025</timestamp>
</msg>
<msg id="24" tool="trc">
  <type>LOAD_MODULE</type>
  <arg>/lib/x86_64-linux-gnu/libssh.so.4</arg>
  <arg>0x764c36546000</arg>
  <arg>0x764c365b660f</arg>
  <arg>no</arg>
  <severity>INFO</severity>
  <timestamp>Mon Jul 28 21:54:15 2025</timestamp>
</msg>
<msg id="25" tool="trc">
  <type>LOAD_MODULE</type>
  <arg>/lib/x86_64-linux-gnu/libpsl.so.5</arg>
  <arg>0x764c36532000</arg>
  <arg>0x764c3654500f</arg>
  <arg>no</arg>
  <severity>INFO</severity>
  <timestamp>Mon Jul 28 21:54:15 2025</timestamp>
</msg>
<msg id="26" tool="trc">
  <type>LOAD_MODULE</type>
  <arg>/lib/x86_64-linux-gnu/libssl.so.3</arg>
  <arg>0x764c35f35000</arg>
  <arg>0x764c35fde86f</arg>
  <arg>no</arg>
  <severity>INFO</severity>
  <timestamp>Mon Jul 28 21:54:15 2025</timestamp>
</msg>
<msg id="27" tool="trc">
  <type>LOAD_MODULE</type>
  <arg>/lib/x86_64-linux-gnu/libgssapi_krb5.so.2</arg>
  <arg>0x764c35ee1000</arg>
  <arg>0x764c35f34457</arg>
  <arg>no</arg>
  <severity>INFO</severity>
  <timestamp>Mon Jul 28 21:54:15 2025</timestamp>
</msg>
<msg id="28" tool="trc">
  <type>LOAD_MODULE</type>
  <arg>/lib/x86_64-linux-gnu/libldap.so.2</arg>
  <arg>0x764c35e84000</arg>
  <arg>0x764c35ee0b47</arg>
  <arg>no</arg>
  <severity>INFO</severity>
  <timestamp>Mon Jul 28 21:54:15 2025</timestamp>
</msg>
<msg id="29" tool="trc">
  <type>LOAD_MODULE</type>
  <arg>/lib/x86_64-linux-gnu/liblber.so.2</arg>
  <arg>0x764c36522000</arg>
  <arg>0x764c365311a7</arg>
  <arg>no</arg>
  <severity>INFO</severity>
  <timestamp>Mon Jul 28 21:54:15 2025</timestamp>
</msg>
<msg id="30" tool="trc">
  <type>LOAD_MODULE</type>
  <arg>/lib/x86_64-linux-gnu/libzstd.so.1</arg>
  <arg>0x764c35dca000</arg>
  <arg>0x764c35e83037</arg>
  <arg>no</arg>
  <severity>INFO</severity>
  <timestamp>Mon Jul 28 21:54:15 2025</timestamp>
</msg>
<msg id="31" tool="trc">
  <type>LOAD_MODULE</type>
  <arg>/lib/x86_64-linux-gnu/libbrotlidec.so.1</arg>
  <arg>0x764c36514000</arg>
  <arg>0x764c36521067</arg>
  <arg>no</arg>
  <severity>INFO</severity>
  <timestamp>Mon Jul 28 21:54:15 2025</timestamp>
</msg>
<msg id="32" tool="trc">
  <type>LOAD_MODULE</type>
  <arg>/lib/x86_64-linux-gnu/libaec.so.0</arg>
  <arg>0x764c35da0000</arg>
  <arg>0x764c35da800f</arg>
  <arg>no</arg>
  <severity>INFO</severity>
  <timestamp>Mon Jul 28 21:54:15 2025</timestamp>
</msg>
<msg id="33" tool="trc">
  <type>LOAD_MODULE</type>
  <arg>/lib/x86_64-linux-gnu/libunistring.so.5</arg>
  <arg>0x764c35bf3000</arg>
  <arg>0x764c35d9f8e7</arg>
  <arg>no</arg>
  <severity>INFO</severity>
  <timestamp>Mon Jul 28 21:54:15 2025</timestamp>
</msg>
<msg id="34" tool="trc">
  <type>LOAD_MODULE</type>
  <arg>/lib/x86_64-linux-gnu/libgnutls.so.30</arg>
  <arg>0x764c359f9000</arg>
  <arg>0x764c35bf2d1f</arg>
  <arg>no</arg>
  <severity>INFO</severity>
  <timestamp>Mon Jul 28 21:54:15 2025</timestamp>
</msg>
<msg id="35" tool="trc">
  <type>LOAD_MODULE</type>
  <arg>/lib/x86_64-linux-gnu/libhogweed.so.6</arg>
  <arg>0x764c359b1000</arg>
  <arg>0x764c359f800f</arg>
  <arg>no</arg>
  <severity>INFO</severity>
  <timestamp>Mon Jul 28 21:54:15 2025</timestamp>
</msg>
<msg id="36" tool="trc">
  <type>LOAD_MODULE</type>
  <arg>/lib/x86_64-linux-gnu/libnettle.so.8</arg>
  <arg>0x764c3595a000</arg>
  <arg>0x764c359ae07f</arg>
  <arg>no</arg>
  <severity>INFO</severity>
  <timestamp>Mon Jul 28 21:54:15 2025</timestamp>
</msg>
<msg id="37" tool="trc">
  <type>LOAD_MODULE</type>
  <arg>/lib/x86_64-linux-gnu/libgmp.so.10</arg>
  <arg>0x764c358d6000</arg>
  <arg>0x764c359591ef</arg>
  <arg>no</arg>
  <severity>INFO</severity>
  <timestamp>Mon Jul 28 21:54:15 2025</timestamp>
</msg>
<msg id="38" tool="trc">
  <type>LOAD_MODULE</type>
  <arg>/lib/x86_64-linux-gnu/libkrb5.so.3</arg>
  <arg>0x764c3580d000</arg>
  <arg>0x764c358d5b0f</arg>
  <arg>no</arg>
  <severity>INFO</severity>
  <timestamp>Mon Jul 28 21:54:15 2025</timestamp>
</msg>
<msg id="39" tool="trc">
  <type>LOAD_MODULE</type>
  <arg>/lib/x86_64-linux-gnu/libk5crypto.so.3</arg>
  <arg>0x764c357e1000</arg>
  <arg>0x764c3580c107</arg>
  <arg>no</arg>
  <severity>INFO</severity>
  <timestamp>Mon Jul 28 21:54:15 2025</timestamp>
</msg>
<msg id="40" tool="trc">
  <type>LOAD_MODULE</type>
  <arg>/lib/x86_64-linux-gnu/libcom_err.so.2</arg>
  <arg>0x764c357db000</arg>
  <arg>0x764c357e0047</arg>
  <arg>no</arg>
  <severity>INFO</severity>
  <timestamp>Mon Jul 28 21:54:15 2025</timestamp>
</msg>
<msg id="41" tool="trc">
  <type>LOAD_MODULE</type>
  <arg>/lib/x86_64-linux-gnu/libkrb5support.so.0</arg>
  <arg>0x764c357cc000</arg>
  <arg>0x764c357d83cf</arg>
  <arg>no</arg>
  <severity>INFO</severity>
  <timestamp>Mon Jul 28 21:54:15 2025</timestamp>
</msg>
<msg id="42" tool="trc">
  <type>LOAD_MODULE</type>
  <arg>/lib/x86_64-linux-gnu/libsasl2.so.2</arg>
  <arg>0x764c357b2000</arg>
  <arg>0x764c357cb39f</arg>
  <arg>no</arg>
  <severity>INFO</severity>
  <timestamp>Mon Jul 28 21:54:15 2025</timestamp>
</msg>
<msg id="43" tool="trc">
  <type>LOAD_MODULE</type>
  <arg>/lib/x86_64-linux-gnu/libbrotlicommon.so.1</arg>
  <arg>0x764c3578f000</arg>
  <arg>0x764c357b1027</arg>
  <arg>no</arg>
  <severity>INFO</severity>
  <timestamp>Mon Jul 28 21:54:15 2025</timestamp>
</msg>
<msg id="44" tool="trc">
  <type>LOAD_MODULE</type>
  <arg>/lib/x86_64-linux-gnu/libp11-kit.so.0</arg>
  <arg>0x764c355eb000</arg>
  <arg>0x764c3578e687</arg>
  <arg>no</arg>
  <severity>INFO</severity>
  <timestamp>Mon Jul 28 21:54:15 2025</timestamp>
</msg>
<msg id="45" tool="trc">
  <type>LOAD_MODULE</type>
  <arg>/lib/x86_64-linux-gnu/libtasn1.so.6</arg>
  <arg>0x764c355d5000</arg>
  <arg>0x764c355ea227</arg>
  <arg>no</arg>
  <severity>INFO</severity>
  <timestamp>Mon Jul 28 21:54:15 2025</timestamp>
</msg>
<msg id="46" tool="trc">
  <type>LOAD_MODULE</type>
  <arg>/lib/x86_64-linux-gnu/libkeyutils.so.1</arg>
  <arg>0x764c355cc000</arg>
  <arg>0x764c355d200f</arg>
  <arg>no</arg>
  <severity>INFO</severity>
  <timestamp>Mon Jul 28 21:54:15 2025</timestamp>
</msg>
<msg id="47" tool="trc">
  <type>LOAD_MODULE</type>
  <arg>/lib/x86_64-linux-gnu/libresolv.so.2</arg>
  <arg>0x764c355b9000</arg>
  <arg>0x764c355cb887</arg>
  <arg>no</arg>
  <severity>INFO</severity>
  <timestamp>Mon Jul 28 21:54:15 2025</timestamp>
</msg>
<msg id="48" tool="trc">
  <type>LOAD_MODULE</type>
  <arg>/lib/x86_64-linux-gnu/libffi.so.8</arg>
  <arg>0x764c355ad000</arg>
  <arg>0x764c355b860f</arg>
  <arg>no</arg>
  <severity>INFO</severity>
  <timestamp>Mon Jul 28 21:54:15 2025</timestamp>
</msg>
<msg id="49" tool="trc">
  <type>LOAD_MODULE</type>
  <arg>/opt/intel/oneapi/advisor/2025.2/lib64/runtime/libittnotify.so</arg>
  <arg>0x764c2ea00000</arg>
  <arg>0x764c2ec190af</arg>
  <arg>no</arg>
  <severity>INFO</severity>
  <timestamp>Mon Jul 28 21:54:17 2025</timestamp>
</msg>
<msg id="50" tool="trc">
  <type>LOAD_MODULE</type>
  <arg>/lib/x86_64-linux-gnu/libdl.so.2</arg>
  <arg>0x764c2e9e2000</arg>
  <arg>0x764c2e9e600f</arg>
  <arg>no</arg>
  <severity>INFO</severity>
  <timestamp>Mon Jul 28 21:54:17 2025</timestamp>
</msg>
<msg id="51" tool="trc">
  <type>UNLOAD_MODULE</type>
  <arg>/home/mqian01/SparseRooflineBenchmark/examples/spmm/spmm</arg>
  <severity>INFO</severity>
  <timestamp>Mon Jul 28 21:54:18 2025</timestamp>
</msg>
<msg id="52" tool="trc">
  <type>UNLOAD_MODULE</type>
  <arg>/lib64/ld-linux-x86-64.so.2</arg>
  <severity>INFO</severity>
  <timestamp>Mon Jul 28 21:54:18 2025</timestamp>
</msg>
<msg id="53" tool="trc">
  <type>UNLOAD_MODULE</type>
  <arg>[vdso]</arg>
  <severity>INFO</severity>
  <timestamp>Mon Jul 28 21:54:18 2025</timestamp>
</msg>
<msg id="54" tool="trc">
  <type>UNLOAD_MODULE</type>
  <arg>/lib/x86_64-linux-gnu/libhdf5_serial.so.103</arg>
  <severity>INFO</severity>
  <timestamp>Mon Jul 28 21:54:18 2025</timestamp>
</msg>
<msg id="55" tool="trc">
  <type>UNLOAD_MODULE</type>
  <arg>/lib/x86_64-linux-gnu/libcjson.so.1</arg>
  <severity>INFO</severity>
  <timestamp>Mon Jul 28 21:54:18 2025</timestamp>
</msg>
<msg id="56" tool="trc">
  <type>UNLOAD_MODULE</type>
  <arg>/lib/x86_64-linux-gnu/libstdc++.so.6</arg>
  <severity>INFO</severity>
  <timestamp>Mon Jul 28 21:54:18 2025</timestamp>
</msg>
<msg id="57" tool="trc">
  <type>UNLOAD_MODULE</type>
  <arg>/lib/x86_64-linux-gnu/libm.so.6</arg>
  <severity>INFO</severity>
  <timestamp>Mon Jul 28 21:54:18 2025</timestamp>
</msg>
<msg id="58" tool="trc">
  <type>UNLOAD_MODULE</type>
  <arg>/lib/x86_64-linux-gnu/libgcc_s.so.1</arg>
  <severity>INFO</severity>
  <timestamp>Mon Jul 28 21:54:18 2025</timestamp>
</msg>
<msg id="59" tool="trc">
  <type>UNLOAD_MODULE</type>
  <arg>/lib/x86_64-linux-gnu/libc.so.6</arg>
  <severity>INFO</severity>
  <timestamp>Mon Jul 28 21:54:18 2025</timestamp>
</msg>
<msg id="60" tool="trc">
  <type>UNLOAD_MODULE</type>
  <arg>/lib/x86_64-linux-gnu/libcrypto.so.3</arg>
  <severity>INFO</severity>
  <timestamp>Mon Jul 28 21:54:18 2025</timestamp>
</msg>
<msg id="61" tool="trc">
  <type>UNLOAD_MODULE</type>
  <arg>/lib/x86_64-linux-gnu/libcurl.so.4</arg>
  <severity>INFO</severity>
  <timestamp>Mon Jul 28 21:54:18 2025</timestamp>
</msg>
<msg id="62" tool="trc">
  <type>UNLOAD_MODULE</type>
  <arg>/lib/x86_64-linux-gnu/libsz.so.2</arg>
  <severity>INFO</severity>
  <timestamp>Mon Jul 28 21:54:18 2025</timestamp>
</msg>
<msg id="63" tool="trc">
  <type>UNLOAD_MODULE</type>
  <arg>/lib/x86_64-linux-gnu/libz.so.1</arg>
  <severity>INFO</severity>
  <timestamp>Mon Jul 28 21:54:18 2025</timestamp>
</msg>
<msg id="64" tool="trc">
  <type>UNLOAD_MODULE</type>
  <arg>/lib/x86_64-linux-gnu/libnghttp2.so.14</arg>
  <severity>INFO</severity>
  <timestamp>Mon Jul 28 21:54:18 2025</timestamp>
</msg>
<msg id="65" tool="trc">
  <type>UNLOAD_MODULE</type>
  <arg>/lib/x86_64-linux-gnu/libidn2.so.0</arg>
  <severity>INFO</severity>
  <timestamp>Mon Jul 28 21:54:18 2025</timestamp>
</msg>
<msg id="66" tool="trc">
  <type>UNLOAD_MODULE</type>
  <arg>/lib/x86_64-linux-gnu/librtmp.so.1</arg>
  <severity>INFO</severity>
  <timestamp>Mon Jul 28 21:54:18 2025</timestamp>
</msg>
<msg id="67" tool="trc">
  <type>UNLOAD_MODULE</type>
  <arg>/lib/x86_64-linux-gnu/libssh.so.4</arg>
  <severity>INFO</severity>
  <timestamp>Mon Jul 28 21:54:18 2025</timestamp>
</msg>
<msg id="68" tool="trc">
  <type>UNLOAD_MODULE</type>
  <arg>/lib/x86_64-linux-gnu/libpsl.so.5</arg>
  <severity>INFO</severity>
  <timestamp>Mon Jul 28 21:54:18 2025</timestamp>
</msg>
<msg id="69" tool="trc">
  <type>UNLOAD_MODULE</type>
  <arg>/lib/x86_64-linux-gnu/libssl.so.3</arg>
  <severity>INFO</severity>
  <timestamp>Mon Jul 28 21:54:18 2025</timestamp>
</msg>
<msg id="70" tool="trc">
  <type>UNLOAD_MODULE</type>
  <arg>/lib/x86_64-linux-gnu/libgssapi_krb5.so.2</arg>
  <severity>INFO</severity>
  <timestamp>Mon Jul 28 21:54:18 2025</timestamp>
</msg>
<msg id="71" tool="trc">
  <type>UNLOAD_MODULE</type>
  <arg>/lib/x86_64-linux-gnu/libldap.so.2</arg>
  <severity>INFO</severity>
  <timestamp>Mon Jul 28 21:54:18 2025</timestamp>
</msg>
<msg id="72" tool="trc">
  <type>UNLOAD_MODULE</type>
  <arg>/lib/x86_64-linux-gnu/liblber.so.2</arg>
  <severity>INFO</severity>
  <timestamp>Mon Jul 28 21:54:18 2025</timestamp>
</msg>
<msg id="73" tool="trc">
  <type>UNLOAD_MODULE</type>
  <arg>/lib/x86_64-linux-gnu/libzstd.so.1</arg>
  <severity>INFO</severity>
  <timestamp>Mon Jul 28 21:54:18 2025</timestamp>
</msg>
<msg id="74" tool="trc">
  <type>UNLOAD_MODULE</type>
  <arg>/lib/x86_64-linux-gnu/libbrotlidec.so.1</arg>
  <severity>INFO</severity>
  <timestamp>Mon Jul 28 21:54:18 2025</timestamp>
</msg>
<msg id="75" tool="trc">
  <type>UNLOAD_MODULE</type>
  <arg>/lib/x86_64-linux-gnu/libaec.so.0</arg>
  <severity>INFO</severity>
  <timestamp>Mon Jul 28 21:54:18 2025</timestamp>
</msg>
<msg id="76" tool="trc">
  <type>UNLOAD_MODULE</type>
  <arg>/lib/x86_64-linux-gnu/libunistring.so.5</arg>
  <severity>INFO</severity>
  <timestamp>Mon Jul 28 21:54:18 2025</timestamp>
</msg>
<msg id="77" tool="trc">
  <type>UNLOAD_MODULE</type>
  <arg>/lib/x86_64-linux-gnu/libgnutls.so.30</arg>
  <severity>INFO</severity>
  <timestamp>Mon Jul 28 21:54:18 2025</timestamp>
</msg>
<msg id="78" tool="trc">
  <type>UNLOAD_MODULE</type>
  <arg>/lib/x86_64-linux-gnu/libhogweed.so.6</arg>
  <severity>INFO</severity>
  <timestamp>Mon Jul 28 21:54:18 2025</timestamp>
</msg>
<msg id="79" tool="trc">
  <type>UNLOAD_MODULE</type>
  <arg>/lib/x86_64-linux-gnu/libnettle.so.8</arg>
  <severity>INFO</severity>
  <timestamp>Mon Jul 28 21:54:18 2025</timestamp>
</msg>
<msg id="80" tool="trc">
  <type>UNLOAD_MODULE</type>
  <arg>/lib/x86_64-linux-gnu/libgmp.so.10</arg>
  <severity>INFO</severity>
  <timestamp>Mon Jul 28 21:54:18 2025</timestamp>
</msg>
<msg id="81" tool="trc">
  <type>UNLOAD_MODULE</type>
  <arg>/lib/x86_64-linux-gnu/libkrb5.so.3</arg>
  <severity>INFO</severity>
  <timestamp>Mon Jul 28 21:54:18 2025</timestamp>
</msg>
<msg id="82" tool="trc">
  <type>UNLOAD_MODULE</type>
  <arg>/lib/x86_64-linux-gnu/libk5crypto.so.3</arg>
  <severity>INFO</severity>
  <timestamp>Mon Jul 28 21:54:18 2025</timestamp>
</msg>
<msg id="83" tool="trc">
  <type>UNLOAD_MODULE</type>
  <arg>/lib/x86_64-linux-gnu/libcom_err.so.2</arg>
  <severity>INFO</severity>
  <timestamp>Mon Jul 28 21:54:18 2025</timestamp>
</msg>
<msg id="84" tool="trc">
  <type>UNLOAD_MODULE</type>
  <arg>/lib/x86_64-linux-gnu/libkrb5support.so.0</arg>
  <severity>INFO</severity>
  <timestamp>Mon Jul 28 21:54:18 2025</timestamp>
</msg>
<msg id="85" tool="trc">
  <type>UNLOAD_MODULE</type>
  <arg>/lib/x86_64-linux-gnu/libsasl2.so.2</arg>
  <severity>INFO</severity>
  <timestamp>Mon Jul 28 21:54:18 2025</timestamp>
</msg>
<msg id="86" tool="trc">
  <type>UNLOAD_MODULE</type>
  <arg>/lib/x86_64-linux-gnu/libbrotlicommon.so.1</arg>
  <severity>INFO</severity>
  <timestamp>Mon Jul 28 21:54:18 2025</timestamp>
</msg>
<msg id="87" tool="trc">
  <type>UNLOAD_MODULE</type>
  <arg>/lib/x86_64-linux-gnu/libp11-kit.so.0</arg>
  <severity>INFO</severity>
  <timestamp>Mon Jul 28 21:54:18 2025</timestamp>
</msg>
<msg id="88" tool="trc">
  <type>UNLOAD_MODULE</type>
  <arg>/lib/x86_64-linux-gnu/libtasn1.so.6</arg>
  <severity>INFO</severity>
  <timestamp>Mon Jul 28 21:54:18 2025</timestamp>
</msg>
<msg id="89" tool="trc">
  <type>UNLOAD_MODULE</type>
  <arg>/lib/x86_64-linux-gnu/libkeyutils.so.1</arg>
  <severity>INFO</severity>
  <timestamp>Mon Jul 28 21:54:18 2025</timestamp>
</msg>
<msg id="90" tool="trc">
  <type>UNLOAD_MODULE</type>
  <arg>/lib/x86_64-linux-gnu/libresolv.so.2</arg>
  <severity>INFO</severity>
  <timestamp>Mon Jul 28 21:54:18 2025</timestamp>
</msg>
<msg id="91" tool="trc">
  <type>UNLOAD_MODULE</type>
  <arg>/lib/x86_64-linux-gnu/libffi.so.8</arg>
  <severity>INFO</severity>
  <timestamp>Mon Jul 28 21:54:18 2025</timestamp>
</msg>
<msg id="92" tool="trc">
  <type>UNLOAD_MODULE</type>
  <arg>/opt/intel/oneapi/advisor/2025.2/lib64/runtime/libittnotify.so</arg>
  <severity>INFO</severity>
  <timestamp>Mon Jul 28 21:54:18 2025</timestamp>
</msg>
<msg id="93" tool="trc">
  <type>UNLOAD_MODULE</type>
  <arg>/lib/x86_64-linux-gnu/libdl.so.2</arg>
  <severity>INFO</severity>
  <timestamp>Mon Jul 28 21:54:18 2025</timestamp>
</msg>
<msg id="94" tool="trc">
  <type>PROCESS_FINISH</type>
  <arg>/home/mqian01/SparseRooflineBenchmark/examples/spmm/spmm</arg>
  <arg>14244</arg>
  <arg>0x0</arg>
  <severity>INFO</severity>
  <timestamp>Mon Jul 28 21:54:18 2025</timestamp>
</msg>
<msg id="95" tool="runtool">
  <type>app-exit-code</type>
  <arg>0</arg>
</msg>
<msg id="96" tool="runtool">
  <type>marker-file</type>
  <arg>/home/mqian01/SparseRooflineBenchmark/examples/spmm/cond-mat-2003-v5/e000/trc000/trc000.advixe</arg>
</msg>
<msg id="97" tool="runtool">
  <type>collector-done</type>
</msg>
<msg id="98" tool="runtool">
  <type>log-end</type>
  <arg>2025/07/28 21:54:22</arg>
</msg>

</log>

