3 [134312162924480] INFO perfrun.launcher <> - Launcher main begin
5 [134312162924480] INFO perfrun.launcher <> - MessageCatalogInit finished
5 [134312162924480] INFO perfrun.launcher <> - Launcher instance created
5 [134312162924480] INFO perfrun.launcher <> - argc = 6; cmdline = /opt/intel/oneapi/advisor/2025.2/bin64/advixe-runss -dump-vdso -r /home/mqian01/SparseRooflineBenchmark/examples/spmm/advisor_data/e000/hs000 --tmp-dir /tmp/advixe-tmp-mqian01 
153 [134312162924480] INFO perfrun.launcher <> - create msngr2::ICliToolContext
154 [134312162924480] INFO perfrun.launcher <> - create file finder object
164 [134312001267392] INFO perfrun.launcher <> - plugin [remoteplug] was disabled because it doesn't support the given collection type.
164 [134312001267392] INFO perfrun.launcher <> - plugin [system] was disabled because it doesn't support the given collection type.
164 [134312001267392] INFO perfrun.vdso <> - dumping [vdso] pseudomodule
167 [134312001267392] INFO perfrun.launcher <> - plugin [itt] was disabled because it doesn't support the given collection type.
167 [134312001267392] INFO perfrun.launcher <> - plugin [] was disabled because it doesn't support the given collection type.
167 [134312001267392] INFO perfrun.launcher <> - plugin [gpu] was disabled because it doesn't support the given collection type.
167 [134312001267392] INFO perfrun.launcher <> - plugin [] was disabled because it doesn't support the given collection type.
167 [134312001267392] INFO perfrun.launcher <> - plugin [] was disabled because it doesn't support the given collection type.
167 [134312001267392] INFO perfrun.launcher <> - plugin [] was disabled because it doesn't support the given collection type.
167 [134312001267392] INFO perfrun.launcher <> - plugin [mrte] was disabled because it doesn't support the given collection type.
167 [134312001267392] INFO perfrun.launcher <> - plugin [] was disabled because it doesn't support the given collection type.
167 [134312001267392] INFO perfrun.launcher <> - plugin [] was disabled because it doesn't support the given collection type.
167 [134312001267392] INFO perfrun.launcher <> - plugin [] was disabled because it doesn't support the given collection type.
167 [134312001267392] INFO perfrun.launcher <> - plugin [] was disabled because it doesn't support the given collection type.
167 [134312001267392] INFO perfrun.launcher <> - plugin [] was disabled because it doesn't support the given collection type.
167 [134312001267392] INFO perfrun.launcher <> - plugin [] was disabled because it doesn't support the given collection type.
167 [134312001267392] INFO perfrun.launcher <> - plugin [] was disabled because it doesn't support the given collection type.
167 [134312001267392] INFO perfrun.launcher <> - plugin [tpss] was disabled because it doesn't support the given collection type.
167 [134312001267392] INFO perfrun.launcher <> - plugin [] was disabled because it doesn't support the given collection type.
167 [134312001267392] INFO perfrun.launcher <> - plugin [] was disabled because it doesn't support the given collection type.
167 [134312001267392] INFO perfrun.launcher <> - plugin [] was disabled because it doesn't support the given collection type.
167 [134312001267392] INFO perfrun.launcher <> - plugin [] was disabled because it doesn't support the given collection type.
167 [134312001267392] INFO perfrun.launcher <> - plugin [] was disabled because it doesn't support the given collection type.
167 [134312001267392] INFO perfrun.launcher <> - plugin [] was disabled because it doesn't support the given collection type.
167 [134312001267392] INFO perfrun.launcher <> - plugin [] was disabled because it doesn't support the given collection type.
167 [134312001267392] INFO perfrun.launcher <> - plugin [] was disabled because it doesn't support the given collection type.
168 [134312001267392] INFO perfrun.launcher <> - plugin [] was disabled because it doesn't support the given collection type.
168 [134312001267392] INFO perfrun.launcher <> - plugin [] was disabled because it doesn't support the given collection type.
169 [134312162924480] INFO perfrun.launcher <> - Application exit code: 0
169 [134312162924480] INFO perfrun.launcher <> - Exit code: 0
