3 [134127749892032] INFO perfrun.launcher <> - Launcher main begin
6 [134127749892032] INFO perfrun.launcher <> - MessageCatalogInit finished
6 [134127749892032] INFO perfrun.launcher <> - Launcher instance created
6 [134127749892032] INFO perfrun.launcher <> - argc = 7; cmdline = /opt/intel/oneapi/advisor/2025.2/bin64/advixe-runss --ui-output-format xml --ui-output-fd 6 --option-file /home/mqian01/SparseRooflineBenchmark/examples/spmm/advisor_data/e000/hs000/config/runss.options 
144 [134127749892032] INFO perfrun.launcher <> - create msngr2::ICliToolContext
145 [134127749892032] INFO perfrun.launcher <> - create file finder object
146 [134127749892032] INFO perfrun.launcher <> - create a result directory: pattern = /home/mqian01/SparseRooflineBenchmark/examples/spmm/advisor_data/e000/hs000 pid = 4294967295
151 [134127749892032] INFO perfrun.sdk <> - checked that the directory /home/mqian01/SparseRooflineBenchmark/examples/spmm/advisor_data/e000/hs000 is a local directory
151 [134127749892032] INFO perfrun.sdk <> - the directory /home/mqian01/SparseRooflineBenchmark/examples/spmm/advisor_data/e000/hs000 is a local directory with FS type ID 61267
151 [134127749892032] INFO perfrun.launcher <> - create data directory = /home/mqian01/SparseRooflineBenchmark/examples/spmm/advisor_data/e000/hs000/data.0
152 [134127749892032] INFO perfrun.launcher <> - Creating the master collection flag
155 [134127749892032] INFO perfrun.launcher <> - Done creating the master collection flag
162 [134127588206272] INFO perfrun.launcher <> - plugin [remoteplug] was disabled because it doesn't support the given collection type.
164 [134127588206272] INFO perfrun.sdk <> - Allocating TMU :/home/mqian01/SparseRooflineBenchmark/examples/spmm/advisor_data/e000/hs000/data.0/systemcollector-18107-mqian01.sc
164 [134127588206272] INFO perfrun.launcher <> - plugin [] was disabled because it doesn't support the given collection type.
164 [134127588206272] INFO perfrun.launcher <> - plugin [gpu] was disabled because it doesn't support the given collection type.
164 [134127588206272] INFO perfrun.launcher <> - plugin [] was disabled because it doesn't support the given collection type.
164 [134127588206272] INFO perfrun.launcher <> - plugin [] was disabled because it doesn't support the given collection type.
164 [134127588206272] INFO perfrun.launcher <> - plugin [] was disabled because it doesn't support the given collection type.
164 [134127588206272] INFO perfrun.mrte <> - system-wide mode is 0
165 [134127588206272] INFO perfrun.mrte <> - Getting  mrte profiling environment ...
184 [134127588206272] INFO perfrun.mrte <> - INTEL_MRTE_DATA_DIR=/home/mqian01/SparseRooflineBenchmark/examples/spmm/advisor_data/e000/hs000/data.0
184 [134127588206272] INFO perfrun.mrte <> - INTEL_MRTE_HOST_NAME=mqian01
184 [134127588206272] INFO perfrun.mrte <> - JAVA_TOOL_OPTIONS=-agentlib:advixe_samplingmrte_javaprof_1.0 -Dsun.boot.library.path=/opt/intel/oneapi/advisor/2025.2/lib32/runtime:/opt/intel/oneapi/advisor/2025.2/lib64/runtime
184 [134127588206272] INFO perfrun.mrte <> - LD_LIBRARY_PATH=/opt/intel/oneapi/advisor/2025.2/lib32/runtime:/opt/intel/oneapi/advisor/2025.2/lib64/runtime:/opt/intel/oneapi/tcm/1.4/lib:/opt/intel/oneapi/umf/0.11/lib:/opt/intel/oneapi/tbb/2022.2/env/../lib/intel64/gcc4.8:/opt/intel/oneapi/pti/0.12/lib:/opt/intel/oneapi/mpi/2021.16/opt/mpi/libfabric/lib:/opt/intel/oneapi/mpi/2021.16/lib:/opt/intel/oneapi/mkl/2025.2/lib:/opt/intel/oneapi/ippcp/2025.2/lib/:/opt/intel/oneapi/ipp/2022.2/lib:/opt/intel/oneapi/dnnl/2025.2/lib:/opt/intel/oneapi/debugger/2025.2/opt/debugger/lib:/opt/intel/oneapi/dal/2025.6/lib:/opt/intel/oneapi/compiler/2025.2/opt/compiler/lib:/opt/intel/oneapi/compiler/2025.2/lib:/opt/intel/oneapi/ccl/2021.16/lib/
185 [134127588206272] INFO perfrun.mrte <> - Data directory: /home/mqian01/SparseRooflineBenchmark/examples/spmm/advisor_data/e000/hs000/data.0
185 [134127588206272] INFO perfrun.mrte <> - Mrte plugin is initialized
185 [134127588206272] INFO perfrun.launcher <> - plugin [] was disabled because it doesn't support the given collection type.
185 [134127588206272] INFO perfrun.launcher <> - plugin [] was disabled because it doesn't support the given collection type.
185 [134127588206272] INFO perfrun.launcher <> - plugin [] was disabled because it doesn't support the given collection type.
185 [134127588206272] INFO perfrun.launcher <> - plugin [] was disabled because it doesn't support the given collection type.
185 [134127588206272] INFO perfrun.launcher <> - plugin [] was disabled because it doesn't support the given collection type.
185 [134127588206272] INFO perfrun.launcher <> - plugin [] was disabled because it doesn't support the given collection type.
185 [134127588206272] INFO perfrun.launcher <> - plugin [] was disabled because it doesn't support the given collection type.
185 [134127588206272] INFO perfrun.tpss <> - initialize tpss controller
185 [134127588206272] INFO perfrun.tpss <> - configure collection mode: value = cpu:stack
185 [134127588206272] INFO perfrun.tpss <> - default obj-size-min=1024
185 [134127588206272] INFO perfrun.tpss <> - default hash-table-size=0
185 [134127588206272] INFO perfrun.launcher <> - plugin [] was disabled because it doesn't support the given collection type.
185 [134127588206272] INFO perfrun.launcher <> - plugin [] was disabled because it doesn't support the given collection type.
185 [134127588206272] INFO perfrun.launcher <> - plugin [] was disabled because it doesn't support the given collection type.
186 [134127588206272] INFO perfrun.launcher <> - plugin [] was disabled because it doesn't support the given collection type.
186 [134127588206272] INFO perfrun.launcher <> - plugin [] was disabled because it doesn't support the given collection type.
187 [134127588206272] INFO perfrun.launcher <> - plugin [] was disabled because it doesn't support the given collection type.
187 [134127588206272] INFO perfrun.launcher <> - plugin [] was disabled because it doesn't support the given collection type.
187 [134127588206272] INFO perfrun.launcher <> - plugin [] was disabled because it doesn't support the given collection type.
187 [134127588206272] INFO perfrun.launcher <> - plugin [] was disabled because it doesn't support the given collection type.
187 [134127588206272] INFO perfrun.launcher <> - plugin [] was disabled because it doesn't support the given collection type.
189 [134127749892032] INFO perfrun.launcher <> - set environment variable: LD_LIBRARY_PATH = /opt/intel/oneapi/advisor/2025.2/lib32/runtime:/opt/intel/oneapi/advisor/2025.2/lib64/runtime:/opt/intel/oneapi/tcm/1.4/lib:/opt/intel/oneapi/umf/0.11/lib:/opt/intel/oneapi/tbb/2022.2/env/../lib/intel64/gcc4.8:/opt/intel/oneapi/pti/0.12/lib:/opt/intel/oneapi/mpi/2021.16/opt/mpi/libfabric/lib:/opt/intel/oneapi/mpi/2021.16/lib:/opt/intel/oneapi/mkl/2025.2/lib:/opt/intel/oneapi/ippcp/2025.2/lib/:/opt/intel/oneapi/ipp/2022.2/lib:/opt/intel/oneapi/dnnl/2025.2/lib:/opt/intel/oneapi/debugger/2025.2/opt/debugger/lib:/opt/intel/oneapi/dal/2025.6/lib:/opt/intel/oneapi/compiler/2025.2/opt/compiler/lib:/opt/intel/oneapi/compiler/2025.2/lib:/opt/intel/oneapi/ccl/2021.16/lib/
190 [134127749892032] INFO perfrun.launcher <> - set environment variable: INTEL_LIBITTNOTIFY32 = /opt/intel/oneapi/advisor/2025.2/lib32/runtime/libittnotify_collector.so
191 [134127749892032] INFO perfrun.launcher <> - set environment variable: INTEL_LIBITTNOTIFY64 = /opt/intel/oneapi/advisor/2025.2/lib64/runtime/libittnotify_collector.so
192 [134127749892032] INFO perfrun.launcher <> - set environment variable: INTEL_ITTNOTIFY_GROUPS = 
193 [134127749892032] INFO perfrun.launcher <> - set environment variable: INTEL_JIT_PROFILER32 = /opt/intel/oneapi/advisor/2025.2/lib32/runtime/libittnotify_collector.so
194 [134127749892032] INFO perfrun.launcher <> - set environment variable: INTEL_JIT_PROFILER64 = /opt/intel/oneapi/advisor/2025.2/lib64/runtime/libittnotify_collector.so
195 [134127749892032] INFO perfrun.launcher <> - set environment variable: CCL_ITT_LEVEL = 1
196 [134127749892032] INFO perfrun.launcher <> - set environment variable: ENABLE_JITPROFILING = 1
197 [134127749892032] INFO perfrun.launcher <> - set environment variable: CL_CONFIG_USE_VTUNE = True
198 [134127749892032] INFO perfrun.launcher <> - set environment variable: KMP_FORKJOIN_FRAMES = 0
199 [134127749892032] INFO perfrun.launcher <> - set environment variable: KMP_FORKJOIN_FRAMES_MODE = 0
200 [134127749892032] INFO perfrun.launcher <> - set environment variable: INTEL_MRTE_DATA_DIR = /home/mqian01/SparseRooflineBenchmark/examples/spmm/advisor_data/e000/hs000/data.0
201 [134127749892032] INFO perfrun.launcher <> - set environment variable: INTEL_MRTE_HOST_NAME = mqian01
201 [134127749892032] INFO perfrun.launcher <> - set environment variable: JAVA_TOOL_OPTIONS = -agentlib:advixe_samplingmrte_javaprof_1.0 -Dsun.boot.library.path=/opt/intel/oneapi/advisor/2025.2/lib32/runtime:/opt/intel/oneapi/advisor/2025.2/lib64/runtime
203 [134127749892032] INFO perfrun.launcher <> - set environment variable: LD_LIBRARY_PATH = /opt/intel/oneapi/advisor/2025.2/lib32/runtime:/opt/intel/oneapi/advisor/2025.2/lib64/runtime:/opt/intel/oneapi/tcm/1.4/lib:/opt/intel/oneapi/umf/0.11/lib:/opt/intel/oneapi/tbb/2022.2/env/../lib/intel64/gcc4.8:/opt/intel/oneapi/pti/0.12/lib:/opt/intel/oneapi/mpi/2021.16/opt/mpi/libfabric/lib:/opt/intel/oneapi/mpi/2021.16/lib:/opt/intel/oneapi/mkl/2025.2/lib:/opt/intel/oneapi/ippcp/2025.2/lib/:/opt/intel/oneapi/ipp/2022.2/lib:/opt/intel/oneapi/dnnl/2025.2/lib:/opt/intel/oneapi/debugger/2025.2/opt/debugger/lib:/opt/intel/oneapi/dal/2025.6/lib:/opt/intel/oneapi/compiler/2025.2/opt/compiler/lib:/opt/intel/oneapi/compiler/2025.2/lib:/opt/intel/oneapi/ccl/2021.16/lib/
204 [134127749892032] INFO perfrun.launcher <> - RpcServer: run RPC server to handle requests
205 [134127749892032] INFO perfrun.launcher <> - Launcher: command line to start before modification = ./spmm -i data/cond-mat-2003.mtx -o results
206 [134127749892032] INFO perfrun.launcher <> - Launcher: command line to start after modification = /opt/intel/oneapi/advisor/2025.2/bin64/pin -error_file /home/mqian01/SparseRooflineBenchmark/examples/spmm/advisor_data/e000/hs000/data.0/pinerr.tpsslog -detach_reattach -follow_execv -tool_load_option deepbind -t64 /opt/intel/oneapi/advisor/2025.2/lib64/libtpsstool.so -t /opt/intel/oneapi/advisor/2025.2/lib32/libtpsstool.so -server_name tpss_ipc.18107 -prd_dir /opt/intel/oneapi/advisor/2025.2 -- ./spmm -i data/cond-mat-2003.mtx -o results
206 [134127749892032] INFO perfrun.launcher <> - ProcessCreator object was created
208 [134127749892032] INFO perfrun.launcher <> - Launcher: the process was started in suspend mode
217 [134127588206272] WARN perfrun.system <> - Could not do anything with /sys/kernel/debug/kvm: boost::filesystem::status: Permission denied [system:13]: "/sys/kernel/debug/kvm", at file: vcs/perfrun1/plugins/system/src/trace_writer.cpp:787
217 [134127588206272] WARN perfrun.system <> - Folder "/var/run/libvirt/qemu/"doesn't exist, at file: vcs/perfrun1/plugins/system/src/trace_writer.cpp:800
225 [134127588206272] WARN perfrun.sdk <> - Failed to find xl binary on any of the system paths: /bin, /sbin, /usr/bin, /usr/sbin., at file: vcs/perfrun1/sdk/src/utils.cpp:205
228 [134127588206272] WARN perfrun.system <> - Only 44 usec accuracy achieved for reference point, at file: vcs/perfrun1/plugins/system/src/trace_writer.cpp:320
245 [134127588206272] INFO perfrun.vdso <> - Helper runtool '/opt/intel/oneapi/advisor/2025.2/bin32/advixe-runss -dump-vdso -r /home/mqian01/SparseRooflineBenchmark/examples/spmm/advisor_data/e000/hs000 --tmp-dir /tmp/advixe-tmp-mqian01' returned 1
460 [134127588206272] INFO perfrun.vdso <> - Helper runtool '/opt/intel/oneapi/advisor/2025.2/bin64/advixe-runss -dump-vdso -r /home/mqian01/SparseRooflineBenchmark/examples/spmm/advisor_data/e000/hs000 --tmp-dir /tmp/advixe-tmp-mqian01' returned 0
460 [134127588206272] INFO perfrun.itt <> - start itt controller for pid #18112
462 [134127588206272] INFO perfrun.tpss <> - start tpss controller for pid #18112
514 [134127749892032] INFO perfrun.launcher <> - Launcher: all plugins were started
514 [134127749892032] INFO perfrun.launcher <> - DirectoryMonitor object was created
515 [134127749892032] INFO perfrun.launcher <> - DirectoryMonitor: a callback was added
515 [134127749892032] INFO perfrun.launcher <> - DirectoryMonitor was started with pingTime = 1000
515 [134127749892032] INFO perfrun.launcher <> - DeadlineTimer is going to be constructed
515 [134127749892032] INFO perfrun.launcher <> - DeadlineTimer: a callback was added
521 [134127749892032] INFO perfrun.launcher <> - Launcher: resume the profiled application and  wait its termination or stop command
5612 [134127749892032] INFO perfrun.launcher <> - Launcher: the profiled application was terminated  with exit code = 0
5618 [134127588206272] WARN perfrun.system <> - Only 36 usec accuracy achieved for reference point, at file: vcs/perfrun1/plugins/system/src/trace_writer.cpp:320
5632 [134127588206272] INFO perfrun.itt <> - detach itt controller
5632 [134127588206272] INFO perfrun.itt <> - detach itt controller done
5632 [134127588206272] INFO perfrun.tpss <> - stop tpss controller
5634 [134127588206272] INFO perfrun.sdk <> - De-allocating TMU: /home/mqian01/SparseRooflineBenchmark/examples/spmm/advisor_data/e000/hs000/data.0/systemcollector-18107-mqian01.sc
5634 [134127588206272] INFO perfrun.system <> - closed the system trace file: /home/mqian01/SparseRooflineBenchmark/examples/spmm/advisor_data/e000/hs000/data.0/systemcollector-18107-mqian01.sc
5636 [134127749892032] INFO perfrun.launcher <> - Launcher: all plugins were stopped.
5636 [134127749892032] INFO perfrun.launcher <> - DeadlineTimer is going to be destroyed
5637 [134127749892032] INFO perfrun.launcher <> - DeadlineTimer was destroyed
5637 [134127749892032] INFO perfrun.launcher <> - DirectoryMonitor object was destroyed
5638 [134127749892032] WARN perfrun.launcher <> - Stop command is ignored because it is received when collection is already stopped, at file: vcs/perfrun1/launcher/src/command_handler.cpp:226
5640 [134127749892032] INFO perfrun.launcher <> - Application exit code: 0
5640 [134127749892032] INFO perfrun.launcher <> - Exit code: 0
