<?xml version="1.0" encoding="utf-8"?>
<log version="1.0" tool="runtool">

<msg id="1" tool="runtool">
  <type>log-start</type>
  <arg>2025/07/31 03:13:20</arg>
</msg>
<msg id="2" tool="runtool">
  <type>bandwidth-measurement-starts</type>
</msg>
<msg id="3" tool="runtool">
  <type>bandwidth-measurement-done</type>
</msg>
<msg id="4" tool="runtool">
  <type>collector-starts</type>
</msg>
<msg id="5" tool="runtool">
  <type>marker-file</type>
  <arg>/home/mqian01/SparseRooflineBenchmark/examples/spmm/5M-v5/e000/trc000/trc000.advixe</arg>
</msg>
<msg id="6" tool="trc">
  <type>PROCESS_START</type>
  <arg>/home/mqian01/SparseRooflineBenchmark/examples/spmm/spmm</arg>
  <arg>11300</arg>
  <severity>INFO</severity>
  <timestamp>Thu Jul 31 03:13:34 2025</timestamp>
</msg>
<msg id="7" tool="trc">
  <type>PROCESS_ANALYSIS_MODE</type>
  <arg>full</arg>
  <severity>INFO</severity>
  <timestamp>Thu Jul 31 03:13:34 2025</timestamp>
</msg>
<msg id="8" tool="trc">
  <type>LOAD_MODULE</type>
  <arg>/home/mqian01/SparseRooflineBenchmark/examples/spmm/spmm</arg>
  <arg>0x400000</arg>
  <arg>0x4517cf</arg>
  <arg>yes</arg>
  <severity>INFO</severity>
  <timestamp>Thu Jul 31 03:13:34 2025</timestamp>
</msg>
<msg id="9" tool="trc">
  <type>LOAD_MODULE</type>
  <arg>/lib64/ld-linux-x86-64.so.2</arg>
  <arg>0x7d571752d000</arg>
  <arg>0x7d57175662d7</arg>
  <arg>no</arg>
  <severity>INFO</severity>
  <timestamp>Thu Jul 31 03:13:34 2025</timestamp>
</msg>
<msg id="10" tool="trc">
  <type>LOAD_MODULE</type>
  <arg>[vdso]</arg>
  <arg>0x7ffdc43e4000</arg>
  <arg>0x7ffdc43e50aa</arg>
  <arg>no</arg>
  <severity>INFO</severity>
  <timestamp>Thu Jul 31 03:13:34 2025</timestamp>
</msg>
<msg id="11" tool="trc">
  <type>LOAD_MODULE</type>
  <arg>/lib/x86_64-linux-gnu/libhdf5_serial.so.103</arg>
  <arg>0x7d5701600000</arg>
  <arg>0x7d5701973db7</arg>
  <arg>no</arg>
  <severity>INFO</severity>
  <timestamp>Thu Jul 31 03:13:34 2025</timestamp>
</msg>
<msg id="12" tool="trc">
  <type>LOAD_MODULE</type>
  <arg>/lib/x86_64-linux-gnu/libcjson.so.1</arg>
  <arg>0x7d570197c000</arg>
  <arg>0x7d570198505f</arg>
  <arg>no</arg>
  <severity>INFO</severity>
  <timestamp>Thu Jul 31 03:13:34 2025</timestamp>
</msg>
<msg id="13" tool="trc">
  <type>LOAD_MODULE</type>
  <arg>/lib/x86_64-linux-gnu/libstdc++.so.6</arg>
  <arg>0x7d5701200000</arg>
  <arg>0x7d570147d13f</arg>
  <arg>no</arg>
  <severity>INFO</severity>
  <timestamp>Thu Jul 31 03:13:35 2025</timestamp>
</msg>
<msg id="14" tool="trc">
  <type>LOAD_MODULE</type>
  <arg>/lib/x86_64-linux-gnu/libm.so.6</arg>
  <arg>0x7d57014c4000</arg>
  <arg>0x7d57015ac017</arg>
  <arg>no</arg>
  <severity>INFO</severity>
  <timestamp>Thu Jul 31 03:13:35 2025</timestamp>
</msg>
<msg id="15" tool="trc">
  <type>LOAD_MODULE</type>
  <arg>/lib/x86_64-linux-gnu/libgcc_s.so.1</arg>
  <arg>0x7d5701496000</arg>
  <arg>0x7d57014c33a7</arg>
  <arg>no</arg>
  <severity>INFO</severity>
  <timestamp>Thu Jul 31 03:13:35 2025</timestamp>
</msg>
<msg id="16" tool="trc">
  <type>LOAD_MODULE</type>
  <arg>/lib/x86_64-linux-gnu/libc.so.6</arg>
  <arg>0x7d5700e00000</arg>
  <arg>0x7d5701011d8f</arg>
  <arg>no</arg>
  <severity>INFO</severity>
  <timestamp>Thu Jul 31 03:13:35 2025</timestamp>
</msg>
<msg id="17" tool="trc">
  <type>LOAD_MODULE</type>
  <arg>/lib/x86_64-linux-gnu/libcrypto.so.3</arg>
  <arg>0x7d5700800000</arg>
  <arg>0x7d5700d12bcf</arg>
  <arg>no</arg>
  <severity>INFO</severity>
  <timestamp>Thu Jul 31 03:13:35 2025</timestamp>
</msg>
<msg id="18" tool="trc">
  <type>LOAD_MODULE</type>
  <arg>/lib/x86_64-linux-gnu/libcurl.so.4</arg>
  <arg>0x7d57010fd000</arg>
  <arg>0x7d57011bdbcf</arg>
  <arg>no</arg>
  <severity>INFO</severity>
  <timestamp>Thu Jul 31 03:13:35 2025</timestamp>
</msg>
<msg id="19" tool="trc">
  <type>LOAD_MODULE</type>
  <arg>/lib/x86_64-linux-gnu/libsz.so.2</arg>
  <arg>0x7d57010f8000</arg>
  <arg>0x7d57010fc00f</arg>
  <arg>no</arg>
  <severity>INFO</severity>
  <timestamp>Thu Jul 31 03:13:35 2025</timestamp>
</msg>
<msg id="20" tool="trc">
  <type>LOAD_MODULE</type>
  <arg>/lib/x86_64-linux-gnu/libz.so.1</arg>
  <arg>0x7d57010dc000</arg>
  <arg>0x7d57010f7097</arg>
  <arg>no</arg>
  <severity>INFO</severity>
  <timestamp>Thu Jul 31 03:13:35 2025</timestamp>
</msg>
<msg id="21" tool="trc">
  <type>LOAD_MODULE</type>
  <arg>/lib/x86_64-linux-gnu/libnghttp2.so.14</arg>
  <arg>0x7d5701080000</arg>
  <arg>0x7d57010aa0ef</arg>
  <arg>no</arg>
  <severity>INFO</severity>
  <timestamp>Thu Jul 31 03:13:35 2025</timestamp>
</msg>
<msg id="22" tool="trc">
  <type>LOAD_MODULE</type>
  <arg>/lib/x86_64-linux-gnu/libidn2.so.0</arg>
  <arg>0x7d570105e000</arg>
  <arg>0x7d570107f00f</arg>
  <arg>no</arg>
  <severity>INFO</severity>
  <timestamp>Thu Jul 31 03:13:35 2025</timestamp>
</msg>
<msg id="23" tool="trc">
  <type>LOAD_MODULE</type>
  <arg>/lib/x86_64-linux-gnu/librtmp.so.1</arg>
  <arg>0x7d5701040000</arg>
  <arg>0x7d570105d39f</arg>
  <arg>no</arg>
  <severity>INFO</severity>
  <timestamp>Thu Jul 31 03:13:35 2025</timestamp>
</msg>
<msg id="24" tool="trc">
  <type>LOAD_MODULE</type>
  <arg>/lib/x86_64-linux-gnu/libssh.so.4</arg>
  <arg>0x7d5700d8f000</arg>
  <arg>0x7d5700dff60f</arg>
  <arg>no</arg>
  <severity>INFO</severity>
  <timestamp>Thu Jul 31 03:13:35 2025</timestamp>
</msg>
<msg id="25" tool="trc">
  <type>LOAD_MODULE</type>
  <arg>/lib/x86_64-linux-gnu/libpsl.so.5</arg>
  <arg>0x7d570102c000</arg>
  <arg>0x7d570103f00f</arg>
  <arg>no</arg>
  <severity>INFO</severity>
  <timestamp>Thu Jul 31 03:13:35 2025</timestamp>
</msg>
<msg id="26" tool="trc">
  <type>LOAD_MODULE</type>
  <arg>/lib/x86_64-linux-gnu/libssl.so.3</arg>
  <arg>0x7d5700756000</arg>
  <arg>0x7d57007ff86f</arg>
  <arg>no</arg>
  <severity>INFO</severity>
  <timestamp>Thu Jul 31 03:13:35 2025</timestamp>
</msg>
<msg id="27" tool="trc">
  <type>LOAD_MODULE</type>
  <arg>/lib/x86_64-linux-gnu/libgssapi_krb5.so.2</arg>
  <arg>0x7d5700d1a000</arg>
  <arg>0x7d5700d6d457</arg>
  <arg>no</arg>
  <severity>INFO</severity>
  <timestamp>Thu Jul 31 03:13:35 2025</timestamp>
</msg>
<msg id="28" tool="trc">
  <type>LOAD_MODULE</type>
  <arg>/lib/x86_64-linux-gnu/libldap.so.2</arg>
  <arg>0x7d57006f9000</arg>
  <arg>0x7d5700755b47</arg>
  <arg>no</arg>
  <severity>INFO</severity>
  <timestamp>Thu Jul 31 03:13:35 2025</timestamp>
</msg>
<msg id="29" tool="trc">
  <type>LOAD_MODULE</type>
  <arg>/lib/x86_64-linux-gnu/liblber.so.2</arg>
  <arg>0x7d570101c000</arg>
  <arg>0x7d570102b1a7</arg>
  <arg>no</arg>
  <severity>INFO</severity>
  <timestamp>Thu Jul 31 03:13:35 2025</timestamp>
</msg>
<msg id="30" tool="trc">
  <type>LOAD_MODULE</type>
  <arg>/lib/x86_64-linux-gnu/libzstd.so.1</arg>
  <arg>0x7d570063f000</arg>
  <arg>0x7d57006f8037</arg>
  <arg>no</arg>
  <severity>INFO</severity>
  <timestamp>Thu Jul 31 03:13:35 2025</timestamp>
</msg>
<msg id="31" tool="trc">
  <type>LOAD_MODULE</type>
  <arg>/lib/x86_64-linux-gnu/libbrotlidec.so.1</arg>
  <arg>0x7d5700631000</arg>
  <arg>0x7d570063e067</arg>
  <arg>no</arg>
  <severity>INFO</severity>
  <timestamp>Thu Jul 31 03:13:35 2025</timestamp>
</msg>
<msg id="32" tool="trc">
  <type>LOAD_MODULE</type>
  <arg>/lib/x86_64-linux-gnu/libaec.so.0</arg>
  <arg>0x7d5701013000</arg>
  <arg>0x7d570101b00f</arg>
  <arg>no</arg>
  <severity>INFO</severity>
  <timestamp>Thu Jul 31 03:13:35 2025</timestamp>
</msg>
<msg id="33" tool="trc">
  <type>LOAD_MODULE</type>
  <arg>/lib/x86_64-linux-gnu/libunistring.so.5</arg>
  <arg>0x7d5700463000</arg>
  <arg>0x7d570060f8e7</arg>
  <arg>no</arg>
  <severity>INFO</severity>
  <timestamp>Thu Jul 31 03:13:35 2025</timestamp>
</msg>
<msg id="34" tool="trc">
  <type>LOAD_MODULE</type>
  <arg>/lib/x86_64-linux-gnu/libgnutls.so.30</arg>
  <arg>0x7d5700269000</arg>
  <arg>0x7d5700462d1f</arg>
  <arg>no</arg>
  <severity>INFO</severity>
  <timestamp>Thu Jul 31 03:13:35 2025</timestamp>
</msg>
<msg id="35" tool="trc">
  <type>LOAD_MODULE</type>
  <arg>/lib/x86_64-linux-gnu/libhogweed.so.6</arg>
  <arg>0x7d5700221000</arg>
  <arg>0x7d570026800f</arg>
  <arg>no</arg>
  <severity>INFO</severity>
  <timestamp>Thu Jul 31 03:13:35 2025</timestamp>
</msg>
<msg id="36" tool="trc">
  <type>LOAD_MODULE</type>
  <arg>/lib/x86_64-linux-gnu/libnettle.so.8</arg>
  <arg>0x7d57001cc000</arg>
  <arg>0x7d570022007f</arg>
  <arg>no</arg>
  <severity>INFO</severity>
  <timestamp>Thu Jul 31 03:13:35 2025</timestamp>
</msg>
<msg id="37" tool="trc">
  <type>LOAD_MODULE</type>
  <arg>/lib/x86_64-linux-gnu/libgmp.so.10</arg>
  <arg>0x7d5700148000</arg>
  <arg>0x7d57001cb1ef</arg>
  <arg>no</arg>
  <severity>INFO</severity>
  <timestamp>Thu Jul 31 03:13:35 2025</timestamp>
</msg>
<msg id="38" tool="trc">
  <type>LOAD_MODULE</type>
  <arg>/lib/x86_64-linux-gnu/libkrb5.so.3</arg>
  <arg>0x7d570007f000</arg>
  <arg>0x7d5700147b0f</arg>
  <arg>no</arg>
  <severity>INFO</severity>
  <timestamp>Thu Jul 31 03:13:35 2025</timestamp>
</msg>
<msg id="39" tool="trc">
  <type>LOAD_MODULE</type>
  <arg>/lib/x86_64-linux-gnu/libk5crypto.so.3</arg>
  <arg>0x7d5700053000</arg>
  <arg>0x7d570007e107</arg>
  <arg>no</arg>
  <severity>INFO</severity>
  <timestamp>Thu Jul 31 03:13:35 2025</timestamp>
</msg>
<msg id="40" tool="trc">
  <type>LOAD_MODULE</type>
  <arg>/lib/x86_64-linux-gnu/libcom_err.so.2</arg>
  <arg>0x7d5700d14000</arg>
  <arg>0x7d5700d19047</arg>
  <arg>no</arg>
  <severity>INFO</severity>
  <timestamp>Thu Jul 31 03:13:35 2025</timestamp>
</msg>
<msg id="41" tool="trc">
  <type>LOAD_MODULE</type>
  <arg>/lib/x86_64-linux-gnu/libkrb5support.so.0</arg>
  <arg>0x7d5700044000</arg>
  <arg>0x7d57000503cf</arg>
  <arg>no</arg>
  <severity>INFO</severity>
  <timestamp>Thu Jul 31 03:13:35 2025</timestamp>
</msg>
<msg id="42" tool="trc">
  <type>LOAD_MODULE</type>
  <arg>/lib/x86_64-linux-gnu/libsasl2.so.2</arg>
  <arg>0x7d570002a000</arg>
  <arg>0x7d570004339f</arg>
  <arg>no</arg>
  <severity>INFO</severity>
  <timestamp>Thu Jul 31 03:13:35 2025</timestamp>
</msg>
<msg id="43" tool="trc">
  <type>LOAD_MODULE</type>
  <arg>/lib/x86_64-linux-gnu/libbrotlicommon.so.1</arg>
  <arg>0x7d5700007000</arg>
  <arg>0x7d5700029027</arg>
  <arg>no</arg>
  <severity>INFO</severity>
  <timestamp>Thu Jul 31 03:13:35 2025</timestamp>
</msg>
<msg id="44" tool="trc">
  <type>LOAD_MODULE</type>
  <arg>/lib/x86_64-linux-gnu/libp11-kit.so.0</arg>
  <arg>0x7d56ffe63000</arg>
  <arg>0x7d5700006687</arg>
  <arg>no</arg>
  <severity>INFO</severity>
  <timestamp>Thu Jul 31 03:13:35 2025</timestamp>
</msg>
<msg id="45" tool="trc">
  <type>LOAD_MODULE</type>
  <arg>/lib/x86_64-linux-gnu/libtasn1.so.6</arg>
  <arg>0x7d56ffe4d000</arg>
  <arg>0x7d56ffe62227</arg>
  <arg>no</arg>
  <severity>INFO</severity>
  <timestamp>Thu Jul 31 03:13:35 2025</timestamp>
</msg>
<msg id="46" tool="trc">
  <type>LOAD_MODULE</type>
  <arg>/lib/x86_64-linux-gnu/libkeyutils.so.1</arg>
  <arg>0x7d56ffe44000</arg>
  <arg>0x7d56ffe4a00f</arg>
  <arg>no</arg>
  <severity>INFO</severity>
  <timestamp>Thu Jul 31 03:13:35 2025</timestamp>
</msg>
<msg id="47" tool="trc">
  <type>LOAD_MODULE</type>
  <arg>/lib/x86_64-linux-gnu/libresolv.so.2</arg>
  <arg>0x7d56ffe31000</arg>
  <arg>0x7d56ffe43887</arg>
  <arg>no</arg>
  <severity>INFO</severity>
  <timestamp>Thu Jul 31 03:13:35 2025</timestamp>
</msg>
<msg id="48" tool="trc">
  <type>LOAD_MODULE</type>
  <arg>/lib/x86_64-linux-gnu/libffi.so.8</arg>
  <arg>0x7d56ffe25000</arg>
  <arg>0x7d56ffe3060f</arg>
  <arg>no</arg>
  <severity>INFO</severity>
  <timestamp>Thu Jul 31 03:13:35 2025</timestamp>
</msg>
<msg id="49" tool="trc">
  <type>LOAD_MODULE</type>
  <arg>/opt/intel/oneapi/advisor/2025.2/lib64/runtime/libittnotify.so</arg>
  <arg>0x7d56f9800000</arg>
  <arg>0x7d56f9a190af</arg>
  <arg>no</arg>
  <severity>INFO</severity>
  <timestamp>Thu Jul 31 03:14:04 2025</timestamp>
</msg>
<msg id="50" tool="trc">
  <type>LOAD_MODULE</type>
  <arg>/lib/x86_64-linux-gnu/libdl.so.2</arg>
  <arg>0x7d56f972b000</arg>
  <arg>0x7d56f972f00f</arg>
  <arg>no</arg>
  <severity>INFO</severity>
  <timestamp>Thu Jul 31 03:14:04 2025</timestamp>
</msg>
<msg id="51" tool="trc">
  <type>UNLOAD_MODULE</type>
  <arg>/home/mqian01/SparseRooflineBenchmark/examples/spmm/spmm</arg>
  <severity>INFO</severity>
  <timestamp>Thu Jul 31 03:14:14 2025</timestamp>
</msg>
<msg id="52" tool="trc">
  <type>UNLOAD_MODULE</type>
  <arg>/lib64/ld-linux-x86-64.so.2</arg>
  <severity>INFO</severity>
  <timestamp>Thu Jul 31 03:14:14 2025</timestamp>
</msg>
<msg id="53" tool="trc">
  <type>UNLOAD_MODULE</type>
  <arg>[vdso]</arg>
  <severity>INFO</severity>
  <timestamp>Thu Jul 31 03:14:14 2025</timestamp>
</msg>
<msg id="54" tool="trc">
  <type>UNLOAD_MODULE</type>
  <arg>/lib/x86_64-linux-gnu/libhdf5_serial.so.103</arg>
  <severity>INFO</severity>
  <timestamp>Thu Jul 31 03:14:14 2025</timestamp>
</msg>
<msg id="55" tool="trc">
  <type>UNLOAD_MODULE</type>
  <arg>/lib/x86_64-linux-gnu/libcjson.so.1</arg>
  <severity>INFO</severity>
  <timestamp>Thu Jul 31 03:14:14 2025</timestamp>
</msg>
<msg id="56" tool="trc">
  <type>UNLOAD_MODULE</type>
  <arg>/lib/x86_64-linux-gnu/libstdc++.so.6</arg>
  <severity>INFO</severity>
  <timestamp>Thu Jul 31 03:14:14 2025</timestamp>
</msg>
<msg id="57" tool="trc">
  <type>UNLOAD_MODULE</type>
  <arg>/lib/x86_64-linux-gnu/libm.so.6</arg>
  <severity>INFO</severity>
  <timestamp>Thu Jul 31 03:14:14 2025</timestamp>
</msg>
<msg id="58" tool="trc">
  <type>UNLOAD_MODULE</type>
  <arg>/lib/x86_64-linux-gnu/libgcc_s.so.1</arg>
  <severity>INFO</severity>
  <timestamp>Thu Jul 31 03:14:14 2025</timestamp>
</msg>
<msg id="59" tool="trc">
  <type>UNLOAD_MODULE</type>
  <arg>/lib/x86_64-linux-gnu/libc.so.6</arg>
  <severity>INFO</severity>
  <timestamp>Thu Jul 31 03:14:14 2025</timestamp>
</msg>
<msg id="60" tool="trc">
  <type>UNLOAD_MODULE</type>
  <arg>/lib/x86_64-linux-gnu/libcrypto.so.3</arg>
  <severity>INFO</severity>
  <timestamp>Thu Jul 31 03:14:14 2025</timestamp>
</msg>
<msg id="61" tool="trc">
  <type>UNLOAD_MODULE</type>
  <arg>/lib/x86_64-linux-gnu/libcurl.so.4</arg>
  <severity>INFO</severity>
  <timestamp>Thu Jul 31 03:14:14 2025</timestamp>
</msg>
<msg id="62" tool="trc">
  <type>UNLOAD_MODULE</type>
  <arg>/lib/x86_64-linux-gnu/libsz.so.2</arg>
  <severity>INFO</severity>
  <timestamp>Thu Jul 31 03:14:14 2025</timestamp>
</msg>
<msg id="63" tool="trc">
  <type>UNLOAD_MODULE</type>
  <arg>/lib/x86_64-linux-gnu/libz.so.1</arg>
  <severity>INFO</severity>
  <timestamp>Thu Jul 31 03:14:14 2025</timestamp>
</msg>
<msg id="64" tool="trc">
  <type>UNLOAD_MODULE</type>
  <arg>/lib/x86_64-linux-gnu/libnghttp2.so.14</arg>
  <severity>INFO</severity>
  <timestamp>Thu Jul 31 03:14:14 2025</timestamp>
</msg>
<msg id="65" tool="trc">
  <type>UNLOAD_MODULE</type>
  <arg>/lib/x86_64-linux-gnu/libidn2.so.0</arg>
  <severity>INFO</severity>
  <timestamp>Thu Jul 31 03:14:14 2025</timestamp>
</msg>
<msg id="66" tool="trc">
  <type>UNLOAD_MODULE</type>
  <arg>/lib/x86_64-linux-gnu/librtmp.so.1</arg>
  <severity>INFO</severity>
  <timestamp>Thu Jul 31 03:14:14 2025</timestamp>
</msg>
<msg id="67" tool="trc">
  <type>UNLOAD_MODULE</type>
  <arg>/lib/x86_64-linux-gnu/libssh.so.4</arg>
  <severity>INFO</severity>
  <timestamp>Thu Jul 31 03:14:14 2025</timestamp>
</msg>
<msg id="68" tool="trc">
  <type>UNLOAD_MODULE</type>
  <arg>/lib/x86_64-linux-gnu/libpsl.so.5</arg>
  <severity>INFO</severity>
  <timestamp>Thu Jul 31 03:14:14 2025</timestamp>
</msg>
<msg id="69" tool="trc">
  <type>UNLOAD_MODULE</type>
  <arg>/lib/x86_64-linux-gnu/libssl.so.3</arg>
  <severity>INFO</severity>
  <timestamp>Thu Jul 31 03:14:14 2025</timestamp>
</msg>
<msg id="70" tool="trc">
  <type>UNLOAD_MODULE</type>
  <arg>/lib/x86_64-linux-gnu/libgssapi_krb5.so.2</arg>
  <severity>INFO</severity>
  <timestamp>Thu Jul 31 03:14:14 2025</timestamp>
</msg>
<msg id="71" tool="trc">
  <type>UNLOAD_MODULE</type>
  <arg>/lib/x86_64-linux-gnu/libldap.so.2</arg>
  <severity>INFO</severity>
  <timestamp>Thu Jul 31 03:14:14 2025</timestamp>
</msg>
<msg id="72" tool="trc">
  <type>UNLOAD_MODULE</type>
  <arg>/lib/x86_64-linux-gnu/liblber.so.2</arg>
  <severity>INFO</severity>
  <timestamp>Thu Jul 31 03:14:14 2025</timestamp>
</msg>
<msg id="73" tool="trc">
  <type>UNLOAD_MODULE</type>
  <arg>/lib/x86_64-linux-gnu/libzstd.so.1</arg>
  <severity>INFO</severity>
  <timestamp>Thu Jul 31 03:14:14 2025</timestamp>
</msg>
<msg id="74" tool="trc">
  <type>UNLOAD_MODULE</type>
  <arg>/lib/x86_64-linux-gnu/libbrotlidec.so.1</arg>
  <severity>INFO</severity>
  <timestamp>Thu Jul 31 03:14:14 2025</timestamp>
</msg>
<msg id="75" tool="trc">
  <type>UNLOAD_MODULE</type>
  <arg>/lib/x86_64-linux-gnu/libaec.so.0</arg>
  <severity>INFO</severity>
  <timestamp>Thu Jul 31 03:14:14 2025</timestamp>
</msg>
<msg id="76" tool="trc">
  <type>UNLOAD_MODULE</type>
  <arg>/lib/x86_64-linux-gnu/libunistring.so.5</arg>
  <severity>INFO</severity>
  <timestamp>Thu Jul 31 03:14:14 2025</timestamp>
</msg>
<msg id="77" tool="trc">
  <type>UNLOAD_MODULE</type>
  <arg>/lib/x86_64-linux-gnu/libgnutls.so.30</arg>
  <severity>INFO</severity>
  <timestamp>Thu Jul 31 03:14:14 2025</timestamp>
</msg>
<msg id="78" tool="trc">
  <type>UNLOAD_MODULE</type>
  <arg>/lib/x86_64-linux-gnu/libhogweed.so.6</arg>
  <severity>INFO</severity>
  <timestamp>Thu Jul 31 03:14:14 2025</timestamp>
</msg>
<msg id="79" tool="trc">
  <type>UNLOAD_MODULE</type>
  <arg>/lib/x86_64-linux-gnu/libnettle.so.8</arg>
  <severity>INFO</severity>
  <timestamp>Thu Jul 31 03:14:14 2025</timestamp>
</msg>
<msg id="80" tool="trc">
  <type>UNLOAD_MODULE</type>
  <arg>/lib/x86_64-linux-gnu/libgmp.so.10</arg>
  <severity>INFO</severity>
  <timestamp>Thu Jul 31 03:14:14 2025</timestamp>
</msg>
<msg id="81" tool="trc">
  <type>UNLOAD_MODULE</type>
  <arg>/lib/x86_64-linux-gnu/libkrb5.so.3</arg>
  <severity>INFO</severity>
  <timestamp>Thu Jul 31 03:14:14 2025</timestamp>
</msg>
<msg id="82" tool="trc">
  <type>UNLOAD_MODULE</type>
  <arg>/lib/x86_64-linux-gnu/libk5crypto.so.3</arg>
  <severity>INFO</severity>
  <timestamp>Thu Jul 31 03:14:14 2025</timestamp>
</msg>
<msg id="83" tool="trc">
  <type>UNLOAD_MODULE</type>
  <arg>/lib/x86_64-linux-gnu/libcom_err.so.2</arg>
  <severity>INFO</severity>
  <timestamp>Thu Jul 31 03:14:14 2025</timestamp>
</msg>
<msg id="84" tool="trc">
  <type>UNLOAD_MODULE</type>
  <arg>/lib/x86_64-linux-gnu/libkrb5support.so.0</arg>
  <severity>INFO</severity>
  <timestamp>Thu Jul 31 03:14:14 2025</timestamp>
</msg>
<msg id="85" tool="trc">
  <type>UNLOAD_MODULE</type>
  <arg>/lib/x86_64-linux-gnu/libsasl2.so.2</arg>
  <severity>INFO</severity>
  <timestamp>Thu Jul 31 03:14:14 2025</timestamp>
</msg>
<msg id="86" tool="trc">
  <type>UNLOAD_MODULE</type>
  <arg>/lib/x86_64-linux-gnu/libbrotlicommon.so.1</arg>
  <severity>INFO</severity>
  <timestamp>Thu Jul 31 03:14:14 2025</timestamp>
</msg>
<msg id="87" tool="trc">
  <type>UNLOAD_MODULE</type>
  <arg>/lib/x86_64-linux-gnu/libp11-kit.so.0</arg>
  <severity>INFO</severity>
  <timestamp>Thu Jul 31 03:14:14 2025</timestamp>
</msg>
<msg id="88" tool="trc">
  <type>UNLOAD_MODULE</type>
  <arg>/lib/x86_64-linux-gnu/libtasn1.so.6</arg>
  <severity>INFO</severity>
  <timestamp>Thu Jul 31 03:14:14 2025</timestamp>
</msg>
<msg id="89" tool="trc">
  <type>UNLOAD_MODULE</type>
  <arg>/lib/x86_64-linux-gnu/libkeyutils.so.1</arg>
  <severity>INFO</severity>
  <timestamp>Thu Jul 31 03:14:14 2025</timestamp>
</msg>
<msg id="90" tool="trc">
  <type>UNLOAD_MODULE</type>
  <arg>/lib/x86_64-linux-gnu/libresolv.so.2</arg>
  <severity>INFO</severity>
  <timestamp>Thu Jul 31 03:14:14 2025</timestamp>
</msg>
<msg id="91" tool="trc">
  <type>UNLOAD_MODULE</type>
  <arg>/lib/x86_64-linux-gnu/libffi.so.8</arg>
  <severity>INFO</severity>
  <timestamp>Thu Jul 31 03:14:14 2025</timestamp>
</msg>
<msg id="92" tool="trc">
  <type>UNLOAD_MODULE</type>
  <arg>/opt/intel/oneapi/advisor/2025.2/lib64/runtime/libittnotify.so</arg>
  <severity>INFO</severity>
  <timestamp>Thu Jul 31 03:14:14 2025</timestamp>
</msg>
<msg id="93" tool="trc">
  <type>UNLOAD_MODULE</type>
  <arg>/lib/x86_64-linux-gnu/libdl.so.2</arg>
  <severity>INFO</severity>
  <timestamp>Thu Jul 31 03:14:14 2025</timestamp>
</msg>
<msg id="94" tool="trc">
  <type>PROCESS_FINISH</type>
  <arg>/home/mqian01/SparseRooflineBenchmark/examples/spmm/spmm</arg>
  <arg>11300</arg>
  <arg>0x0</arg>
  <severity>INFO</severity>
  <timestamp>Thu Jul 31 03:14:14 2025</timestamp>
</msg>
<msg id="95" tool="runtool">
  <type>app-exit-code</type>
  <arg>0</arg>
</msg>
<msg id="96" tool="runtool">
  <type>marker-file</type>
  <arg>/home/mqian01/SparseRooflineBenchmark/examples/spmm/5M-v5/e000/trc000/trc000.advixe</arg>
</msg>
<msg id="97" tool="runtool">
  <type>collector-done</type>
</msg>
<msg id="98" tool="runtool">
  <type>log-end</type>
  <arg>2025/07/31 03:14:18</arg>
</msg>

</log>

