<?xml version="1.0" encoding="utf-8" ?>
<!-- DO NOT EDIT THIS FILE -->

<log version='2.0' source='trc'>
	<msg id='1' display='false' source='trc'>
		<type>PROCESS_START</type>
		<severity>INFO</severity>
		<timestamp>Thu Jul 31 03:13:34 2025</timestamp>
		<arg name='process'>/home/mqian01/SparseRooflineBenchmark/examples/spmm/spmm</arg>
		<arg name='pid'>11300</arg>
	</msg>
	<!-- Instrumentation filter's state:
    Patterns applicability:
        Generic loop pattern.....................: enabled
        Generic loop pattern (with dynamic jumps): enabled
        Known trip value loop pattern............: enabled
        Runtime final value loop pattern.........: enabled
        No initial IV loop pattern...............: enabled
        IV step only loop pattern................: enabled
        No entry loop pattern....................: enabled
    Clustered memory model (CMM) applicability:
        Generic loop pattern.....................: enabled
        Generic loop pattern (with dynamic jumps): enabled
        Known trip value loop pattern............: enabled
        Runtime final value loop pattern.........: enabled
        No initial IV loop pattern...............: enabled
        IV step only loop pattern................: enabled
        No entry loop pattern....................: disabled
 -->
	<!-- Callstack mode:
    filter modules.........: true
    filter routines........: true
    count loops............: false
    count flops............: false
    trace..................: false
    extended trace.........: false
    omp trace..............: false
    jit trace..............: false
    failures trace.........: false
    dump raw...............: false
    dump final.............: false
    dump all...............: false
    stack stitching........: true
    stl profiling..........: true
    aggressive frame switch: true
    unwind frame exit......: true
    analyze child loops....: true
 -->
	<!-- Managed application profiling: -->
	<!-- 	State...................: enabled -->
	<!-- GPU Profiling: -->
	<!-- 	State    : disabled -->
	<!-- 	Filter   : * -->
	<!-- 	GPUs     : none -->
	<!-- 	Options  :  -->
	<!-- 	Instances:  -->
	<!-- 	Matching : strict -->
	<msg id='2' display='false' source='trc'>
		<type>PROCESS_ANALYSIS_MODE</type>
		<severity>INFO</severity>
		<timestamp>Thu Jul 31 03:13:34 2025</timestamp>
		<arg name='mode'>full</arg>
	</msg>
	<!-- Update image info for [1:0x400000:YN] /home/mqian01/SparseRooflineBenchmark/examples/spmm/spmm -->
	<msg id='3' display='false' source='trc'>
		<type>LOAD_MODULE</type>
		<severity>INFO</severity>
		<timestamp>Thu Jul 31 03:13:34 2025</timestamp>
		<arg name='module'>/home/mqian01/SparseRooflineBenchmark/examples/spmm/spmm</arg>
		<arg name='basement'>0x400000</arg>
		<arg name='ceiling'>0x4517cf</arg>
		<arg name='symtab'>yes</arg>
	</msg>
	<!-- Instrumenting image: id = 1, name = /home/mqian01/SparseRooflineBenchmark/examples/spmm/spmm -->
	<!-- Instrumenting loops in routine "bsp_convert_matrix" -->
	<!-- Instrumenting loops in routine "__annotate_routines_init" with dynamic jumps -->
	<!-- Instrumenting loops in routine "experiment_spmm_csr<double, int>" -->
	<!-- Instrumenting loops in routine "bsp_mmread_explicit_coordinate" with dynamic jumps -->
	<!-- Instrumenting loops in routine "bsp_read_matrix" -->
	<!-- Update image info for [2:0x7D571752D000:NN] /lib64/ld-linux-x86-64.so.2 -->
	<msg id='4' display='false' source='trc'>
		<type>LOAD_MODULE</type>
		<severity>INFO</severity>
		<timestamp>Thu Jul 31 03:13:34 2025</timestamp>
		<arg name='module'>/lib64/ld-linux-x86-64.so.2</arg>
		<arg name='basement'>0x7d571752d000</arg>
		<arg name='ceiling'>0x7d57175662d7</arg>
		<arg name='symtab'>no</arg>
	</msg>
	<!-- Instrumentation of /lib64/ld-linux-x86-64.so.2 image skipped because of filter conditions. -->
	<!-- Update image info for [3:0x7FFDC43E4000:NN] [vdso] -->
	<msg id='5' display='false' source='trc'>
		<type>LOAD_MODULE</type>
		<severity>INFO</severity>
		<timestamp>Thu Jul 31 03:13:34 2025</timestamp>
		<arg name='module'>[vdso]</arg>
		<arg name='basement'>0x7ffdc43e4000</arg>
		<arg name='ceiling'>0x7ffdc43e50aa</arg>
		<arg name='symtab'>no</arg>
	</msg>
	<!-- Instrumentation of [vdso] image skipped because of filter conditions [cs-mode]. -->
	<!-- Update image info for [4:0x7D5701600000:NN] /lib/x86_64-linux-gnu/libhdf5_serial.so.103 -->
	<msg id='6' display='false' source='trc'>
		<type>LOAD_MODULE</type>
		<severity>INFO</severity>
		<timestamp>Thu Jul 31 03:13:34 2025</timestamp>
		<arg name='module'>/lib/x86_64-linux-gnu/libhdf5_serial.so.103</arg>
		<arg name='basement'>0x7d5701600000</arg>
		<arg name='ceiling'>0x7d5701973db7</arg>
		<arg name='symtab'>no</arg>
	</msg>
	<!-- Instrumentation of /lib/x86_64-linux-gnu/libhdf5_serial.so.103 image skipped because of filter conditions [cs-mode]. -->
	<!-- Update image info for [5:0x7D570197C000:NN] /lib/x86_64-linux-gnu/libcjson.so.1 -->
	<msg id='7' display='false' source='trc'>
		<type>LOAD_MODULE</type>
		<severity>INFO</severity>
		<timestamp>Thu Jul 31 03:13:34 2025</timestamp>
		<arg name='module'>/lib/x86_64-linux-gnu/libcjson.so.1</arg>
		<arg name='basement'>0x7d570197c000</arg>
		<arg name='ceiling'>0x7d570198505f</arg>
		<arg name='symtab'>no</arg>
	</msg>
	<!-- Instrumentation of /lib/x86_64-linux-gnu/libcjson.so.1 image skipped because of filter conditions [cs-mode]. -->
	<!-- Update image info for [6:0x7D5701200000:NN] /lib/x86_64-linux-gnu/libstdc++.so.6 -->
	<msg id='8' display='false' source='trc'>
		<type>LOAD_MODULE</type>
		<severity>INFO</severity>
		<timestamp>Thu Jul 31 03:13:35 2025</timestamp>
		<arg name='module'>/lib/x86_64-linux-gnu/libstdc++.so.6</arg>
		<arg name='basement'>0x7d5701200000</arg>
		<arg name='ceiling'>0x7d570147d13f</arg>
		<arg name='symtab'>no</arg>
	</msg>
	<!-- Instrumentation of /lib/x86_64-linux-gnu/libstdc++.so.6 image skipped because of filter conditions. -->
	<!-- Update image info for [7:0x7D57014C4000:NN] /lib/x86_64-linux-gnu/libm.so.6 -->
	<msg id='9' display='false' source='trc'>
		<type>LOAD_MODULE</type>
		<severity>INFO</severity>
		<timestamp>Thu Jul 31 03:13:35 2025</timestamp>
		<arg name='module'>/lib/x86_64-linux-gnu/libm.so.6</arg>
		<arg name='basement'>0x7d57014c4000</arg>
		<arg name='ceiling'>0x7d57015ac017</arg>
		<arg name='symtab'>no</arg>
	</msg>
	<!-- Instrumentation of /lib/x86_64-linux-gnu/libm.so.6 image skipped because of filter conditions [cs-mode]. -->
	<!-- Update image info for [8:0x7D5701496000:NN] /lib/x86_64-linux-gnu/libgcc_s.so.1 -->
	<msg id='10' display='false' source='trc'>
		<type>LOAD_MODULE</type>
		<severity>INFO</severity>
		<timestamp>Thu Jul 31 03:13:35 2025</timestamp>
		<arg name='module'>/lib/x86_64-linux-gnu/libgcc_s.so.1</arg>
		<arg name='basement'>0x7d5701496000</arg>
		<arg name='ceiling'>0x7d57014c33a7</arg>
		<arg name='symtab'>no</arg>
	</msg>
	<!-- Instrumentation of /lib/x86_64-linux-gnu/libgcc_s.so.1 image skipped because of filter conditions [cs-mode]. -->
	<!-- Update image info for [9:0x7D5700E00000:NN] /lib/x86_64-linux-gnu/libc.so.6 -->
	<msg id='11' display='false' source='trc'>
		<type>LOAD_MODULE</type>
		<severity>INFO</severity>
		<timestamp>Thu Jul 31 03:13:35 2025</timestamp>
		<arg name='module'>/lib/x86_64-linux-gnu/libc.so.6</arg>
		<arg name='basement'>0x7d5700e00000</arg>
		<arg name='ceiling'>0x7d5701011d8f</arg>
		<arg name='symtab'>no</arg>
	</msg>
	<!-- Instrumentation of /lib/x86_64-linux-gnu/libc.so.6 image skipped because of filter conditions. -->
	<!-- Update image info for [10:0x7D5700800000:NN] /lib/x86_64-linux-gnu/libcrypto.so.3 -->
	<msg id='12' display='false' source='trc'>
		<type>LOAD_MODULE</type>
		<severity>INFO</severity>
		<timestamp>Thu Jul 31 03:13:35 2025</timestamp>
		<arg name='module'>/lib/x86_64-linux-gnu/libcrypto.so.3</arg>
		<arg name='basement'>0x7d5700800000</arg>
		<arg name='ceiling'>0x7d5700d12bcf</arg>
		<arg name='symtab'>no</arg>
	</msg>
	<!-- Instrumentation of /lib/x86_64-linux-gnu/libcrypto.so.3 image skipped because of filter conditions [cs-mode]. -->
	<!-- Update image info for [11:0x7D57010FD000:NN] /lib/x86_64-linux-gnu/libcurl.so.4 -->
	<msg id='13' display='false' source='trc'>
		<type>LOAD_MODULE</type>
		<severity>INFO</severity>
		<timestamp>Thu Jul 31 03:13:35 2025</timestamp>
		<arg name='module'>/lib/x86_64-linux-gnu/libcurl.so.4</arg>
		<arg name='basement'>0x7d57010fd000</arg>
		<arg name='ceiling'>0x7d57011bdbcf</arg>
		<arg name='symtab'>no</arg>
	</msg>
	<!-- Instrumentation of /lib/x86_64-linux-gnu/libcurl.so.4 image skipped because of filter conditions [cs-mode]. -->
	<!-- Update image info for [12:0x7D57010F8000:NN] /lib/x86_64-linux-gnu/libsz.so.2 -->
	<msg id='14' display='false' source='trc'>
		<type>LOAD_MODULE</type>
		<severity>INFO</severity>
		<timestamp>Thu Jul 31 03:13:35 2025</timestamp>
		<arg name='module'>/lib/x86_64-linux-gnu/libsz.so.2</arg>
		<arg name='basement'>0x7d57010f8000</arg>
		<arg name='ceiling'>0x7d57010fc00f</arg>
		<arg name='symtab'>no</arg>
	</msg>
	<!-- Instrumentation of /lib/x86_64-linux-gnu/libsz.so.2 image skipped because of filter conditions [cs-mode]. -->
	<!-- Update image info for [13:0x7D57010DC000:NN] /lib/x86_64-linux-gnu/libz.so.1 -->
	<msg id='15' display='false' source='trc'>
		<type>LOAD_MODULE</type>
		<severity>INFO</severity>
		<timestamp>Thu Jul 31 03:13:35 2025</timestamp>
		<arg name='module'>/lib/x86_64-linux-gnu/libz.so.1</arg>
		<arg name='basement'>0x7d57010dc000</arg>
		<arg name='ceiling'>0x7d57010f7097</arg>
		<arg name='symtab'>no</arg>
	</msg>
	<!-- Instrumentation of /lib/x86_64-linux-gnu/libz.so.1 image skipped because of filter conditions [cs-mode]. -->
	<!-- Update image info for [14:0x7D5701080000:NN] /lib/x86_64-linux-gnu/libnghttp2.so.14 -->
	<msg id='16' display='false' source='trc'>
		<type>LOAD_MODULE</type>
		<severity>INFO</severity>
		<timestamp>Thu Jul 31 03:13:35 2025</timestamp>
		<arg name='module'>/lib/x86_64-linux-gnu/libnghttp2.so.14</arg>
		<arg name='basement'>0x7d5701080000</arg>
		<arg name='ceiling'>0x7d57010aa0ef</arg>
		<arg name='symtab'>no</arg>
	</msg>
	<!-- Instrumentation of /lib/x86_64-linux-gnu/libnghttp2.so.14 image skipped because of filter conditions [cs-mode]. -->
	<!-- Update image info for [15:0x7D570105E000:NN] /lib/x86_64-linux-gnu/libidn2.so.0 -->
	<msg id='17' display='false' source='trc'>
		<type>LOAD_MODULE</type>
		<severity>INFO</severity>
		<timestamp>Thu Jul 31 03:13:35 2025</timestamp>
		<arg name='module'>/lib/x86_64-linux-gnu/libidn2.so.0</arg>
		<arg name='basement'>0x7d570105e000</arg>
		<arg name='ceiling'>0x7d570107f00f</arg>
		<arg name='symtab'>no</arg>
	</msg>
	<!-- Instrumentation of /lib/x86_64-linux-gnu/libidn2.so.0 image skipped because of filter conditions [cs-mode]. -->
	<!-- Update image info for [16:0x7D5701040000:NN] /lib/x86_64-linux-gnu/librtmp.so.1 -->
	<msg id='18' display='false' source='trc'>
		<type>LOAD_MODULE</type>
		<severity>INFO</severity>
		<timestamp>Thu Jul 31 03:13:35 2025</timestamp>
		<arg name='module'>/lib/x86_64-linux-gnu/librtmp.so.1</arg>
		<arg name='basement'>0x7d5701040000</arg>
		<arg name='ceiling'>0x7d570105d39f</arg>
		<arg name='symtab'>no</arg>
	</msg>
	<!-- Instrumentation of /lib/x86_64-linux-gnu/librtmp.so.1 image skipped because of filter conditions [cs-mode]. -->
	<!-- Update image info for [17:0x7D5700D8F000:NN] /lib/x86_64-linux-gnu/libssh.so.4 -->
	<msg id='19' display='false' source='trc'>
		<type>LOAD_MODULE</type>
		<severity>INFO</severity>
		<timestamp>Thu Jul 31 03:13:35 2025</timestamp>
		<arg name='module'>/lib/x86_64-linux-gnu/libssh.so.4</arg>
		<arg name='basement'>0x7d5700d8f000</arg>
		<arg name='ceiling'>0x7d5700dff60f</arg>
		<arg name='symtab'>no</arg>
	</msg>
	<!-- Instrumentation of /lib/x86_64-linux-gnu/libssh.so.4 image skipped because of filter conditions [cs-mode]. -->
	<!-- Update image info for [18:0x7D570102C000:NN] /lib/x86_64-linux-gnu/libpsl.so.5 -->
	<msg id='20' display='false' source='trc'>
		<type>LOAD_MODULE</type>
		<severity>INFO</severity>
		<timestamp>Thu Jul 31 03:13:35 2025</timestamp>
		<arg name='module'>/lib/x86_64-linux-gnu/libpsl.so.5</arg>
		<arg name='basement'>0x7d570102c000</arg>
		<arg name='ceiling'>0x7d570103f00f</arg>
		<arg name='symtab'>no</arg>
	</msg>
	<!-- Instrumentation of /lib/x86_64-linux-gnu/libpsl.so.5 image skipped because of filter conditions [cs-mode]. -->
	<!-- Update image info for [19:0x7D5700756000:NN] /lib/x86_64-linux-gnu/libssl.so.3 -->
	<msg id='21' display='false' source='trc'>
		<type>LOAD_MODULE</type>
		<severity>INFO</severity>
		<timestamp>Thu Jul 31 03:13:35 2025</timestamp>
		<arg name='module'>/lib/x86_64-linux-gnu/libssl.so.3</arg>
		<arg name='basement'>0x7d5700756000</arg>
		<arg name='ceiling'>0x7d57007ff86f</arg>
		<arg name='symtab'>no</arg>
	</msg>
	<!-- Instrumentation of /lib/x86_64-linux-gnu/libssl.so.3 image skipped because of filter conditions [cs-mode]. -->
	<!-- Update image info for [20:0x7D5700D1A000:NN] /lib/x86_64-linux-gnu/libgssapi_krb5.so.2 -->
	<msg id='22' display='false' source='trc'>
		<type>LOAD_MODULE</type>
		<severity>INFO</severity>
		<timestamp>Thu Jul 31 03:13:35 2025</timestamp>
		<arg name='module'>/lib/x86_64-linux-gnu/libgssapi_krb5.so.2</arg>
		<arg name='basement'>0x7d5700d1a000</arg>
		<arg name='ceiling'>0x7d5700d6d457</arg>
		<arg name='symtab'>no</arg>
	</msg>
	<!-- Instrumentation of /lib/x86_64-linux-gnu/libgssapi_krb5.so.2 image skipped because of filter conditions [cs-mode]. -->
	<!-- Update image info for [21:0x7D57006F9000:NN] /lib/x86_64-linux-gnu/libldap.so.2 -->
	<msg id='23' display='false' source='trc'>
		<type>LOAD_MODULE</type>
		<severity>INFO</severity>
		<timestamp>Thu Jul 31 03:13:35 2025</timestamp>
		<arg name='module'>/lib/x86_64-linux-gnu/libldap.so.2</arg>
		<arg name='basement'>0x7d57006f9000</arg>
		<arg name='ceiling'>0x7d5700755b47</arg>
		<arg name='symtab'>no</arg>
	</msg>
	<!-- Instrumentation of /lib/x86_64-linux-gnu/libldap.so.2 image skipped because of filter conditions [cs-mode]. -->
	<!-- Update image info for [22:0x7D570101C000:NN] /lib/x86_64-linux-gnu/liblber.so.2 -->
	<msg id='24' display='false' source='trc'>
		<type>LOAD_MODULE</type>
		<severity>INFO</severity>
		<timestamp>Thu Jul 31 03:13:35 2025</timestamp>
		<arg name='module'>/lib/x86_64-linux-gnu/liblber.so.2</arg>
		<arg name='basement'>0x7d570101c000</arg>
		<arg name='ceiling'>0x7d570102b1a7</arg>
		<arg name='symtab'>no</arg>
	</msg>
	<!-- Instrumentation of /lib/x86_64-linux-gnu/liblber.so.2 image skipped because of filter conditions [cs-mode]. -->
	<!-- Update image info for [23:0x7D570063F000:NN] /lib/x86_64-linux-gnu/libzstd.so.1 -->
	<msg id='25' display='false' source='trc'>
		<type>LOAD_MODULE</type>
		<severity>INFO</severity>
		<timestamp>Thu Jul 31 03:13:35 2025</timestamp>
		<arg name='module'>/lib/x86_64-linux-gnu/libzstd.so.1</arg>
		<arg name='basement'>0x7d570063f000</arg>
		<arg name='ceiling'>0x7d57006f8037</arg>
		<arg name='symtab'>no</arg>
	</msg>
	<!-- Instrumentation of /lib/x86_64-linux-gnu/libzstd.so.1 image skipped because of filter conditions [cs-mode]. -->
	<!-- Update image info for [24:0x7D5700631000:NN] /lib/x86_64-linux-gnu/libbrotlidec.so.1 -->
	<msg id='26' display='false' source='trc'>
		<type>LOAD_MODULE</type>
		<severity>INFO</severity>
		<timestamp>Thu Jul 31 03:13:35 2025</timestamp>
		<arg name='module'>/lib/x86_64-linux-gnu/libbrotlidec.so.1</arg>
		<arg name='basement'>0x7d5700631000</arg>
		<arg name='ceiling'>0x7d570063e067</arg>
		<arg name='symtab'>no</arg>
	</msg>
	<!-- Instrumentation of /lib/x86_64-linux-gnu/libbrotlidec.so.1 image skipped because of filter conditions [cs-mode]. -->
	<!-- Update image info for [25:0x7D5701013000:NN] /lib/x86_64-linux-gnu/libaec.so.0 -->
	<msg id='27' display='false' source='trc'>
		<type>LOAD_MODULE</type>
		<severity>INFO</severity>
		<timestamp>Thu Jul 31 03:13:35 2025</timestamp>
		<arg name='module'>/lib/x86_64-linux-gnu/libaec.so.0</arg>
		<arg name='basement'>0x7d5701013000</arg>
		<arg name='ceiling'>0x7d570101b00f</arg>
		<arg name='symtab'>no</arg>
	</msg>
	<!-- Instrumentation of /lib/x86_64-linux-gnu/libaec.so.0 image skipped because of filter conditions [cs-mode]. -->
	<!-- Update image info for [26:0x7D5700463000:NN] /lib/x86_64-linux-gnu/libunistring.so.5 -->
	<msg id='28' display='false' source='trc'>
		<type>LOAD_MODULE</type>
		<severity>INFO</severity>
		<timestamp>Thu Jul 31 03:13:35 2025</timestamp>
		<arg name='module'>/lib/x86_64-linux-gnu/libunistring.so.5</arg>
		<arg name='basement'>0x7d5700463000</arg>
		<arg name='ceiling'>0x7d570060f8e7</arg>
		<arg name='symtab'>no</arg>
	</msg>
	<!-- Instrumentation of /lib/x86_64-linux-gnu/libunistring.so.5 image skipped because of filter conditions [cs-mode]. -->
	<!-- Update image info for [27:0x7D5700269000:NN] /lib/x86_64-linux-gnu/libgnutls.so.30 -->
	<msg id='29' display='false' source='trc'>
		<type>LOAD_MODULE</type>
		<severity>INFO</severity>
		<timestamp>Thu Jul 31 03:13:35 2025</timestamp>
		<arg name='module'>/lib/x86_64-linux-gnu/libgnutls.so.30</arg>
		<arg name='basement'>0x7d5700269000</arg>
		<arg name='ceiling'>0x7d5700462d1f</arg>
		<arg name='symtab'>no</arg>
	</msg>
	<!-- Instrumentation of /lib/x86_64-linux-gnu/libgnutls.so.30 image skipped because of filter conditions [cs-mode]. -->
	<!-- Update image info for [28:0x7D5700221000:NN] /lib/x86_64-linux-gnu/libhogweed.so.6 -->
	<msg id='30' display='false' source='trc'>
		<type>LOAD_MODULE</type>
		<severity>INFO</severity>
		<timestamp>Thu Jul 31 03:13:35 2025</timestamp>
		<arg name='module'>/lib/x86_64-linux-gnu/libhogweed.so.6</arg>
		<arg name='basement'>0x7d5700221000</arg>
		<arg name='ceiling'>0x7d570026800f</arg>
		<arg name='symtab'>no</arg>
	</msg>
	<!-- Instrumentation of /lib/x86_64-linux-gnu/libhogweed.so.6 image skipped because of filter conditions [cs-mode]. -->
	<!-- Update image info for [29:0x7D57001CC000:NN] /lib/x86_64-linux-gnu/libnettle.so.8 -->
	<msg id='31' display='false' source='trc'>
		<type>LOAD_MODULE</type>
		<severity>INFO</severity>
		<timestamp>Thu Jul 31 03:13:35 2025</timestamp>
		<arg name='module'>/lib/x86_64-linux-gnu/libnettle.so.8</arg>
		<arg name='basement'>0x7d57001cc000</arg>
		<arg name='ceiling'>0x7d570022007f</arg>
		<arg name='symtab'>no</arg>
	</msg>
	<!-- Instrumentation of /lib/x86_64-linux-gnu/libnettle.so.8 image skipped because of filter conditions [cs-mode]. -->
	<!-- Update image info for [30:0x7D5700148000:NN] /lib/x86_64-linux-gnu/libgmp.so.10 -->
	<msg id='32' display='false' source='trc'>
		<type>LOAD_MODULE</type>
		<severity>INFO</severity>
		<timestamp>Thu Jul 31 03:13:35 2025</timestamp>
		<arg name='module'>/lib/x86_64-linux-gnu/libgmp.so.10</arg>
		<arg name='basement'>0x7d5700148000</arg>
		<arg name='ceiling'>0x7d57001cb1ef</arg>
		<arg name='symtab'>no</arg>
	</msg>
	<!-- Instrumentation of /lib/x86_64-linux-gnu/libgmp.so.10 image skipped because of filter conditions [cs-mode]. -->
	<!-- Update image info for [31:0x7D570007F000:NN] /lib/x86_64-linux-gnu/libkrb5.so.3 -->
	<msg id='33' display='false' source='trc'>
		<type>LOAD_MODULE</type>
		<severity>INFO</severity>
		<timestamp>Thu Jul 31 03:13:35 2025</timestamp>
		<arg name='module'>/lib/x86_64-linux-gnu/libkrb5.so.3</arg>
		<arg name='basement'>0x7d570007f000</arg>
		<arg name='ceiling'>0x7d5700147b0f</arg>
		<arg name='symtab'>no</arg>
	</msg>
	<!-- Instrumentation of /lib/x86_64-linux-gnu/libkrb5.so.3 image skipped because of filter conditions [cs-mode]. -->
	<!-- Update image info for [32:0x7D5700053000:NN] /lib/x86_64-linux-gnu/libk5crypto.so.3 -->
	<msg id='34' display='false' source='trc'>
		<type>LOAD_MODULE</type>
		<severity>INFO</severity>
		<timestamp>Thu Jul 31 03:13:35 2025</timestamp>
		<arg name='module'>/lib/x86_64-linux-gnu/libk5crypto.so.3</arg>
		<arg name='basement'>0x7d5700053000</arg>
		<arg name='ceiling'>0x7d570007e107</arg>
		<arg name='symtab'>no</arg>
	</msg>
	<!-- Instrumentation of /lib/x86_64-linux-gnu/libk5crypto.so.3 image skipped because of filter conditions [cs-mode]. -->
	<!-- Update image info for [33:0x7D5700D14000:NN] /lib/x86_64-linux-gnu/libcom_err.so.2 -->
	<msg id='35' display='false' source='trc'>
		<type>LOAD_MODULE</type>
		<severity>INFO</severity>
		<timestamp>Thu Jul 31 03:13:35 2025</timestamp>
		<arg name='module'>/lib/x86_64-linux-gnu/libcom_err.so.2</arg>
		<arg name='basement'>0x7d5700d14000</arg>
		<arg name='ceiling'>0x7d5700d19047</arg>
		<arg name='symtab'>no</arg>
	</msg>
	<!-- Instrumentation of /lib/x86_64-linux-gnu/libcom_err.so.2 image skipped because of filter conditions [cs-mode]. -->
	<!-- Update image info for [34:0x7D5700044000:NN] /lib/x86_64-linux-gnu/libkrb5support.so.0 -->
	<msg id='36' display='false' source='trc'>
		<type>LOAD_MODULE</type>
		<severity>INFO</severity>
		<timestamp>Thu Jul 31 03:13:35 2025</timestamp>
		<arg name='module'>/lib/x86_64-linux-gnu/libkrb5support.so.0</arg>
		<arg name='basement'>0x7d5700044000</arg>
		<arg name='ceiling'>0x7d57000503cf</arg>
		<arg name='symtab'>no</arg>
	</msg>
	<!-- Instrumentation of /lib/x86_64-linux-gnu/libkrb5support.so.0 image skipped because of filter conditions [cs-mode]. -->
	<!-- Update image info for [35:0x7D570002A000:NN] /lib/x86_64-linux-gnu/libsasl2.so.2 -->
	<msg id='37' display='false' source='trc'>
		<type>LOAD_MODULE</type>
		<severity>INFO</severity>
		<timestamp>Thu Jul 31 03:13:35 2025</timestamp>
		<arg name='module'>/lib/x86_64-linux-gnu/libsasl2.so.2</arg>
		<arg name='basement'>0x7d570002a000</arg>
		<arg name='ceiling'>0x7d570004339f</arg>
		<arg name='symtab'>no</arg>
	</msg>
	<!-- Instrumentation of /lib/x86_64-linux-gnu/libsasl2.so.2 image skipped because of filter conditions [cs-mode]. -->
	<!-- Update image info for [36:0x7D5700007000:NN] /lib/x86_64-linux-gnu/libbrotlicommon.so.1 -->
	<msg id='38' display='false' source='trc'>
		<type>LOAD_MODULE</type>
		<severity>INFO</severity>
		<timestamp>Thu Jul 31 03:13:35 2025</timestamp>
		<arg name='module'>/lib/x86_64-linux-gnu/libbrotlicommon.so.1</arg>
		<arg name='basement'>0x7d5700007000</arg>
		<arg name='ceiling'>0x7d5700029027</arg>
		<arg name='symtab'>no</arg>
	</msg>
	<!-- Instrumentation of /lib/x86_64-linux-gnu/libbrotlicommon.so.1 image skipped because of filter conditions [cs-mode]. -->
	<!-- Update image info for [37:0x7D56FFE63000:NN] /lib/x86_64-linux-gnu/libp11-kit.so.0 -->
	<msg id='39' display='false' source='trc'>
		<type>LOAD_MODULE</type>
		<severity>INFO</severity>
		<timestamp>Thu Jul 31 03:13:35 2025</timestamp>
		<arg name='module'>/lib/x86_64-linux-gnu/libp11-kit.so.0</arg>
		<arg name='basement'>0x7d56ffe63000</arg>
		<arg name='ceiling'>0x7d5700006687</arg>
		<arg name='symtab'>no</arg>
	</msg>
	<!-- Instrumentation of /lib/x86_64-linux-gnu/libp11-kit.so.0 image skipped because of filter conditions [cs-mode]. -->
	<!-- Update image info for [38:0x7D56FFE4D000:NN] /lib/x86_64-linux-gnu/libtasn1.so.6 -->
	<msg id='40' display='false' source='trc'>
		<type>LOAD_MODULE</type>
		<severity>INFO</severity>
		<timestamp>Thu Jul 31 03:13:35 2025</timestamp>
		<arg name='module'>/lib/x86_64-linux-gnu/libtasn1.so.6</arg>
		<arg name='basement'>0x7d56ffe4d000</arg>
		<arg name='ceiling'>0x7d56ffe62227</arg>
		<arg name='symtab'>no</arg>
	</msg>
	<!-- Instrumentation of /lib/x86_64-linux-gnu/libtasn1.so.6 image skipped because of filter conditions [cs-mode]. -->
	<!-- Update image info for [39:0x7D56FFE44000:NN] /lib/x86_64-linux-gnu/libkeyutils.so.1 -->
	<msg id='41' display='false' source='trc'>
		<type>LOAD_MODULE</type>
		<severity>INFO</severity>
		<timestamp>Thu Jul 31 03:13:35 2025</timestamp>
		<arg name='module'>/lib/x86_64-linux-gnu/libkeyutils.so.1</arg>
		<arg name='basement'>0x7d56ffe44000</arg>
		<arg name='ceiling'>0x7d56ffe4a00f</arg>
		<arg name='symtab'>no</arg>
	</msg>
	<!-- Instrumentation of /lib/x86_64-linux-gnu/libkeyutils.so.1 image skipped because of filter conditions [cs-mode]. -->
	<!-- Update image info for [40:0x7D56FFE31000:NN] /lib/x86_64-linux-gnu/libresolv.so.2 -->
	<msg id='42' display='false' source='trc'>
		<type>LOAD_MODULE</type>
		<severity>INFO</severity>
		<timestamp>Thu Jul 31 03:13:35 2025</timestamp>
		<arg name='module'>/lib/x86_64-linux-gnu/libresolv.so.2</arg>
		<arg name='basement'>0x7d56ffe31000</arg>
		<arg name='ceiling'>0x7d56ffe43887</arg>
		<arg name='symtab'>no</arg>
	</msg>
	<!-- Instrumentation of /lib/x86_64-linux-gnu/libresolv.so.2 image skipped because of filter conditions [cs-mode]. -->
	<!-- Update image info for [41:0x7D56FFE25000:NN] /lib/x86_64-linux-gnu/libffi.so.8 -->
	<msg id='43' display='false' source='trc'>
		<type>LOAD_MODULE</type>
		<severity>INFO</severity>
		<timestamp>Thu Jul 31 03:13:35 2025</timestamp>
		<arg name='module'>/lib/x86_64-linux-gnu/libffi.so.8</arg>
		<arg name='basement'>0x7d56ffe25000</arg>
		<arg name='ceiling'>0x7d56ffe3060f</arg>
		<arg name='symtab'>no</arg>
	</msg>
	<!-- Instrumentation of /lib/x86_64-linux-gnu/libffi.so.8 image skipped because of filter conditions [cs-mode]. -->
	<!-- Update image info for [42:0x7D56F9800000:NN] /opt/intel/oneapi/advisor/2025.2/lib64/runtime/libittnotify.so -->
	<msg id='44' display='false' source='trc'>
		<type>LOAD_MODULE</type>
		<severity>INFO</severity>
		<timestamp>Thu Jul 31 03:14:04 2025</timestamp>
		<arg name='module'>/opt/intel/oneapi/advisor/2025.2/lib64/runtime/libittnotify.so</arg>
		<arg name='basement'>0x7d56f9800000</arg>
		<arg name='ceiling'>0x7d56f9a190af</arg>
		<arg name='symtab'>no</arg>
	</msg>
	<!-- __itt_pause was instrumented -->
	<!-- __itt_resume was instrumented -->
	<!-- __itt_metadata_add was instrumented -->
	<!-- Instrumentation of /opt/intel/oneapi/advisor/2025.2/lib64/runtime/libittnotify.so image skipped because of filter conditions [cs-mode]. -->
	<!-- Update image info for [43:0x7D56F972B000:NN] /lib/x86_64-linux-gnu/libdl.so.2 -->
	<msg id='45' display='false' source='trc'>
		<type>LOAD_MODULE</type>
		<severity>INFO</severity>
		<timestamp>Thu Jul 31 03:14:04 2025</timestamp>
		<arg name='module'>/lib/x86_64-linux-gnu/libdl.so.2</arg>
		<arg name='basement'>0x7d56f972b000</arg>
		<arg name='ceiling'>0x7d56f972f00f</arg>
		<arg name='symtab'>no</arg>
	</msg>
	<!-- Instrumentation of /lib/x86_64-linux-gnu/libdl.so.2 image skipped because of filter conditions [cs-mode]. -->
	<msg id='46' display='false' source='trc'>
		<type>UNLOAD_MODULE</type>
		<severity>INFO</severity>
		<timestamp>Thu Jul 31 03:14:14 2025</timestamp>
		<arg name='module'>/home/mqian01/SparseRooflineBenchmark/examples/spmm/spmm</arg>
	</msg>
	<msg id='47' display='false' source='trc'>
		<type>UNLOAD_MODULE</type>
		<severity>INFO</severity>
		<timestamp>Thu Jul 31 03:14:14 2025</timestamp>
		<arg name='module'>/lib64/ld-linux-x86-64.so.2</arg>
	</msg>
	<msg id='48' display='false' source='trc'>
		<type>UNLOAD_MODULE</type>
		<severity>INFO</severity>
		<timestamp>Thu Jul 31 03:14:14 2025</timestamp>
		<arg name='module'>[vdso]</arg>
	</msg>
	<msg id='49' display='false' source='trc'>
		<type>UNLOAD_MODULE</type>
		<severity>INFO</severity>
		<timestamp>Thu Jul 31 03:14:14 2025</timestamp>
		<arg name='module'>/lib/x86_64-linux-gnu/libhdf5_serial.so.103</arg>
	</msg>
	<msg id='50' display='false' source='trc'>
		<type>UNLOAD_MODULE</type>
		<severity>INFO</severity>
		<timestamp>Thu Jul 31 03:14:14 2025</timestamp>
		<arg name='module'>/lib/x86_64-linux-gnu/libcjson.so.1</arg>
	</msg>
	<msg id='51' display='false' source='trc'>
		<type>UNLOAD_MODULE</type>
		<severity>INFO</severity>
		<timestamp>Thu Jul 31 03:14:14 2025</timestamp>
		<arg name='module'>/lib/x86_64-linux-gnu/libstdc++.so.6</arg>
	</msg>
	<msg id='52' display='false' source='trc'>
		<type>UNLOAD_MODULE</type>
		<severity>INFO</severity>
		<timestamp>Thu Jul 31 03:14:14 2025</timestamp>
		<arg name='module'>/lib/x86_64-linux-gnu/libm.so.6</arg>
	</msg>
	<msg id='53' display='false' source='trc'>
		<type>UNLOAD_MODULE</type>
		<severity>INFO</severity>
		<timestamp>Thu Jul 31 03:14:14 2025</timestamp>
		<arg name='module'>/lib/x86_64-linux-gnu/libgcc_s.so.1</arg>
	</msg>
	<msg id='54' display='false' source='trc'>
		<type>UNLOAD_MODULE</type>
		<severity>INFO</severity>
		<timestamp>Thu Jul 31 03:14:14 2025</timestamp>
		<arg name='module'>/lib/x86_64-linux-gnu/libc.so.6</arg>
	</msg>
	<msg id='55' display='false' source='trc'>
		<type>UNLOAD_MODULE</type>
		<severity>INFO</severity>
		<timestamp>Thu Jul 31 03:14:14 2025</timestamp>
		<arg name='module'>/lib/x86_64-linux-gnu/libcrypto.so.3</arg>
	</msg>
	<msg id='56' display='false' source='trc'>
		<type>UNLOAD_MODULE</type>
		<severity>INFO</severity>
		<timestamp>Thu Jul 31 03:14:14 2025</timestamp>
		<arg name='module'>/lib/x86_64-linux-gnu/libcurl.so.4</arg>
	</msg>
	<msg id='57' display='false' source='trc'>
		<type>UNLOAD_MODULE</type>
		<severity>INFO</severity>
		<timestamp>Thu Jul 31 03:14:14 2025</timestamp>
		<arg name='module'>/lib/x86_64-linux-gnu/libsz.so.2</arg>
	</msg>
	<msg id='58' display='false' source='trc'>
		<type>UNLOAD_MODULE</type>
		<severity>INFO</severity>
		<timestamp>Thu Jul 31 03:14:14 2025</timestamp>
		<arg name='module'>/lib/x86_64-linux-gnu/libz.so.1</arg>
	</msg>
	<msg id='59' display='false' source='trc'>
		<type>UNLOAD_MODULE</type>
		<severity>INFO</severity>
		<timestamp>Thu Jul 31 03:14:14 2025</timestamp>
		<arg name='module'>/lib/x86_64-linux-gnu/libnghttp2.so.14</arg>
	</msg>
	<msg id='60' display='false' source='trc'>
		<type>UNLOAD_MODULE</type>
		<severity>INFO</severity>
		<timestamp>Thu Jul 31 03:14:14 2025</timestamp>
		<arg name='module'>/lib/x86_64-linux-gnu/libidn2.so.0</arg>
	</msg>
	<msg id='61' display='false' source='trc'>
		<type>UNLOAD_MODULE</type>
		<severity>INFO</severity>
		<timestamp>Thu Jul 31 03:14:14 2025</timestamp>
		<arg name='module'>/lib/x86_64-linux-gnu/librtmp.so.1</arg>
	</msg>
	<msg id='62' display='false' source='trc'>
		<type>UNLOAD_MODULE</type>
		<severity>INFO</severity>
		<timestamp>Thu Jul 31 03:14:14 2025</timestamp>
		<arg name='module'>/lib/x86_64-linux-gnu/libssh.so.4</arg>
	</msg>
	<msg id='63' display='false' source='trc'>
		<type>UNLOAD_MODULE</type>
		<severity>INFO</severity>
		<timestamp>Thu Jul 31 03:14:14 2025</timestamp>
		<arg name='module'>/lib/x86_64-linux-gnu/libpsl.so.5</arg>
	</msg>
	<msg id='64' display='false' source='trc'>
		<type>UNLOAD_MODULE</type>
		<severity>INFO</severity>
		<timestamp>Thu Jul 31 03:14:14 2025</timestamp>
		<arg name='module'>/lib/x86_64-linux-gnu/libssl.so.3</arg>
	</msg>
	<msg id='65' display='false' source='trc'>
		<type>UNLOAD_MODULE</type>
		<severity>INFO</severity>
		<timestamp>Thu Jul 31 03:14:14 2025</timestamp>
		<arg name='module'>/lib/x86_64-linux-gnu/libgssapi_krb5.so.2</arg>
	</msg>
	<msg id='66' display='false' source='trc'>
		<type>UNLOAD_MODULE</type>
		<severity>INFO</severity>
		<timestamp>Thu Jul 31 03:14:14 2025</timestamp>
		<arg name='module'>/lib/x86_64-linux-gnu/libldap.so.2</arg>
	</msg>
	<msg id='67' display='false' source='trc'>
		<type>UNLOAD_MODULE</type>
		<severity>INFO</severity>
		<timestamp>Thu Jul 31 03:14:14 2025</timestamp>
		<arg name='module'>/lib/x86_64-linux-gnu/liblber.so.2</arg>
	</msg>
	<msg id='68' display='false' source='trc'>
		<type>UNLOAD_MODULE</type>
		<severity>INFO</severity>
		<timestamp>Thu Jul 31 03:14:14 2025</timestamp>
		<arg name='module'>/lib/x86_64-linux-gnu/libzstd.so.1</arg>
	</msg>
	<msg id='69' display='false' source='trc'>
		<type>UNLOAD_MODULE</type>
		<severity>INFO</severity>
		<timestamp>Thu Jul 31 03:14:14 2025</timestamp>
		<arg name='module'>/lib/x86_64-linux-gnu/libbrotlidec.so.1</arg>
	</msg>
	<msg id='70' display='false' source='trc'>
		<type>UNLOAD_MODULE</type>
		<severity>INFO</severity>
		<timestamp>Thu Jul 31 03:14:14 2025</timestamp>
		<arg name='module'>/lib/x86_64-linux-gnu/libaec.so.0</arg>
	</msg>
	<msg id='71' display='false' source='trc'>
		<type>UNLOAD_MODULE</type>
		<severity>INFO</severity>
		<timestamp>Thu Jul 31 03:14:14 2025</timestamp>
		<arg name='module'>/lib/x86_64-linux-gnu/libunistring.so.5</arg>
	</msg>
	<msg id='72' display='false' source='trc'>
		<type>UNLOAD_MODULE</type>
		<severity>INFO</severity>
		<timestamp>Thu Jul 31 03:14:14 2025</timestamp>
		<arg name='module'>/lib/x86_64-linux-gnu/libgnutls.so.30</arg>
	</msg>
	<msg id='73' display='false' source='trc'>
		<type>UNLOAD_MODULE</type>
		<severity>INFO</severity>
		<timestamp>Thu Jul 31 03:14:14 2025</timestamp>
		<arg name='module'>/lib/x86_64-linux-gnu/libhogweed.so.6</arg>
	</msg>
	<msg id='74' display='false' source='trc'>
		<type>UNLOAD_MODULE</type>
		<severity>INFO</severity>
		<timestamp>Thu Jul 31 03:14:14 2025</timestamp>
		<arg name='module'>/lib/x86_64-linux-gnu/libnettle.so.8</arg>
	</msg>
	<msg id='75' display='false' source='trc'>
		<type>UNLOAD_MODULE</type>
		<severity>INFO</severity>
		<timestamp>Thu Jul 31 03:14:14 2025</timestamp>
		<arg name='module'>/lib/x86_64-linux-gnu/libgmp.so.10</arg>
	</msg>
	<msg id='76' display='false' source='trc'>
		<type>UNLOAD_MODULE</type>
		<severity>INFO</severity>
		<timestamp>Thu Jul 31 03:14:14 2025</timestamp>
		<arg name='module'>/lib/x86_64-linux-gnu/libkrb5.so.3</arg>
	</msg>
	<msg id='77' display='false' source='trc'>
		<type>UNLOAD_MODULE</type>
		<severity>INFO</severity>
		<timestamp>Thu Jul 31 03:14:14 2025</timestamp>
		<arg name='module'>/lib/x86_64-linux-gnu/libk5crypto.so.3</arg>
	</msg>
	<msg id='78' display='false' source='trc'>
		<type>UNLOAD_MODULE</type>
		<severity>INFO</severity>
		<timestamp>Thu Jul 31 03:14:14 2025</timestamp>
		<arg name='module'>/lib/x86_64-linux-gnu/libcom_err.so.2</arg>
	</msg>
	<msg id='79' display='false' source='trc'>
		<type>UNLOAD_MODULE</type>
		<severity>INFO</severity>
		<timestamp>Thu Jul 31 03:14:14 2025</timestamp>
		<arg name='module'>/lib/x86_64-linux-gnu/libkrb5support.so.0</arg>
	</msg>
	<msg id='80' display='false' source='trc'>
		<type>UNLOAD_MODULE</type>
		<severity>INFO</severity>
		<timestamp>Thu Jul 31 03:14:14 2025</timestamp>
		<arg name='module'>/lib/x86_64-linux-gnu/libsasl2.so.2</arg>
	</msg>
	<msg id='81' display='false' source='trc'>
		<type>UNLOAD_MODULE</type>
		<severity>INFO</severity>
		<timestamp>Thu Jul 31 03:14:14 2025</timestamp>
		<arg name='module'>/lib/x86_64-linux-gnu/libbrotlicommon.so.1</arg>
	</msg>
	<msg id='82' display='false' source='trc'>
		<type>UNLOAD_MODULE</type>
		<severity>INFO</severity>
		<timestamp>Thu Jul 31 03:14:14 2025</timestamp>
		<arg name='module'>/lib/x86_64-linux-gnu/libp11-kit.so.0</arg>
	</msg>
	<msg id='83' display='false' source='trc'>
		<type>UNLOAD_MODULE</type>
		<severity>INFO</severity>
		<timestamp>Thu Jul 31 03:14:14 2025</timestamp>
		<arg name='module'>/lib/x86_64-linux-gnu/libtasn1.so.6</arg>
	</msg>
	<msg id='84' display='false' source='trc'>
		<type>UNLOAD_MODULE</type>
		<severity>INFO</severity>
		<timestamp>Thu Jul 31 03:14:14 2025</timestamp>
		<arg name='module'>/lib/x86_64-linux-gnu/libkeyutils.so.1</arg>
	</msg>
	<msg id='85' display='false' source='trc'>
		<type>UNLOAD_MODULE</type>
		<severity>INFO</severity>
		<timestamp>Thu Jul 31 03:14:14 2025</timestamp>
		<arg name='module'>/lib/x86_64-linux-gnu/libresolv.so.2</arg>
	</msg>
	<msg id='86' display='false' source='trc'>
		<type>UNLOAD_MODULE</type>
		<severity>INFO</severity>
		<timestamp>Thu Jul 31 03:14:14 2025</timestamp>
		<arg name='module'>/lib/x86_64-linux-gnu/libffi.so.8</arg>
	</msg>
	<msg id='87' display='false' source='trc'>
		<type>UNLOAD_MODULE</type>
		<severity>INFO</severity>
		<timestamp>Thu Jul 31 03:14:14 2025</timestamp>
		<arg name='module'>/opt/intel/oneapi/advisor/2025.2/lib64/runtime/libittnotify.so</arg>
	</msg>
	<msg id='88' display='false' source='trc'>
		<type>UNLOAD_MODULE</type>
		<severity>INFO</severity>
		<timestamp>Thu Jul 31 03:14:14 2025</timestamp>
		<arg name='module'>/lib/x86_64-linux-gnu/libdl.so.2</arg>
	</msg>
	<msg id='89' display='false' source='trc'>
		<type>PROCESS_FINISH</type>
		<severity>INFO</severity>
		<timestamp>Thu Jul 31 03:14:14 2025</timestamp>
		<arg name='process'>/home/mqian01/SparseRooflineBenchmark/examples/spmm/spmm</arg>
		<arg name='pid'>11300</arg>
		<arg name='exitcode'>0x0</arg>
	</msg>
	<!-- Application exited with code 0 -->
</log>