
10894 : 0x12b2b7abd8e7 : 3 : logger_init :  LOG FILE OPENED (by collectunits.logger), level: 4
10894 : 0x12b3066ca795 : 4 : pytrace_try_probe_python_functions :  Python version is detected as == 0x0
10894 : 0x12b3074d23b6 : 4 : pytrace_try_probe_python_functions :  Python version is detected as == 0x0
10894 : 0x12b30bd498ac : 4 : pytrace_try_probe_python_functions :  Python version is detected as == 0x0
10894 : 0x12b30c612eb8 : 4 : pytrace_try_probe_python_functions :  Python version is detected as == 0x0
10894 : 0x12b338b74ce9 : 4 : pytrace_try_probe_python_functions :  Python version is detected as == 0x0
10894 : 0x12b33b4717dc : 4 : pytrace_try_probe_python_functions :  Python version is detected as == 0x0
10894 : 0x12b33bbea7c1 : 4 : pytrace_try_probe_python_functions :  Python version is detected as == 0x0
10894 : 0x12b35753c154 : 4 : pytrace_try_probe_python_functions :  Python version is detected as == 0x0
10894 : 0x12b35de54b79 : 4 : pytrace_try_probe_python_functions :  Python version is detected as == 0x0
10894 : 0x12b35e553a55 : 4 : pytrace_try_probe_python_functions :  Python version is detected as == 0x0
10894 : 0x12b35e89f7d3 : 4 : pytrace_try_probe_python_functions :  Python version is detected as == 0x0
10894 : 0x12b35ecd67cf : 4 : pytrace_try_probe_python_functions :  Python version is detected as == 0x0
10894 : 0x12b35f210a79 : 4 : pytrace_try_probe_python_functions :  Python version is detected as == 0x0
10894 : 0x12b35f678267 : 4 : pytrace_try_probe_python_functions :  Python version is detected as == 0x0
10894 : 0x12b35fad9373 : 4 : pytrace_try_probe_python_functions :  Python version is detected as == 0x0
10894 : 0x12b360321819 : 4 : pytrace_try_probe_python_functions :  Python version is detected as == 0x0
10894 : 0x12b3606f5c69 : 4 : pytrace_try_probe_python_functions :  Python version is detected as == 0x0
10894 : 0x12b36106951b : 4 : pytrace_try_probe_python_functions :  Python version is detected as == 0x0
10894 : 0x12b361610b45 : 4 : pytrace_try_probe_python_functions :  Python version is detected as == 0x0
10894 : 0x12b361f22889 : 4 : pytrace_try_probe_python_functions :  Python version is detected as == 0x0
10894 : 0x12b3623c2e25 : 4 : pytrace_try_probe_python_functions :  Python version is detected as == 0x0
10894 : 0x12b362b808f7 : 4 : pytrace_try_probe_python_functions :  Python version is detected as == 0x0
10894 : 0x12b362fc462b : 4 : pytrace_try_probe_python_functions :  Python version is detected as == 0x0
10894 : 0x12b3633ad233 : 4 : pytrace_try_probe_python_functions :  Python version is detected as == 0x0
10894 : 0x12b36418aa1f : 4 : pytrace_try_probe_python_functions :  Python version is detected as == 0x0
10894 : 0x12b36551fd6d : 4 : pytrace_try_probe_python_functions :  Python version is detected as == 0x0
10894 : 0x12b365b675df : 4 : pytrace_try_probe_python_functions :  Python version is detected as == 0x0
10894 : 0x12b3669839b1 : 4 : pytrace_try_probe_python_functions :  Python version is detected as == 0x0
10894 : 0x12b36720cc17 : 4 : pytrace_try_probe_python_functions :  Python version is detected as == 0x0
10894 : 0x12b367cb4e75 : 4 : pytrace_try_probe_python_functions :  Python version is detected as == 0x0
10894 : 0x12b36814ac29 : 4 : pytrace_try_probe_python_functions :  Python version is detected as == 0x0
10894 : 0x12b3686b0b24 : 4 : pytrace_try_probe_python_functions :  Python version is detected as == 0x0
10894 : 0x12b368c5f98c : 4 : pytrace_try_probe_python_functions :  Python version is detected as == 0x0
10894 : 0x12b36913c257 : 4 : pytrace_try_probe_python_functions :  Python version is detected as == 0x0
10894 : 0x12b3695a3ba9 : 4 : pytrace_try_probe_python_functions :  Python version is detected as == 0x0
10894 : 0x12b36a04a6ab : 4 : pytrace_try_probe_python_functions :  Python version is detected as == 0x0
10894 : 0x12b36a4850c1 : 4 : pytrace_try_probe_python_functions :  Python version is detected as == 0x0
10894 : 0x12b36a82ea71 : 4 : pytrace_try_probe_python_functions :  Python version is detected as == 0x0
10894 : 0x12b36af5695b : 4 : pytrace_try_probe_python_functions :  Python version is detected as == 0x0
10894 : 0x12b36b3e95fc : 4 : pytrace_try_probe_python_functions :  Python version is detected as == 0x0
10894 : 0x12b36c9d442f : 4 : pytrace_start_profiling :  [CALLED]
10894 : 0x12b719791c39 : 4 : pytrace_try_probe_python_functions :  Python version is detected as == 0x0
10894 : 0x12b719cb88ad : 4 : pytrace_try_probe_python_functions :  Python version is detected as == 0x0
10894 : 0x12b71a18c7bd : 4 : pytrace_try_probe_python_functions :  Python version is detected as == 0x0
10894 : 0x12b8e190e779 : 4 : pytrace_stop_profiling :  [CALLED]
10894 : 0x12b8e192d54d : 3 : logger_fini :  LOG FILE CLOSED (by collectunits.logger)