
13151 : 0x626a71ca890 : 3 : logger_init :  LOG FILE OPENED (by collectunits.logger), level: 4
13151 : 0x626f3250e2f : 4 : pytrace_try_probe_python_functions :  Python version is detected as == 0x0
13151 : 0x626f42ebf27 : 4 : pytrace_try_probe_python_functions :  Python version is detected as == 0x0
13151 : 0x626f9485b8c : 4 : pytrace_try_probe_python_functions :  Python version is detected as == 0x0
13151 : 0x626f99b6c14 : 4 : pytrace_try_probe_python_functions :  Python version is detected as == 0x0
13151 : 0x6272a759c13 : 4 : pytrace_try_probe_python_functions :  Python version is detected as == 0x0
13151 : 0x6272cec402c : 4 : pytrace_try_probe_python_functions :  Python version is detected as == 0x0
13151 : 0x6272d88f9c6 : 4 : pytrace_try_probe_python_functions :  Python version is detected as == 0x0
13151 : 0x62741b2d8f4 : 4 : pytrace_try_probe_python_functions :  Python version is detected as == 0x0
13151 : 0x627469c9d70 : 4 : pytrace_try_probe_python_functions :  Python version is detected as == 0x0
13151 : 0x627471fc3a4 : 4 : pytrace_try_probe_python_functions :  Python version is detected as == 0x0
13151 : 0x6274756b638 : 4 : pytrace_try_probe_python_functions :  Python version is detected as == 0x0
13151 : 0x627479bc552 : 4 : pytrace_try_probe_python_functions :  Python version is detected as == 0x0
13151 : 0x627480417ac : 4 : pytrace_try_probe_python_functions :  Python version is detected as == 0x0
13151 : 0x627484d992c : 4 : pytrace_try_probe_python_functions :  Python version is detected as == 0x0
13151 : 0x62748a5276a : 4 : pytrace_try_probe_python_functions :  Python version is detected as == 0x0
13151 : 0x627494e4174 : 4 : pytrace_try_probe_python_functions :  Python version is detected as == 0x0
13151 : 0x627499eb7c9 : 4 : pytrace_try_probe_python_functions :  Python version is detected as == 0x0
13151 : 0x6274a61fcdc : 4 : pytrace_try_probe_python_functions :  Python version is detected as == 0x0
13151 : 0x6274abb1118 : 4 : pytrace_try_probe_python_functions :  Python version is detected as == 0x0
13151 : 0x6274b48e96e : 4 : pytrace_try_probe_python_functions :  Python version is detected as == 0x0
13151 : 0x6274b90fea4 : 4 : pytrace_try_probe_python_functions :  Python version is detected as == 0x0
13151 : 0x6274c1c35ca : 4 : pytrace_try_probe_python_functions :  Python version is detected as == 0x0
13151 : 0x6274c5d0786 : 4 : pytrace_try_probe_python_functions :  Python version is detected as == 0x0
13151 : 0x6274ca9b068 : 4 : pytrace_try_probe_python_functions :  Python version is detected as == 0x0
13151 : 0x6274d842856 : 4 : pytrace_try_probe_python_functions :  Python version is detected as == 0x0
13151 : 0x6274ed3f971 : 4 : pytrace_try_probe_python_functions :  Python version is detected as == 0x0
13151 : 0x6274f55e5bf : 4 : pytrace_try_probe_python_functions :  Python version is detected as == 0x0
13151 : 0x62750846487 : 4 : pytrace_try_probe_python_functions :  Python version is detected as == 0x0
13151 : 0x627511b437f : 4 : pytrace_try_probe_python_functions :  Python version is detected as == 0x0
13151 : 0x62751eed7bc : 4 : pytrace_try_probe_python_functions :  Python version is detected as == 0x0
13151 : 0x6275253c394 : 4 : pytrace_try_probe_python_functions :  Python version is detected as == 0x0
13151 : 0x627529f3806 : 4 : pytrace_try_probe_python_functions :  Python version is detected as == 0x0
13151 : 0x62752eed0e2 : 4 : pytrace_try_probe_python_functions :  Python version is detected as == 0x0
13151 : 0x6275337f638 : 4 : pytrace_try_probe_python_functions :  Python version is detected as == 0x0
13151 : 0x627537e04bc : 4 : pytrace_try_probe_python_functions :  Python version is detected as == 0x0
13151 : 0x6275450cfdc : 4 : pytrace_try_probe_python_functions :  Python version is detected as == 0x0
13151 : 0x62754a74210 : 4 : pytrace_try_probe_python_functions :  Python version is detected as == 0x0
13151 : 0x6275513347b : 4 : pytrace_try_probe_python_functions :  Python version is detected as == 0x0
13151 : 0x627561bd5b5 : 4 : pytrace_try_probe_python_functions :  Python version is detected as == 0x0
13151 : 0x6275681cf07 : 4 : pytrace_try_probe_python_functions :  Python version is detected as == 0x0
13151 : 0x6275843dc93 : 4 : pytrace_start_profiling :  [CALLED]
13151 : 0x62789541a0f : 4 : pytrace_try_probe_python_functions :  Python version is detected as == 0x0
13151 : 0x6278a8ab5d6 : 4 : pytrace_try_probe_python_functions :  Python version is detected as == 0x0
13151 : 0x6278b4aa0b3 : 4 : pytrace_try_probe_python_functions :  Python version is detected as == 0x0
13151 : 0x627a4573a85 : 4 : pytrace_stop_profiling :  [CALLED]
13151 : 0x627a459ac81 : 3 : logger_fini :  LOG FILE CLOSED (by collectunits.logger)