2 [125691171739584] INFO perfrun.launcher <> - Launcher main begin
3 [125691171739584] INFO perfrun.launcher <> - MessageCatalogInit finished
3 [125691171739584] INFO perfrun.launcher <> - Launcher instance created
3 [125691171739584] INFO perfrun.launcher <> - argc = 6; cmdline = /opt/intel/oneapi/advisor/2025.2/bin64/advixe-runss -dump-vdso -r /home/mqian01/SparseRooflineBenchmark/examples/spmm/5M-v5/e000/hs000 --tmp-dir /tmp/advixe-tmp-mqian01 
71 [125691171739584] INFO perfrun.launcher <> - create msngr2::ICliToolContext
72 [125691171739584] INFO perfrun.launcher <> - create file finder object
73 [125691009951424] INFO perfrun.launcher <> - plugin [remoteplug] was disabled because it doesn't support the given collection type.
73 [125691009951424] INFO perfrun.launcher <> - plugin [system] was disabled because it doesn't support the given collection type.
73 [125691009951424] INFO perfrun.vdso <> - dumping [vdso] pseudomodule
74 [125691009951424] INFO perfrun.launcher <> - plugin [itt] was disabled because it doesn't support the given collection type.
74 [125691009951424] INFO perfrun.launcher <> - plugin [] was disabled because it doesn't support the given collection type.
74 [125691009951424] INFO perfrun.launcher <> - plugin [gpu] was disabled because it doesn't support the given collection type.
74 [125691009951424] INFO perfrun.launcher <> - plugin [] was disabled because it doesn't support the given collection type.
74 [125691009951424] INFO perfrun.launcher <> - plugin [] was disabled because it doesn't support the given collection type.
74 [125691009951424] INFO perfrun.launcher <> - plugin [] was disabled because it doesn't support the given collection type.
74 [125691009951424] INFO perfrun.launcher <> - plugin [mrte] was disabled because it doesn't support the given collection type.
74 [125691009951424] INFO perfrun.launcher <> - plugin [] was disabled because it doesn't support the given collection type.
74 [125691009951424] INFO perfrun.launcher <> - plugin [] was disabled because it doesn't support the given collection type.
74 [125691009951424] INFO perfrun.launcher <> - plugin [] was disabled because it doesn't support the given collection type.
74 [125691009951424] INFO perfrun.launcher <> - plugin [] was disabled because it doesn't support the given collection type.
74 [125691009951424] INFO perfrun.launcher <> - plugin [] was disabled because it doesn't support the given collection type.
74 [125691009951424] INFO perfrun.launcher <> - plugin [] was disabled because it doesn't support the given collection type.
74 [125691009951424] INFO perfrun.launcher <> - plugin [] was disabled because it doesn't support the given collection type.
74 [125691009951424] INFO perfrun.launcher <> - plugin [tpss] was disabled because it doesn't support the given collection type.
74 [125691009951424] INFO perfrun.launcher <> - plugin [] was disabled because it doesn't support the given collection type.
74 [125691009951424] INFO perfrun.launcher <> - plugin [] was disabled because it doesn't support the given collection type.
74 [125691009951424] INFO perfrun.launcher <> - plugin [] was disabled because it doesn't support the given collection type.
74 [125691009951424] INFO perfrun.launcher <> - plugin [] was disabled because it doesn't support the given collection type.
74 [125691009951424] INFO perfrun.launcher <> - plugin [] was disabled because it doesn't support the given collection type.
74 [125691009951424] INFO perfrun.launcher <> - plugin [] was disabled because it doesn't support the given collection type.
74 [125691009951424] INFO perfrun.launcher <> - plugin [] was disabled because it doesn't support the given collection type.
74 [125691009951424] INFO perfrun.launcher <> - plugin [] was disabled because it doesn't support the given collection type.
74 [125691009951424] INFO perfrun.launcher <> - plugin [] was disabled because it doesn't support the given collection type.
74 [125691009951424] INFO perfrun.launcher <> - plugin [] was disabled because it doesn't support the given collection type.
74 [125691171739584] INFO perfrun.launcher <> - Application exit code: 0
75 [125691171739584] INFO perfrun.launcher <> - Exit code: 0
