1 [139379567953856] INFO perfrun.launcher <> - Launcher main begin
2 [139379567953856] INFO perfrun.launcher <> - MessageCatalogInit finished
2 [139379567953856] INFO perfrun.launcher <> - Launcher instance created
2 [139379567953856] INFO perfrun.launcher <> - argc = 7; cmdline = /opt/intel/oneapi/advisor/2025.2/bin64/advixe-runss --ui-output-format xml --ui-output-fd 6 --option-file /home/mqian01/SparseRooflineBenchmark/examples/spmm/5M-v5/e000/hs000/config/runss.options 
153 [139379567953856] INFO perfrun.launcher <> - create msngr2::ICliToolContext
155 [139379567953856] INFO perfrun.launcher <> - create file finder object
156 [139379567953856] INFO perfrun.launcher <> - create a result directory: pattern = /home/mqian01/SparseRooflineBenchmark/examples/spmm/5M-v5/e000/hs000 pid = 4294967295
162 [139379567953856] INFO perfrun.sdk <> - checked that the directory /home/mqian01/SparseRooflineBenchmark/examples/spmm/5M-v5/e000/hs000 is a local directory
163 [139379567953856] INFO perfrun.sdk <> - the directory /home/mqian01/SparseRooflineBenchmark/examples/spmm/5M-v5/e000/hs000 is a local directory with FS type ID 61267
163 [139379567953856] INFO perfrun.launcher <> - create data directory = /home/mqian01/SparseRooflineBenchmark/examples/spmm/5M-v5/e000/hs000/data.0
164 [139379567953856] INFO perfrun.launcher <> - Creating the master collection flag
170 [139379567953856] INFO perfrun.launcher <> - Done creating the master collection flag
176 [139379406268096] INFO perfrun.launcher <> - plugin [remoteplug] was disabled because it doesn't support the given collection type.
177 [139379406268096] INFO perfrun.sdk <> - Allocating TMU :/home/mqian01/SparseRooflineBenchmark/examples/spmm/5M-v5/e000/hs000/data.0/systemcollector-10889-mqian01.sc
178 [139379406268096] INFO perfrun.launcher <> - plugin [] was disabled because it doesn't support the given collection type.
178 [139379406268096] INFO perfrun.launcher <> - plugin [gpu] was disabled because it doesn't support the given collection type.
178 [139379406268096] INFO perfrun.launcher <> - plugin [] was disabled because it doesn't support the given collection type.
178 [139379406268096] INFO perfrun.launcher <> - plugin [] was disabled because it doesn't support the given collection type.
178 [139379406268096] INFO perfrun.launcher <> - plugin [] was disabled because it doesn't support the given collection type.
178 [139379406268096] INFO perfrun.mrte <> - system-wide mode is 0
178 [139379406268096] INFO perfrun.mrte <> - Getting  mrte profiling environment ...
194 [139379406268096] INFO perfrun.mrte <> - INTEL_MRTE_DATA_DIR=/home/mqian01/SparseRooflineBenchmark/examples/spmm/5M-v5/e000/hs000/data.0
194 [139379406268096] INFO perfrun.mrte <> - INTEL_MRTE_HOST_NAME=mqian01
194 [139379406268096] INFO perfrun.mrte <> - JAVA_TOOL_OPTIONS=-agentlib:advixe_samplingmrte_javaprof_1.0 -Dsun.boot.library.path=/opt/intel/oneapi/advisor/2025.2/lib32/runtime:/opt/intel/oneapi/advisor/2025.2/lib64/runtime
194 [139379406268096] INFO perfrun.mrte <> - LD_LIBRARY_PATH=/opt/intel/oneapi/advisor/2025.2/lib32/runtime:/opt/intel/oneapi/advisor/2025.2/lib64/runtime:/opt/intel/oneapi/tcm/1.4/lib:/opt/intel/oneapi/umf/0.11/lib:/opt/intel/oneapi/tbb/2022.2/env/../lib/intel64/gcc4.8:/opt/intel/oneapi/pti/0.12/lib:/opt/intel/oneapi/mpi/2021.16/opt/mpi/libfabric/lib:/opt/intel/oneapi/mpi/2021.16/lib:/opt/intel/oneapi/mkl/2025.2/lib:/opt/intel/oneapi/ippcp/2025.2/lib/:/opt/intel/oneapi/ipp/2022.2/lib:/opt/intel/oneapi/dnnl/2025.2/lib:/opt/intel/oneapi/debugger/2025.2/opt/debugger/lib:/opt/intel/oneapi/dal/2025.6/lib:/opt/intel/oneapi/compiler/2025.2/opt/compiler/lib:/opt/intel/oneapi/compiler/2025.2/lib:/opt/intel/oneapi/ccl/2021.16/lib/
194 [139379406268096] INFO perfrun.mrte <> - Data directory: /home/mqian01/SparseRooflineBenchmark/examples/spmm/5M-v5/e000/hs000/data.0
194 [139379406268096] INFO perfrun.mrte <> - Mrte plugin is initialized
195 [139379406268096] INFO perfrun.launcher <> - plugin [] was disabled because it doesn't support the given collection type.
195 [139379406268096] INFO perfrun.launcher <> - plugin [] was disabled because it doesn't support the given collection type.
195 [139379406268096] INFO perfrun.launcher <> - plugin [] was disabled because it doesn't support the given collection type.
195 [139379406268096] INFO perfrun.launcher <> - plugin [] was disabled because it doesn't support the given collection type.
195 [139379406268096] INFO perfrun.launcher <> - plugin [] was disabled because it doesn't support the given collection type.
195 [139379406268096] INFO perfrun.launcher <> - plugin [] was disabled because it doesn't support the given collection type.
195 [139379406268096] INFO perfrun.launcher <> - plugin [] was disabled because it doesn't support the given collection type.
195 [139379406268096] INFO perfrun.tpss <> - initialize tpss controller
195 [139379406268096] INFO perfrun.tpss <> - configure collection mode: value = cpu:stack
195 [139379406268096] INFO perfrun.tpss <> - default obj-size-min=1024
195 [139379406268096] INFO perfrun.tpss <> - default hash-table-size=0
195 [139379406268096] INFO perfrun.launcher <> - plugin [] was disabled because it doesn't support the given collection type.
195 [139379406268096] INFO perfrun.launcher <> - plugin [] was disabled because it doesn't support the given collection type.
195 [139379406268096] INFO perfrun.launcher <> - plugin [] was disabled because it doesn't support the given collection type.
195 [139379406268096] INFO perfrun.launcher <> - plugin [] was disabled because it doesn't support the given collection type.
195 [139379406268096] INFO perfrun.launcher <> - plugin [] was disabled because it doesn't support the given collection type.
195 [139379406268096] INFO perfrun.launcher <> - plugin [] was disabled because it doesn't support the given collection type.
195 [139379406268096] INFO perfrun.launcher <> - plugin [] was disabled because it doesn't support the given collection type.
195 [139379406268096] INFO perfrun.launcher <> - plugin [] was disabled because it doesn't support the given collection type.
195 [139379406268096] INFO perfrun.launcher <> - plugin [] was disabled because it doesn't support the given collection type.
195 [139379406268096] INFO perfrun.launcher <> - plugin [] was disabled because it doesn't support the given collection type.
196 [139379567953856] INFO perfrun.launcher <> - set environment variable: LD_LIBRARY_PATH = /opt/intel/oneapi/advisor/2025.2/lib32/runtime:/opt/intel/oneapi/advisor/2025.2/lib64/runtime:/opt/intel/oneapi/tcm/1.4/lib:/opt/intel/oneapi/umf/0.11/lib:/opt/intel/oneapi/tbb/2022.2/env/../lib/intel64/gcc4.8:/opt/intel/oneapi/pti/0.12/lib:/opt/intel/oneapi/mpi/2021.16/opt/mpi/libfabric/lib:/opt/intel/oneapi/mpi/2021.16/lib:/opt/intel/oneapi/mkl/2025.2/lib:/opt/intel/oneapi/ippcp/2025.2/lib/:/opt/intel/oneapi/ipp/2022.2/lib:/opt/intel/oneapi/dnnl/2025.2/lib:/opt/intel/oneapi/debugger/2025.2/opt/debugger/lib:/opt/intel/oneapi/dal/2025.6/lib:/opt/intel/oneapi/compiler/2025.2/opt/compiler/lib:/opt/intel/oneapi/compiler/2025.2/lib:/opt/intel/oneapi/ccl/2021.16/lib/
197 [139379567953856] INFO perfrun.launcher <> - set environment variable: INTEL_LIBITTNOTIFY32 = /opt/intel/oneapi/advisor/2025.2/lib32/runtime/libittnotify_collector.so
197 [139379567953856] INFO perfrun.launcher <> - set environment variable: INTEL_LIBITTNOTIFY64 = /opt/intel/oneapi/advisor/2025.2/lib64/runtime/libittnotify_collector.so
198 [139379567953856] INFO perfrun.launcher <> - set environment variable: INTEL_ITTNOTIFY_GROUPS = 
198 [139379567953856] INFO perfrun.launcher <> - set environment variable: INTEL_JIT_PROFILER32 = /opt/intel/oneapi/advisor/2025.2/lib32/runtime/libittnotify_collector.so
199 [139379567953856] INFO perfrun.launcher <> - set environment variable: INTEL_JIT_PROFILER64 = /opt/intel/oneapi/advisor/2025.2/lib64/runtime/libittnotify_collector.so
199 [139379567953856] INFO perfrun.launcher <> - set environment variable: CCL_ITT_LEVEL = 1
200 [139379567953856] INFO perfrun.launcher <> - set environment variable: ENABLE_JITPROFILING = 1
200 [139379567953856] INFO perfrun.launcher <> - set environment variable: CL_CONFIG_USE_VTUNE = True
200 [139379567953856] INFO perfrun.launcher <> - set environment variable: KMP_FORKJOIN_FRAMES = 0
201 [139379567953856] INFO perfrun.launcher <> - set environment variable: KMP_FORKJOIN_FRAMES_MODE = 0
202 [139379567953856] INFO perfrun.launcher <> - set environment variable: INTEL_MRTE_DATA_DIR = /home/mqian01/SparseRooflineBenchmark/examples/spmm/5M-v5/e000/hs000/data.0
202 [139379567953856] INFO perfrun.launcher <> - set environment variable: INTEL_MRTE_HOST_NAME = mqian01
203 [139379567953856] INFO perfrun.launcher <> - set environment variable: JAVA_TOOL_OPTIONS = -agentlib:advixe_samplingmrte_javaprof_1.0 -Dsun.boot.library.path=/opt/intel/oneapi/advisor/2025.2/lib32/runtime:/opt/intel/oneapi/advisor/2025.2/lib64/runtime
205 [139379567953856] INFO perfrun.launcher <> - set environment variable: LD_LIBRARY_PATH = /opt/intel/oneapi/advisor/2025.2/lib32/runtime:/opt/intel/oneapi/advisor/2025.2/lib64/runtime:/opt/intel/oneapi/tcm/1.4/lib:/opt/intel/oneapi/umf/0.11/lib:/opt/intel/oneapi/tbb/2022.2/env/../lib/intel64/gcc4.8:/opt/intel/oneapi/pti/0.12/lib:/opt/intel/oneapi/mpi/2021.16/opt/mpi/libfabric/lib:/opt/intel/oneapi/mpi/2021.16/lib:/opt/intel/oneapi/mkl/2025.2/lib:/opt/intel/oneapi/ippcp/2025.2/lib/:/opt/intel/oneapi/ipp/2022.2/lib:/opt/intel/oneapi/dnnl/2025.2/lib:/opt/intel/oneapi/debugger/2025.2/opt/debugger/lib:/opt/intel/oneapi/dal/2025.6/lib:/opt/intel/oneapi/compiler/2025.2/opt/compiler/lib:/opt/intel/oneapi/compiler/2025.2/lib:/opt/intel/oneapi/ccl/2021.16/lib/
205 [139379567953856] INFO perfrun.launcher <> - RpcServer: run RPC server to handle requests
207 [139379567953856] INFO perfrun.launcher <> - Launcher: command line to start before modification = ./spmm -i data/5Mx5M_5M.mtx -o results
208 [139379567953856] INFO perfrun.launcher <> - Launcher: command line to start after modification = /opt/intel/oneapi/advisor/2025.2/bin64/pin -error_file /home/mqian01/SparseRooflineBenchmark/examples/spmm/5M-v5/e000/hs000/data.0/pinerr.tpsslog -detach_reattach -follow_execv -tool_load_option deepbind -t64 /opt/intel/oneapi/advisor/2025.2/lib64/libtpsstool.so -t /opt/intel/oneapi/advisor/2025.2/lib32/libtpsstool.so -server_name tpss_ipc.10889 -prd_dir /opt/intel/oneapi/advisor/2025.2 -- ./spmm -i data/5Mx5M_5M.mtx -o results
208 [139379567953856] INFO perfrun.launcher <> - ProcessCreator object was created
210 [139379567953856] INFO perfrun.launcher <> - Launcher: the process was started in suspend mode
215 [139379406268096] WARN perfrun.system <> - Could not do anything with /sys/kernel/debug/kvm: boost::filesystem::status: Permission denied [system:13]: "/sys/kernel/debug/kvm", at file: vcs/perfrun1/plugins/system/src/trace_writer.cpp:787
215 [139379406268096] WARN perfrun.system <> - Folder "/var/run/libvirt/qemu/"doesn't exist, at file: vcs/perfrun1/plugins/system/src/trace_writer.cpp:800
219 [139379406268096] WARN perfrun.sdk <> - Failed to find xl binary on any of the system paths: /bin, /sbin, /usr/bin, /usr/sbin., at file: vcs/perfrun1/sdk/src/utils.cpp:205
219 [139379406268096] WARN perfrun.system <> - Only 3 usec accuracy achieved for reference point, at file: vcs/perfrun1/plugins/system/src/trace_writer.cpp:320
236 [139379406268096] INFO perfrun.vdso <> - Helper runtool '/opt/intel/oneapi/advisor/2025.2/bin32/advixe-runss -dump-vdso -r /home/mqian01/SparseRooflineBenchmark/examples/spmm/5M-v5/e000/hs000 --tmp-dir /tmp/advixe-tmp-mqian01' returned 1
366 [139379406268096] INFO perfrun.vdso <> - Helper runtool '/opt/intel/oneapi/advisor/2025.2/bin64/advixe-runss -dump-vdso -r /home/mqian01/SparseRooflineBenchmark/examples/spmm/5M-v5/e000/hs000 --tmp-dir /tmp/advixe-tmp-mqian01' returned 0
366 [139379406268096] INFO perfrun.itt <> - start itt controller for pid #10894
367 [139379406268096] INFO perfrun.tpss <> - start tpss controller for pid #10894
417 [139379567953856] INFO perfrun.launcher <> - Launcher: all plugins were started
418 [139379567953856] INFO perfrun.launcher <> - DirectoryMonitor object was created
418 [139379567953856] INFO perfrun.launcher <> - DirectoryMonitor: a callback was added
418 [139379567953856] INFO perfrun.launcher <> - DirectoryMonitor was started with pingTime = 1000
418 [139379567953856] INFO perfrun.launcher <> - DeadlineTimer is going to be constructed
418 [139379567953856] INFO perfrun.launcher <> - DeadlineTimer: a callback was added
422 [139379567953856] INFO perfrun.launcher <> - Launcher: resume the profiled application and  wait its termination or stop command
9485 [139379567953856] INFO perfrun.launcher <> - Launcher: the profiled application was terminated  with exit code = 0
9492 [139379406268096] INFO perfrun.itt <> - detach itt controller
9492 [139379406268096] INFO perfrun.itt <> - detach itt controller done
9492 [139379406268096] INFO perfrun.tpss <> - stop tpss controller
9493 [139379406268096] INFO perfrun.sdk <> - De-allocating TMU: /home/mqian01/SparseRooflineBenchmark/examples/spmm/5M-v5/e000/hs000/data.0/systemcollector-10889-mqian01.sc
9493 [139379406268096] INFO perfrun.system <> - closed the system trace file: /home/mqian01/SparseRooflineBenchmark/examples/spmm/5M-v5/e000/hs000/data.0/systemcollector-10889-mqian01.sc
9493 [139379567953856] INFO perfrun.launcher <> - Launcher: all plugins were stopped.
9493 [139379567953856] INFO perfrun.launcher <> - DeadlineTimer is going to be destroyed
9493 [139379567953856] INFO perfrun.launcher <> - DeadlineTimer was destroyed
9493 [139379567953856] INFO perfrun.launcher <> - DirectoryMonitor object was destroyed
9493 [139379567953856] WARN perfrun.launcher <> - Stop command is ignored because it is received when collection is already stopped, at file: vcs/perfrun1/launcher/src/command_handler.cpp:226
9494 [139379567953856] INFO perfrun.launcher <> - Application exit code: 0
9495 [139379567953856] INFO perfrun.launcher <> - Exit code: 0
