<?xml version="1.0" encoding="utf-8"?>
<log version="1.0" tool="runtool">

<msg id="1" tool="runtool">
  <type>log-start</type>
  <arg>2025/07/31 08:12:06</arg>
</msg>
<msg id="2" tool="runtool">
  <type>bandwidth-measurement-starts</type>
</msg>
<msg id="3" tool="runtool">
  <type>bandwidth-measurement-done</type>
</msg>
<msg id="4" tool="runtool">
  <type>collector-starts</type>
</msg>
<msg id="5" tool="runtool">
  <type>marker-file</type>
  <arg>/home/mqian01/SparseRooflineBenchmark/examples/spmm/advisor_data/e000/trc000/trc000.advixe</arg>
</msg>
<msg id="6" tool="trc">
  <type>PROCESS_START</type>
  <arg>/home/mqian01/SparseRooflineBenchmark/examples/spmm/spmm</arg>
  <arg>18436</arg>
  <severity>INFO</severity>
  <timestamp>Thu Jul 31 08:12:28 2025</timestamp>
</msg>
<msg id="7" tool="trc">
  <type>PROCESS_ANALYSIS_MODE</type>
  <arg>full</arg>
  <severity>INFO</severity>
  <timestamp>Thu Jul 31 08:12:28 2025</timestamp>
</msg>
<msg id="8" tool="trc">
  <type>LOAD_MODULE</type>
  <arg>/home/mqian01/SparseRooflineBenchmark/examples/spmm/spmm</arg>
  <arg>0x400000</arg>
  <arg>0x484c8f</arg>
  <arg>yes</arg>
  <severity>INFO</severity>
  <timestamp>Thu Jul 31 08:12:28 2025</timestamp>
</msg>
<msg id="9" tool="trc">
  <type>LOAD_MODULE</type>
  <arg>/lib64/ld-linux-x86-64.so.2</arg>
  <arg>0x7ed0af497000</arg>
  <arg>0x7ed0af4d02d7</arg>
  <arg>no</arg>
  <severity>INFO</severity>
  <timestamp>Thu Jul 31 08:12:29 2025</timestamp>
</msg>
<msg id="10" tool="trc">
  <type>LOAD_MODULE</type>
  <arg>[vdso]</arg>
  <arg>0x7ed0af495000</arg>
  <arg>0x7ed0af4960aa</arg>
  <arg>no</arg>
  <severity>INFO</severity>
  <timestamp>Thu Jul 31 08:12:29 2025</timestamp>
</msg>
<msg id="11" tool="trc">
  <type>LOAD_MODULE</type>
  <arg>/lib/x86_64-linux-gnu/libhdf5_serial.so.103</arg>
  <arg>0x7ed099600000</arg>
  <arg>0x7ed099973db7</arg>
  <arg>no</arg>
  <severity>INFO</severity>
  <timestamp>Thu Jul 31 08:12:30 2025</timestamp>
</msg>
<msg id="12" tool="trc">
  <type>LOAD_MODULE</type>
  <arg>/lib/x86_64-linux-gnu/libcjson.so.1</arg>
  <arg>0x7ed099979000</arg>
  <arg>0x7ed09998205f</arg>
  <arg>no</arg>
  <severity>INFO</severity>
  <timestamp>Thu Jul 31 08:12:30 2025</timestamp>
</msg>
<msg id="13" tool="trc">
  <type>LOAD_MODULE</type>
  <arg>/opt/intel/oneapi/mkl/2025.2/lib/libmkl_intel_lp64.so.2</arg>
  <arg>0x7ed098600000</arg>
  <arg>0x7ed09953e707</arg>
  <arg>yes</arg>
  <severity>INFO</severity>
  <timestamp>Thu Jul 31 08:12:30 2025</timestamp>
</msg>
<msg id="14" tool="trc">
  <type>LOAD_MODULE</type>
  <arg>/opt/intel/oneapi/mkl/2025.2/lib/libmkl_sequential.so.2</arg>
  <arg>0x7ed097000000</arg>
  <arg>0x7ed0985a8247</arg>
  <arg>yes</arg>
  <severity>INFO</severity>
  <timestamp>Thu Jul 31 08:12:30 2025</timestamp>
</msg>
<msg id="15" tool="trc">
  <type>LOAD_MODULE</type>
  <arg>/opt/intel/oneapi/mkl/2025.2/lib/libmkl_core.so.2</arg>
  <arg>0x7ed092e00000</arg>
  <arg>0x7ed096e4444f</arg>
  <arg>yes</arg>
  <severity>INFO</severity>
  <timestamp>Thu Jul 31 08:12:31 2025</timestamp>
</msg>
<msg id="16" tool="trc">
  <type>LOAD_MODULE</type>
  <arg>/lib/x86_64-linux-gnu/libm.so.6</arg>
  <arg>0x7ed096f17000</arg>
  <arg>0x7ed096fff017</arg>
  <arg>no</arg>
  <severity>INFO</severity>
  <timestamp>Thu Jul 31 08:12:31 2025</timestamp>
</msg>
<msg id="17" tool="trc">
  <type>LOAD_MODULE</type>
  <arg>/lib/x86_64-linux-gnu/libstdc++.so.6</arg>
  <arg>0x7ed092a00000</arg>
  <arg>0x7ed092c7d13f</arg>
  <arg>no</arg>
  <severity>INFO</severity>
  <timestamp>Thu Jul 31 08:12:31 2025</timestamp>
</msg>
<msg id="18" tool="trc">
  <type>LOAD_MODULE</type>
  <arg>/lib/x86_64-linux-gnu/libgcc_s.so.1</arg>
  <arg>0x7ed0985d2000</arg>
  <arg>0x7ed0985ff3a7</arg>
  <arg>no</arg>
  <severity>INFO</severity>
  <timestamp>Thu Jul 31 08:12:31 2025</timestamp>
</msg>
<msg id="19" tool="trc">
  <type>LOAD_MODULE</type>
  <arg>/lib/x86_64-linux-gnu/libc.so.6</arg>
  <arg>0x7ed092600000</arg>
  <arg>0x7ed092811d8f</arg>
  <arg>no</arg>
  <severity>INFO</severity>
  <timestamp>Thu Jul 31 08:12:31 2025</timestamp>
</msg>
<msg id="20" tool="trc">
  <type>LOAD_MODULE</type>
  <arg>/lib/x86_64-linux-gnu/libcrypto.so.3</arg>
  <arg>0x7ed092000000</arg>
  <arg>0x7ed092512bcf</arg>
  <arg>no</arg>
  <severity>INFO</severity>
  <timestamp>Thu Jul 31 08:12:31 2025</timestamp>
</msg>
<msg id="21" tool="trc">
  <type>LOAD_MODULE</type>
  <arg>/lib/x86_64-linux-gnu/libcurl.so.4</arg>
  <arg>0x7ed092d3f000</arg>
  <arg>0x7ed092dffbcf</arg>
  <arg>no</arg>
  <severity>INFO</severity>
  <timestamp>Thu Jul 31 08:12:31 2025</timestamp>
</msg>
<msg id="22" tool="trc">
  <type>LOAD_MODULE</type>
  <arg>/lib/x86_64-linux-gnu/libsz.so.2</arg>
  <arg>0x7ed0985c0000</arg>
  <arg>0x7ed0985c400f</arg>
  <arg>no</arg>
  <severity>INFO</severity>
  <timestamp>Thu Jul 31 08:12:31 2025</timestamp>
</msg>
<msg id="23" tool="trc">
  <type>LOAD_MODULE</type>
  <arg>/lib/x86_64-linux-gnu/libz.so.1</arg>
  <arg>0x7ed096eda000</arg>
  <arg>0x7ed096ef5097</arg>
  <arg>no</arg>
  <severity>INFO</severity>
  <timestamp>Thu Jul 31 08:12:31 2025</timestamp>
</msg>
<msg id="24" tool="trc">
  <type>LOAD_MODULE</type>
  <arg>/lib/x86_64-linux-gnu/libdl.so.2</arg>
  <arg>0x7ed0985b6000</arg>
  <arg>0x7ed0985ba00f</arg>
  <arg>no</arg>
  <severity>INFO</severity>
  <timestamp>Thu Jul 31 08:12:31 2025</timestamp>
</msg>
<msg id="25" tool="trc">
  <type>LOAD_MODULE</type>
  <arg>/lib/x86_64-linux-gnu/libpthread.so.0</arg>
  <arg>0x7ed096ed5000</arg>
  <arg>0x7ed096ed900f</arg>
  <arg>no</arg>
  <severity>INFO</severity>
  <timestamp>Thu Jul 31 08:12:31 2025</timestamp>
</msg>
<msg id="26" tool="trc">
  <type>LOAD_MODULE</type>
  <arg>/lib/x86_64-linux-gnu/libnghttp2.so.14</arg>
  <arg>0x7ed096e89000</arg>
  <arg>0x7ed096eb30ef</arg>
  <arg>no</arg>
  <severity>INFO</severity>
  <timestamp>Thu Jul 31 08:12:31 2025</timestamp>
</msg>
<msg id="27" tool="trc">
  <type>LOAD_MODULE</type>
  <arg>/lib/x86_64-linux-gnu/libidn2.so.0</arg>
  <arg>0x7ed096e67000</arg>
  <arg>0x7ed096e8800f</arg>
  <arg>no</arg>
  <severity>INFO</severity>
  <timestamp>Thu Jul 31 08:12:31 2025</timestamp>
</msg>
<msg id="28" tool="trc">
  <type>LOAD_MODULE</type>
  <arg>/lib/x86_64-linux-gnu/librtmp.so.1</arg>
  <arg>0x7ed096e49000</arg>
  <arg>0x7ed096e6639f</arg>
  <arg>no</arg>
  <severity>INFO</severity>
  <timestamp>Thu Jul 31 08:12:31 2025</timestamp>
</msg>
<msg id="29" tool="trc">
  <type>LOAD_MODULE</type>
  <arg>/lib/x86_64-linux-gnu/libssh.so.4</arg>
  <arg>0x7ed092cce000</arg>
  <arg>0x7ed092d3e60f</arg>
  <arg>no</arg>
  <severity>INFO</severity>
  <timestamp>Thu Jul 31 08:12:31 2025</timestamp>
</msg>
<msg id="30" tool="trc">
  <type>LOAD_MODULE</type>
  <arg>/lib/x86_64-linux-gnu/libpsl.so.5</arg>
  <arg>0x7ed092cba000</arg>
  <arg>0x7ed092ccd00f</arg>
  <arg>no</arg>
  <severity>INFO</severity>
  <timestamp>Thu Jul 31 08:12:31 2025</timestamp>
</msg>
<msg id="31" tool="trc">
  <type>LOAD_MODULE</type>
  <arg>/lib/x86_64-linux-gnu/libssl.so.3</arg>
  <arg>0x7ed092956000</arg>
  <arg>0x7ed0929ff86f</arg>
  <arg>no</arg>
  <severity>INFO</severity>
  <timestamp>Thu Jul 31 08:12:31 2025</timestamp>
</msg>
<msg id="32" tool="trc">
  <type>LOAD_MODULE</type>
  <arg>/lib/x86_64-linux-gnu/libgssapi_krb5.so.2</arg>
  <arg>0x7ed092902000</arg>
  <arg>0x7ed092955457</arg>
  <arg>no</arg>
  <severity>INFO</severity>
  <timestamp>Thu Jul 31 08:12:31 2025</timestamp>
</msg>
<msg id="33" tool="trc">
  <type>LOAD_MODULE</type>
  <arg>/lib/x86_64-linux-gnu/libldap.so.2</arg>
  <arg>0x7ed0928a5000</arg>
  <arg>0x7ed092901b47</arg>
  <arg>no</arg>
  <severity>INFO</severity>
  <timestamp>Thu Jul 31 08:12:31 2025</timestamp>
</msg>
<msg id="34" tool="trc">
  <type>LOAD_MODULE</type>
  <arg>/lib/x86_64-linux-gnu/liblber.so.2</arg>
  <arg>0x7ed092c89000</arg>
  <arg>0x7ed092c981a7</arg>
  <arg>no</arg>
  <severity>INFO</severity>
  <timestamp>Thu Jul 31 08:12:31 2025</timestamp>
</msg>
<msg id="35" tool="trc">
  <type>LOAD_MODULE</type>
  <arg>/lib/x86_64-linux-gnu/libzstd.so.1</arg>
  <arg>0x7ed092546000</arg>
  <arg>0x7ed0925ff037</arg>
  <arg>no</arg>
  <severity>INFO</severity>
  <timestamp>Thu Jul 31 08:12:31 2025</timestamp>
</msg>
<msg id="36" tool="trc">
  <type>LOAD_MODULE</type>
  <arg>/lib/x86_64-linux-gnu/libbrotlidec.so.1</arg>
  <arg>0x7ed092897000</arg>
  <arg>0x7ed0928a4067</arg>
  <arg>no</arg>
  <severity>INFO</severity>
  <timestamp>Thu Jul 31 08:12:31 2025</timestamp>
</msg>
<msg id="37" tool="trc">
  <type>LOAD_MODULE</type>
  <arg>/lib/x86_64-linux-gnu/libaec.so.0</arg>
  <arg>0x7ed09286d000</arg>
  <arg>0x7ed09287500f</arg>
  <arg>no</arg>
  <severity>INFO</severity>
  <timestamp>Thu Jul 31 08:12:31 2025</timestamp>
</msg>
<msg id="38" tool="trc">
  <type>LOAD_MODULE</type>
  <arg>/lib/x86_64-linux-gnu/libunistring.so.5</arg>
  <arg>0x7ed091e53000</arg>
  <arg>0x7ed091fff8e7</arg>
  <arg>no</arg>
  <severity>INFO</severity>
  <timestamp>Thu Jul 31 08:12:31 2025</timestamp>
</msg>
<msg id="39" tool="trc">
  <type>LOAD_MODULE</type>
  <arg>/lib/x86_64-linux-gnu/libgnutls.so.30</arg>
  <arg>0x7ed091c59000</arg>
  <arg>0x7ed091e52d1f</arg>
  <arg>no</arg>
  <severity>INFO</severity>
  <timestamp>Thu Jul 31 08:12:31 2025</timestamp>
</msg>
<msg id="40" tool="trc">
  <type>LOAD_MODULE</type>
  <arg>/lib/x86_64-linux-gnu/libhogweed.so.6</arg>
  <arg>0x7ed092825000</arg>
  <arg>0x7ed09286c00f</arg>
  <arg>no</arg>
  <severity>INFO</severity>
  <timestamp>Thu Jul 31 08:12:31 2025</timestamp>
</msg>
<msg id="41" tool="trc">
  <type>LOAD_MODULE</type>
  <arg>/lib/x86_64-linux-gnu/libnettle.so.8</arg>
  <arg>0x7ed091c04000</arg>
  <arg>0x7ed091c5807f</arg>
  <arg>no</arg>
  <severity>INFO</severity>
  <timestamp>Thu Jul 31 08:12:31 2025</timestamp>
</msg>
<msg id="42" tool="trc">
  <type>LOAD_MODULE</type>
  <arg>/lib/x86_64-linux-gnu/libgmp.so.10</arg>
  <arg>0x7ed091b80000</arg>
  <arg>0x7ed091c031ef</arg>
  <arg>no</arg>
  <severity>INFO</severity>
  <timestamp>Thu Jul 31 08:12:31 2025</timestamp>
</msg>
<msg id="43" tool="trc">
  <type>LOAD_MODULE</type>
  <arg>/lib/x86_64-linux-gnu/libkrb5.so.3</arg>
  <arg>0x7ed091ab7000</arg>
  <arg>0x7ed091b7fb0f</arg>
  <arg>no</arg>
  <severity>INFO</severity>
  <timestamp>Thu Jul 31 08:12:31 2025</timestamp>
</msg>
<msg id="44" tool="trc">
  <type>LOAD_MODULE</type>
  <arg>/lib/x86_64-linux-gnu/libk5crypto.so.3</arg>
  <arg>0x7ed09251a000</arg>
  <arg>0x7ed092545107</arg>
  <arg>no</arg>
  <severity>INFO</severity>
  <timestamp>Thu Jul 31 08:12:31 2025</timestamp>
</msg>
<msg id="45" tool="trc">
  <type>LOAD_MODULE</type>
  <arg>/lib/x86_64-linux-gnu/libcom_err.so.2</arg>
  <arg>0x7ed092c7f000</arg>
  <arg>0x7ed092c84047</arg>
  <arg>no</arg>
  <severity>INFO</severity>
  <timestamp>Thu Jul 31 08:12:31 2025</timestamp>
</msg>
<msg id="46" tool="trc">
  <type>LOAD_MODULE</type>
  <arg>/lib/x86_64-linux-gnu/libkrb5support.so.0</arg>
  <arg>0x7ed092818000</arg>
  <arg>0x7ed0928243cf</arg>
  <arg>no</arg>
  <severity>INFO</severity>
  <timestamp>Thu Jul 31 08:12:31 2025</timestamp>
</msg>
<msg id="47" tool="trc">
  <type>LOAD_MODULE</type>
  <arg>/lib/x86_64-linux-gnu/libsasl2.so.2</arg>
  <arg>0x7ed091a9d000</arg>
  <arg>0x7ed091ab639f</arg>
  <arg>no</arg>
  <severity>INFO</severity>
  <timestamp>Thu Jul 31 08:12:31 2025</timestamp>
</msg>
<msg id="48" tool="trc">
  <type>LOAD_MODULE</type>
  <arg>/lib/x86_64-linux-gnu/libbrotlicommon.so.1</arg>
  <arg>0x7ed091a7a000</arg>
  <arg>0x7ed091a9c027</arg>
  <arg>no</arg>
  <severity>INFO</severity>
  <timestamp>Thu Jul 31 08:12:31 2025</timestamp>
</msg>
<msg id="49" tool="trc">
  <type>LOAD_MODULE</type>
  <arg>/lib/x86_64-linux-gnu/libp11-kit.so.0</arg>
  <arg>0x7ed0918d6000</arg>
  <arg>0x7ed091a79687</arg>
  <arg>no</arg>
  <severity>INFO</severity>
  <timestamp>Thu Jul 31 08:12:32 2025</timestamp>
</msg>
<msg id="50" tool="trc">
  <type>LOAD_MODULE</type>
  <arg>/lib/x86_64-linux-gnu/libtasn1.so.6</arg>
  <arg>0x7ed0918c0000</arg>
  <arg>0x7ed0918d5227</arg>
  <arg>no</arg>
  <severity>INFO</severity>
  <timestamp>Thu Jul 31 08:12:32 2025</timestamp>
</msg>
<msg id="51" tool="trc">
  <type>LOAD_MODULE</type>
  <arg>/lib/x86_64-linux-gnu/libkeyutils.so.1</arg>
  <arg>0x7ed092513000</arg>
  <arg>0x7ed09251900f</arg>
  <arg>no</arg>
  <severity>INFO</severity>
  <timestamp>Thu Jul 31 08:12:32 2025</timestamp>
</msg>
<msg id="52" tool="trc">
  <type>LOAD_MODULE</type>
  <arg>/lib/x86_64-linux-gnu/libresolv.so.2</arg>
  <arg>0x7ed0918ad000</arg>
  <arg>0x7ed0918bf887</arg>
  <arg>no</arg>
  <severity>INFO</severity>
  <timestamp>Thu Jul 31 08:12:32 2025</timestamp>
</msg>
<msg id="53" tool="trc">
  <type>LOAD_MODULE</type>
  <arg>/lib/x86_64-linux-gnu/libffi.so.8</arg>
  <arg>0x7ed0918a1000</arg>
  <arg>0x7ed0918ac60f</arg>
  <arg>no</arg>
  <severity>INFO</severity>
  <timestamp>Thu Jul 31 08:12:32 2025</timestamp>
</msg>
<msg id="54" tool="trc">
  <type>LOAD_MODULE</type>
  <arg>/opt/intel/oneapi/advisor/2025.2/lib64/runtime/libittnotify.so</arg>
  <arg>0x7ed080000000</arg>
  <arg>0x7ed0802190af</arg>
  <arg>no</arg>
  <severity>INFO</severity>
  <timestamp>Thu Jul 31 08:12:35 2025</timestamp>
</msg>
<msg id="55" tool="trc">
  <type>LOAD_MODULE</type>
  <arg>/opt/intel/oneapi/mkl/2025.2/lib/libmkl_avx2.so.2</arg>
  <arg>0x7ed07ca00000</arg>
  <arg>0x7ed07f6b6717</arg>
  <arg>yes</arg>
  <severity>INFO</severity>
  <timestamp>Thu Jul 31 08:12:36 2025</timestamp>
</msg>
<msg id="56" tool="trc">
  <type>LOAD_MODULE</type>
  <arg>/opt/intel/oneapi/mkl/2025.2/lib/libmkl_vml_avx2.so.2</arg>
  <arg>0x7ed07ba00000</arg>
  <arg>0x7ed07c891317</arg>
  <arg>yes</arg>
  <severity>INFO</severity>
  <timestamp>Thu Jul 31 08:12:37 2025</timestamp>
</msg>
<msg id="57" tool="trc">
  <type>UNLOAD_MODULE</type>
  <arg>/home/mqian01/SparseRooflineBenchmark/examples/spmm/spmm</arg>
  <severity>INFO</severity>
  <timestamp>Thu Jul 31 08:12:39 2025</timestamp>
</msg>
<msg id="58" tool="trc">
  <type>UNLOAD_MODULE</type>
  <arg>/lib64/ld-linux-x86-64.so.2</arg>
  <severity>INFO</severity>
  <timestamp>Thu Jul 31 08:12:39 2025</timestamp>
</msg>
<msg id="59" tool="trc">
  <type>UNLOAD_MODULE</type>
  <arg>[vdso]</arg>
  <severity>INFO</severity>
  <timestamp>Thu Jul 31 08:12:39 2025</timestamp>
</msg>
<msg id="60" tool="trc">
  <type>UNLOAD_MODULE</type>
  <arg>/lib/x86_64-linux-gnu/libhdf5_serial.so.103</arg>
  <severity>INFO</severity>
  <timestamp>Thu Jul 31 08:12:39 2025</timestamp>
</msg>
<msg id="61" tool="trc">
  <type>UNLOAD_MODULE</type>
  <arg>/lib/x86_64-linux-gnu/libcjson.so.1</arg>
  <severity>INFO</severity>
  <timestamp>Thu Jul 31 08:12:39 2025</timestamp>
</msg>
<msg id="62" tool="trc">
  <type>UNLOAD_MODULE</type>
  <arg>/opt/intel/oneapi/mkl/2025.2/lib/libmkl_intel_lp64.so.2</arg>
  <severity>INFO</severity>
  <timestamp>Thu Jul 31 08:12:39 2025</timestamp>
</msg>
<msg id="63" tool="trc">
  <type>UNLOAD_MODULE</type>
  <arg>/opt/intel/oneapi/mkl/2025.2/lib/libmkl_sequential.so.2</arg>
  <severity>INFO</severity>
  <timestamp>Thu Jul 31 08:12:39 2025</timestamp>
</msg>
<msg id="64" tool="trc">
  <type>UNLOAD_MODULE</type>
  <arg>/opt/intel/oneapi/mkl/2025.2/lib/libmkl_core.so.2</arg>
  <severity>INFO</severity>
  <timestamp>Thu Jul 31 08:12:39 2025</timestamp>
</msg>
<msg id="65" tool="trc">
  <type>UNLOAD_MODULE</type>
  <arg>/lib/x86_64-linux-gnu/libm.so.6</arg>
  <severity>INFO</severity>
  <timestamp>Thu Jul 31 08:12:39 2025</timestamp>
</msg>
<msg id="66" tool="trc">
  <type>UNLOAD_MODULE</type>
  <arg>/lib/x86_64-linux-gnu/libstdc++.so.6</arg>
  <severity>INFO</severity>
  <timestamp>Thu Jul 31 08:12:39 2025</timestamp>
</msg>
<msg id="67" tool="trc">
  <type>UNLOAD_MODULE</type>
  <arg>/lib/x86_64-linux-gnu/libgcc_s.so.1</arg>
  <severity>INFO</severity>
  <timestamp>Thu Jul 31 08:12:39 2025</timestamp>
</msg>
<msg id="68" tool="trc">
  <type>UNLOAD_MODULE</type>
  <arg>/lib/x86_64-linux-gnu/libc.so.6</arg>
  <severity>INFO</severity>
  <timestamp>Thu Jul 31 08:12:39 2025</timestamp>
</msg>
<msg id="69" tool="trc">
  <type>UNLOAD_MODULE</type>
  <arg>/lib/x86_64-linux-gnu/libcrypto.so.3</arg>
  <severity>INFO</severity>
  <timestamp>Thu Jul 31 08:12:39 2025</timestamp>
</msg>
<msg id="70" tool="trc">
  <type>UNLOAD_MODULE</type>
  <arg>/lib/x86_64-linux-gnu/libcurl.so.4</arg>
  <severity>INFO</severity>
  <timestamp>Thu Jul 31 08:12:39 2025</timestamp>
</msg>
<msg id="71" tool="trc">
  <type>UNLOAD_MODULE</type>
  <arg>/lib/x86_64-linux-gnu/libsz.so.2</arg>
  <severity>INFO</severity>
  <timestamp>Thu Jul 31 08:12:39 2025</timestamp>
</msg>
<msg id="72" tool="trc">
  <type>UNLOAD_MODULE</type>
  <arg>/lib/x86_64-linux-gnu/libz.so.1</arg>
  <severity>INFO</severity>
  <timestamp>Thu Jul 31 08:12:39 2025</timestamp>
</msg>
<msg id="73" tool="trc">
  <type>UNLOAD_MODULE</type>
  <arg>/lib/x86_64-linux-gnu/libdl.so.2</arg>
  <severity>INFO</severity>
  <timestamp>Thu Jul 31 08:12:39 2025</timestamp>
</msg>
<msg id="74" tool="trc">
  <type>UNLOAD_MODULE</type>
  <arg>/lib/x86_64-linux-gnu/libpthread.so.0</arg>
  <severity>INFO</severity>
  <timestamp>Thu Jul 31 08:12:39 2025</timestamp>
</msg>
<msg id="75" tool="trc">
  <type>UNLOAD_MODULE</type>
  <arg>/lib/x86_64-linux-gnu/libnghttp2.so.14</arg>
  <severity>INFO</severity>
  <timestamp>Thu Jul 31 08:12:39 2025</timestamp>
</msg>
<msg id="76" tool="trc">
  <type>UNLOAD_MODULE</type>
  <arg>/lib/x86_64-linux-gnu/libidn2.so.0</arg>
  <severity>INFO</severity>
  <timestamp>Thu Jul 31 08:12:39 2025</timestamp>
</msg>
<msg id="77" tool="trc">
  <type>UNLOAD_MODULE</type>
  <arg>/lib/x86_64-linux-gnu/librtmp.so.1</arg>
  <severity>INFO</severity>
  <timestamp>Thu Jul 31 08:12:39 2025</timestamp>
</msg>
<msg id="78" tool="trc">
  <type>UNLOAD_MODULE</type>
  <arg>/lib/x86_64-linux-gnu/libssh.so.4</arg>
  <severity>INFO</severity>
  <timestamp>Thu Jul 31 08:12:39 2025</timestamp>
</msg>
<msg id="79" tool="trc">
  <type>UNLOAD_MODULE</type>
  <arg>/lib/x86_64-linux-gnu/libpsl.so.5</arg>
  <severity>INFO</severity>
  <timestamp>Thu Jul 31 08:12:39 2025</timestamp>
</msg>
<msg id="80" tool="trc">
  <type>UNLOAD_MODULE</type>
  <arg>/lib/x86_64-linux-gnu/libssl.so.3</arg>
  <severity>INFO</severity>
  <timestamp>Thu Jul 31 08:12:39 2025</timestamp>
</msg>
<msg id="81" tool="trc">
  <type>UNLOAD_MODULE</type>
  <arg>/lib/x86_64-linux-gnu/libgssapi_krb5.so.2</arg>
  <severity>INFO</severity>
  <timestamp>Thu Jul 31 08:12:39 2025</timestamp>
</msg>
<msg id="82" tool="trc">
  <type>UNLOAD_MODULE</type>
  <arg>/lib/x86_64-linux-gnu/libldap.so.2</arg>
  <severity>INFO</severity>
  <timestamp>Thu Jul 31 08:12:39 2025</timestamp>
</msg>
<msg id="83" tool="trc">
  <type>UNLOAD_MODULE</type>
  <arg>/lib/x86_64-linux-gnu/liblber.so.2</arg>
  <severity>INFO</severity>
  <timestamp>Thu Jul 31 08:12:39 2025</timestamp>
</msg>
<msg id="84" tool="trc">
  <type>UNLOAD_MODULE</type>
  <arg>/lib/x86_64-linux-gnu/libzstd.so.1</arg>
  <severity>INFO</severity>
  <timestamp>Thu Jul 31 08:12:39 2025</timestamp>
</msg>
<msg id="85" tool="trc">
  <type>UNLOAD_MODULE</type>
  <arg>/lib/x86_64-linux-gnu/libbrotlidec.so.1</arg>
  <severity>INFO</severity>
  <timestamp>Thu Jul 31 08:12:39 2025</timestamp>
</msg>
<msg id="86" tool="trc">
  <type>UNLOAD_MODULE</type>
  <arg>/lib/x86_64-linux-gnu/libaec.so.0</arg>
  <severity>INFO</severity>
  <timestamp>Thu Jul 31 08:12:39 2025</timestamp>
</msg>
<msg id="87" tool="trc">
  <type>UNLOAD_MODULE</type>
  <arg>/lib/x86_64-linux-gnu/libunistring.so.5</arg>
  <severity>INFO</severity>
  <timestamp>Thu Jul 31 08:12:39 2025</timestamp>
</msg>
<msg id="88" tool="trc">
  <type>UNLOAD_MODULE</type>
  <arg>/lib/x86_64-linux-gnu/libgnutls.so.30</arg>
  <severity>INFO</severity>
  <timestamp>Thu Jul 31 08:12:39 2025</timestamp>
</msg>
<msg id="89" tool="trc">
  <type>UNLOAD_MODULE</type>
  <arg>/lib/x86_64-linux-gnu/libhogweed.so.6</arg>
  <severity>INFO</severity>
  <timestamp>Thu Jul 31 08:12:39 2025</timestamp>
</msg>
<msg id="90" tool="trc">
  <type>UNLOAD_MODULE</type>
  <arg>/lib/x86_64-linux-gnu/libnettle.so.8</arg>
  <severity>INFO</severity>
  <timestamp>Thu Jul 31 08:12:39 2025</timestamp>
</msg>
<msg id="91" tool="trc">
  <type>UNLOAD_MODULE</type>
  <arg>/lib/x86_64-linux-gnu/libgmp.so.10</arg>
  <severity>INFO</severity>
  <timestamp>Thu Jul 31 08:12:39 2025</timestamp>
</msg>
<msg id="92" tool="trc">
  <type>UNLOAD_MODULE</type>
  <arg>/lib/x86_64-linux-gnu/libkrb5.so.3</arg>
  <severity>INFO</severity>
  <timestamp>Thu Jul 31 08:12:39 2025</timestamp>
</msg>
<msg id="93" tool="trc">
  <type>UNLOAD_MODULE</type>
  <arg>/lib/x86_64-linux-gnu/libk5crypto.so.3</arg>
  <severity>INFO</severity>
  <timestamp>Thu Jul 31 08:12:39 2025</timestamp>
</msg>
<msg id="94" tool="trc">
  <type>UNLOAD_MODULE</type>
  <arg>/lib/x86_64-linux-gnu/libcom_err.so.2</arg>
  <severity>INFO</severity>
  <timestamp>Thu Jul 31 08:12:39 2025</timestamp>
</msg>
<msg id="95" tool="trc">
  <type>UNLOAD_MODULE</type>
  <arg>/lib/x86_64-linux-gnu/libkrb5support.so.0</arg>
  <severity>INFO</severity>
  <timestamp>Thu Jul 31 08:12:39 2025</timestamp>
</msg>
<msg id="96" tool="trc">
  <type>UNLOAD_MODULE</type>
  <arg>/lib/x86_64-linux-gnu/libsasl2.so.2</arg>
  <severity>INFO</severity>
  <timestamp>Thu Jul 31 08:12:39 2025</timestamp>
</msg>
<msg id="97" tool="trc">
  <type>UNLOAD_MODULE</type>
  <arg>/lib/x86_64-linux-gnu/libbrotlicommon.so.1</arg>
  <severity>INFO</severity>
  <timestamp>Thu Jul 31 08:12:39 2025</timestamp>
</msg>
<msg id="98" tool="trc">
  <type>UNLOAD_MODULE</type>
  <arg>/lib/x86_64-linux-gnu/libp11-kit.so.0</arg>
  <severity>INFO</severity>
  <timestamp>Thu Jul 31 08:12:39 2025</timestamp>
</msg>
<msg id="99" tool="trc">
  <type>UNLOAD_MODULE</type>
  <arg>/lib/x86_64-linux-gnu/libtasn1.so.6</arg>
  <severity>INFO</severity>
  <timestamp>Thu Jul 31 08:12:39 2025</timestamp>
</msg>
<msg id="100" tool="trc">
  <type>UNLOAD_MODULE</type>
  <arg>/lib/x86_64-linux-gnu/libkeyutils.so.1</arg>
  <severity>INFO</severity>
  <timestamp>Thu Jul 31 08:12:39 2025</timestamp>
</msg>
<msg id="101" tool="trc">
  <type>UNLOAD_MODULE</type>
  <arg>/lib/x86_64-linux-gnu/libresolv.so.2</arg>
  <severity>INFO</severity>
  <timestamp>Thu Jul 31 08:12:39 2025</timestamp>
</msg>
<msg id="102" tool="trc">
  <type>UNLOAD_MODULE</type>
  <arg>/lib/x86_64-linux-gnu/libffi.so.8</arg>
  <severity>INFO</severity>
  <timestamp>Thu Jul 31 08:12:39 2025</timestamp>
</msg>
<msg id="103" tool="trc">
  <type>UNLOAD_MODULE</type>
  <arg>/opt/intel/oneapi/advisor/2025.2/lib64/runtime/libittnotify.so</arg>
  <severity>INFO</severity>
  <timestamp>Thu Jul 31 08:12:39 2025</timestamp>
</msg>
<msg id="104" tool="trc">
  <type>UNLOAD_MODULE</type>
  <arg>/opt/intel/oneapi/mkl/2025.2/lib/libmkl_avx2.so.2</arg>
  <severity>INFO</severity>
  <timestamp>Thu Jul 31 08:12:39 2025</timestamp>
</msg>
<msg id="105" tool="trc">
  <type>UNLOAD_MODULE</type>
  <arg>/opt/intel/oneapi/mkl/2025.2/lib/libmkl_vml_avx2.so.2</arg>
  <severity>INFO</severity>
  <timestamp>Thu Jul 31 08:12:39 2025</timestamp>
</msg>
<msg id="106" tool="trc">
  <type>PROCESS_FINISH</type>
  <arg>/home/mqian01/SparseRooflineBenchmark/examples/spmm/spmm</arg>
  <arg>18436</arg>
  <arg>0x0</arg>
  <severity>INFO</severity>
  <timestamp>Thu Jul 31 08:12:39 2025</timestamp>
</msg>
<msg id="107" tool="runtool">
  <type>app-exit-code</type>
  <arg>0</arg>
</msg>
<msg id="108" tool="runtool">
  <type>marker-file</type>
  <arg>/home/mqian01/SparseRooflineBenchmark/examples/spmm/advisor_data/e000/trc000/trc000.advixe</arg>
</msg>
<msg id="109" tool="runtool">
  <type>collector-done</type>
</msg>
<msg id="110" tool="runtool">
  <type>log-end</type>
  <arg>2025/07/31 08:12:43</arg>
</msg>

</log>

