<?xml version="1.0" encoding="utf-8" ?>
<!-- DO NOT EDIT THIS FILE -->

<log version='2.0' source='trc'>
	<msg id='1' display='false' source='trc'>
		<type>PROCESS_START</type>
		<severity>INFO</severity>
		<timestamp>Thu Jul 31 08:12:28 2025</timestamp>
		<arg name='process'>/home/mqian01/SparseRooflineBenchmark/examples/spmm/spmm</arg>
		<arg name='pid'>18436</arg>
	</msg>
	<!-- Instrumentation filter's state:
    Patterns applicability:
        Generic loop pattern.....................: enabled
        Generic loop pattern (with dynamic jumps): enabled
        Known trip value loop pattern............: enabled
        Runtime final value loop pattern.........: enabled
        No initial IV loop pattern...............: enabled
        IV step only loop pattern................: enabled
        No entry loop pattern....................: enabled
    Clustered memory model (CMM) applicability:
        Generic loop pattern.....................: enabled
        Generic loop pattern (with dynamic jumps): enabled
        Known trip value loop pattern............: enabled
        Runtime final value loop pattern.........: enabled
        No initial IV loop pattern...............: enabled
        IV step only loop pattern................: enabled
        No entry loop pattern....................: disabled
 -->
	<!-- Callstack mode:
    filter modules.........: true
    filter routines........: true
    count loops............: false
    count flops............: false
    trace..................: false
    extended trace.........: false
    omp trace..............: false
    jit trace..............: false
    failures trace.........: false
    dump raw...............: false
    dump final.............: false
    dump all...............: false
    stack stitching........: true
    stl profiling..........: true
    aggressive frame switch: true
    unwind frame exit......: true
    analyze child loops....: true
 -->
	<!-- Managed application profiling: -->
	<!-- 	State...................: enabled -->
	<!-- GPU Profiling: -->
	<!-- 	State    : disabled -->
	<!-- 	Filter   : * -->
	<!-- 	GPUs     : none -->
	<!-- 	Options  :  -->
	<!-- 	Instances:  -->
	<!-- 	Matching : strict -->
	<msg id='2' display='false' source='trc'>
		<type>PROCESS_ANALYSIS_MODE</type>
		<severity>INFO</severity>
		<timestamp>Thu Jul 31 08:12:28 2025</timestamp>
		<arg name='mode'>full</arg>
	</msg>
	<!-- Update image info for [1:0x400000:YN] /home/mqian01/SparseRooflineBenchmark/examples/spmm/spmm -->
	<msg id='3' display='false' source='trc'>
		<type>LOAD_MODULE</type>
		<severity>INFO</severity>
		<timestamp>Thu Jul 31 08:12:28 2025</timestamp>
		<arg name='module'>/home/mqian01/SparseRooflineBenchmark/examples/spmm/spmm</arg>
		<arg name='basement'>0x400000</arg>
		<arg name='ceiling'>0x484c8f</arg>
		<arg name='symtab'>yes</arg>
	</msg>
	<!-- Instrumenting image: id = 1, name = /home/mqian01/SparseRooflineBenchmark/examples/spmm/spmm -->
	<!-- Instrumenting loops in routine "bsp_convert_matrix" -->
	<!-- Instrumenting loops in routine "__annotate_routines_init" with dynamic jumps -->
	<!-- Instrumenting loops in routine "experiment_spmm_csr<double, int>" -->
	<!-- Instrumenting loops in routine "bsp_mmread_explicit_coordinate" with dynamic jumps -->
	<!-- Instrumenting loops in routine "bsp_read_matrix" -->
	<!-- Update image info for [2:0x7ED0AF497000:NN] /lib64/ld-linux-x86-64.so.2 -->
	<msg id='4' display='false' source='trc'>
		<type>LOAD_MODULE</type>
		<severity>INFO</severity>
		<timestamp>Thu Jul 31 08:12:29 2025</timestamp>
		<arg name='module'>/lib64/ld-linux-x86-64.so.2</arg>
		<arg name='basement'>0x7ed0af497000</arg>
		<arg name='ceiling'>0x7ed0af4d02d7</arg>
		<arg name='symtab'>no</arg>
	</msg>
	<!-- Instrumentation of /lib64/ld-linux-x86-64.so.2 image skipped because of filter conditions. -->
	<!-- Update image info for [3:0x7ED0AF495000:NN] [vdso] -->
	<msg id='5' display='false' source='trc'>
		<type>LOAD_MODULE</type>
		<severity>INFO</severity>
		<timestamp>Thu Jul 31 08:12:29 2025</timestamp>
		<arg name='module'>[vdso]</arg>
		<arg name='basement'>0x7ed0af495000</arg>
		<arg name='ceiling'>0x7ed0af4960aa</arg>
		<arg name='symtab'>no</arg>
	</msg>
	<!-- Instrumentation of [vdso] image skipped because of filter conditions [cs-mode]. -->
	<!-- Update image info for [4:0x7ED099600000:NN] /lib/x86_64-linux-gnu/libhdf5_serial.so.103 -->
	<msg id='6' display='false' source='trc'>
		<type>LOAD_MODULE</type>
		<severity>INFO</severity>
		<timestamp>Thu Jul 31 08:12:30 2025</timestamp>
		<arg name='module'>/lib/x86_64-linux-gnu/libhdf5_serial.so.103</arg>
		<arg name='basement'>0x7ed099600000</arg>
		<arg name='ceiling'>0x7ed099973db7</arg>
		<arg name='symtab'>no</arg>
	</msg>
	<!-- Instrumentation of /lib/x86_64-linux-gnu/libhdf5_serial.so.103 image skipped because of filter conditions [cs-mode]. -->
	<!-- Update image info for [5:0x7ED099979000:NN] /lib/x86_64-linux-gnu/libcjson.so.1 -->
	<msg id='7' display='false' source='trc'>
		<type>LOAD_MODULE</type>
		<severity>INFO</severity>
		<timestamp>Thu Jul 31 08:12:30 2025</timestamp>
		<arg name='module'>/lib/x86_64-linux-gnu/libcjson.so.1</arg>
		<arg name='basement'>0x7ed099979000</arg>
		<arg name='ceiling'>0x7ed09998205f</arg>
		<arg name='symtab'>no</arg>
	</msg>
	<!-- Instrumentation of /lib/x86_64-linux-gnu/libcjson.so.1 image skipped because of filter conditions [cs-mode]. -->
	<!-- Update image info for [6:0x7ED098600000:YN] /opt/intel/oneapi/mkl/2025.2/lib/libmkl_intel_lp64.so.2 -->
	<msg id='8' display='false' source='trc'>
		<type>LOAD_MODULE</type>
		<severity>INFO</severity>
		<timestamp>Thu Jul 31 08:12:30 2025</timestamp>
		<arg name='module'>/opt/intel/oneapi/mkl/2025.2/lib/libmkl_intel_lp64.so.2</arg>
		<arg name='basement'>0x7ed098600000</arg>
		<arg name='ceiling'>0x7ed09953e707</arg>
		<arg name='symtab'>yes</arg>
	</msg>
	<!-- Instrumentation of /opt/intel/oneapi/mkl/2025.2/lib/libmkl_intel_lp64.so.2 image skipped because of filter conditions [cs-mode]. -->
	<!-- Update image info for [7:0x7ED097000000:YN] /opt/intel/oneapi/mkl/2025.2/lib/libmkl_sequential.so.2 -->
	<msg id='9' display='false' source='trc'>
		<type>LOAD_MODULE</type>
		<severity>INFO</severity>
		<timestamp>Thu Jul 31 08:12:30 2025</timestamp>
		<arg name='module'>/opt/intel/oneapi/mkl/2025.2/lib/libmkl_sequential.so.2</arg>
		<arg name='basement'>0x7ed097000000</arg>
		<arg name='ceiling'>0x7ed0985a8247</arg>
		<arg name='symtab'>yes</arg>
	</msg>
	<!-- Instrumenting image: id = 7, name = /opt/intel/oneapi/mkl/2025.2/lib/libmkl_sequential.so.2 -->
	<!-- Instrumenting loops in routine "mkl_sparse_d_default_mm_procedure_i4" with dynamic jumps -->
	<!-- Update image info for [8:0x7ED092E00000:YN] /opt/intel/oneapi/mkl/2025.2/lib/libmkl_core.so.2 -->
	<msg id='10' display='false' source='trc'>
		<type>LOAD_MODULE</type>
		<severity>INFO</severity>
		<timestamp>Thu Jul 31 08:12:31 2025</timestamp>
		<arg name='module'>/opt/intel/oneapi/mkl/2025.2/lib/libmkl_core.so.2</arg>
		<arg name='basement'>0x7ed092e00000</arg>
		<arg name='ceiling'>0x7ed096e4444f</arg>
		<arg name='symtab'>yes</arg>
	</msg>
	<!-- Instrumenting image: id = 8, name = /opt/intel/oneapi/mkl/2025.2/lib/libmkl_core.so.2 -->
	<!-- Instrumenting loops in routine "MKLLoadLibrary" -->
	<!-- Instrumenting loops in routine "mkl_sparse_d_create_csr_i4" with dynamic jumps -->
	<!-- Update image info for [9:0x7ED096F17000:NN] /lib/x86_64-linux-gnu/libm.so.6 -->
	<msg id='11' display='false' source='trc'>
		<type>LOAD_MODULE</type>
		<severity>INFO</severity>
		<timestamp>Thu Jul 31 08:12:31 2025</timestamp>
		<arg name='module'>/lib/x86_64-linux-gnu/libm.so.6</arg>
		<arg name='basement'>0x7ed096f17000</arg>
		<arg name='ceiling'>0x7ed096fff017</arg>
		<arg name='symtab'>no</arg>
	</msg>
	<!-- Instrumentation of /lib/x86_64-linux-gnu/libm.so.6 image skipped because of filter conditions [cs-mode]. -->
	<!-- Update image info for [10:0x7ED092A00000:NN] /lib/x86_64-linux-gnu/libstdc++.so.6 -->
	<msg id='12' display='false' source='trc'>
		<type>LOAD_MODULE</type>
		<severity>INFO</severity>
		<timestamp>Thu Jul 31 08:12:31 2025</timestamp>
		<arg name='module'>/lib/x86_64-linux-gnu/libstdc++.so.6</arg>
		<arg name='basement'>0x7ed092a00000</arg>
		<arg name='ceiling'>0x7ed092c7d13f</arg>
		<arg name='symtab'>no</arg>
	</msg>
	<!-- Instrumentation of /lib/x86_64-linux-gnu/libstdc++.so.6 image skipped because of filter conditions. -->
	<!-- Update image info for [11:0x7ED0985D2000:NN] /lib/x86_64-linux-gnu/libgcc_s.so.1 -->
	<msg id='13' display='false' source='trc'>
		<type>LOAD_MODULE</type>
		<severity>INFO</severity>
		<timestamp>Thu Jul 31 08:12:31 2025</timestamp>
		<arg name='module'>/lib/x86_64-linux-gnu/libgcc_s.so.1</arg>
		<arg name='basement'>0x7ed0985d2000</arg>
		<arg name='ceiling'>0x7ed0985ff3a7</arg>
		<arg name='symtab'>no</arg>
	</msg>
	<!-- Instrumentation of /lib/x86_64-linux-gnu/libgcc_s.so.1 image skipped because of filter conditions [cs-mode]. -->
	<!-- Update image info for [12:0x7ED092600000:NN] /lib/x86_64-linux-gnu/libc.so.6 -->
	<msg id='14' display='false' source='trc'>
		<type>LOAD_MODULE</type>
		<severity>INFO</severity>
		<timestamp>Thu Jul 31 08:12:31 2025</timestamp>
		<arg name='module'>/lib/x86_64-linux-gnu/libc.so.6</arg>
		<arg name='basement'>0x7ed092600000</arg>
		<arg name='ceiling'>0x7ed092811d8f</arg>
		<arg name='symtab'>no</arg>
	</msg>
	<!-- Instrumentation of /lib/x86_64-linux-gnu/libc.so.6 image skipped because of filter conditions. -->
	<!-- Update image info for [13:0x7ED092000000:NN] /lib/x86_64-linux-gnu/libcrypto.so.3 -->
	<msg id='15' display='false' source='trc'>
		<type>LOAD_MODULE</type>
		<severity>INFO</severity>
		<timestamp>Thu Jul 31 08:12:31 2025</timestamp>
		<arg name='module'>/lib/x86_64-linux-gnu/libcrypto.so.3</arg>
		<arg name='basement'>0x7ed092000000</arg>
		<arg name='ceiling'>0x7ed092512bcf</arg>
		<arg name='symtab'>no</arg>
	</msg>
	<!-- Instrumentation of /lib/x86_64-linux-gnu/libcrypto.so.3 image skipped because of filter conditions [cs-mode]. -->
	<!-- Update image info for [14:0x7ED092D3F000:NN] /lib/x86_64-linux-gnu/libcurl.so.4 -->
	<msg id='16' display='false' source='trc'>
		<type>LOAD_MODULE</type>
		<severity>INFO</severity>
		<timestamp>Thu Jul 31 08:12:31 2025</timestamp>
		<arg name='module'>/lib/x86_64-linux-gnu/libcurl.so.4</arg>
		<arg name='basement'>0x7ed092d3f000</arg>
		<arg name='ceiling'>0x7ed092dffbcf</arg>
		<arg name='symtab'>no</arg>
	</msg>
	<!-- Instrumentation of /lib/x86_64-linux-gnu/libcurl.so.4 image skipped because of filter conditions [cs-mode]. -->
	<!-- Update image info for [15:0x7ED0985C0000:NN] /lib/x86_64-linux-gnu/libsz.so.2 -->
	<msg id='17' display='false' source='trc'>
		<type>LOAD_MODULE</type>
		<severity>INFO</severity>
		<timestamp>Thu Jul 31 08:12:31 2025</timestamp>
		<arg name='module'>/lib/x86_64-linux-gnu/libsz.so.2</arg>
		<arg name='basement'>0x7ed0985c0000</arg>
		<arg name='ceiling'>0x7ed0985c400f</arg>
		<arg name='symtab'>no</arg>
	</msg>
	<!-- Instrumentation of /lib/x86_64-linux-gnu/libsz.so.2 image skipped because of filter conditions [cs-mode]. -->
	<!-- Update image info for [16:0x7ED096EDA000:NN] /lib/x86_64-linux-gnu/libz.so.1 -->
	<msg id='18' display='false' source='trc'>
		<type>LOAD_MODULE</type>
		<severity>INFO</severity>
		<timestamp>Thu Jul 31 08:12:31 2025</timestamp>
		<arg name='module'>/lib/x86_64-linux-gnu/libz.so.1</arg>
		<arg name='basement'>0x7ed096eda000</arg>
		<arg name='ceiling'>0x7ed096ef5097</arg>
		<arg name='symtab'>no</arg>
	</msg>
	<!-- Instrumentation of /lib/x86_64-linux-gnu/libz.so.1 image skipped because of filter conditions [cs-mode]. -->
	<!-- Update image info for [17:0x7ED0985B6000:NN] /lib/x86_64-linux-gnu/libdl.so.2 -->
	<msg id='19' display='false' source='trc'>
		<type>LOAD_MODULE</type>
		<severity>INFO</severity>
		<timestamp>Thu Jul 31 08:12:31 2025</timestamp>
		<arg name='module'>/lib/x86_64-linux-gnu/libdl.so.2</arg>
		<arg name='basement'>0x7ed0985b6000</arg>
		<arg name='ceiling'>0x7ed0985ba00f</arg>
		<arg name='symtab'>no</arg>
	</msg>
	<!-- Instrumentation of /lib/x86_64-linux-gnu/libdl.so.2 image skipped because of filter conditions [cs-mode]. -->
	<!-- Update image info for [18:0x7ED096ED5000:NN] /lib/x86_64-linux-gnu/libpthread.so.0 -->
	<msg id='20' display='false' source='trc'>
		<type>LOAD_MODULE</type>
		<severity>INFO</severity>
		<timestamp>Thu Jul 31 08:12:31 2025</timestamp>
		<arg name='module'>/lib/x86_64-linux-gnu/libpthread.so.0</arg>
		<arg name='basement'>0x7ed096ed5000</arg>
		<arg name='ceiling'>0x7ed096ed900f</arg>
		<arg name='symtab'>no</arg>
	</msg>
	<!-- Instrumentation of /lib/x86_64-linux-gnu/libpthread.so.0 image skipped because of filter conditions [cs-mode]. -->
	<!-- Update image info for [19:0x7ED096E89000:NN] /lib/x86_64-linux-gnu/libnghttp2.so.14 -->
	<msg id='21' display='false' source='trc'>
		<type>LOAD_MODULE</type>
		<severity>INFO</severity>
		<timestamp>Thu Jul 31 08:12:31 2025</timestamp>
		<arg name='module'>/lib/x86_64-linux-gnu/libnghttp2.so.14</arg>
		<arg name='basement'>0x7ed096e89000</arg>
		<arg name='ceiling'>0x7ed096eb30ef</arg>
		<arg name='symtab'>no</arg>
	</msg>
	<!-- Instrumentation of /lib/x86_64-linux-gnu/libnghttp2.so.14 image skipped because of filter conditions [cs-mode]. -->
	<!-- Update image info for [20:0x7ED096E67000:NN] /lib/x86_64-linux-gnu/libidn2.so.0 -->
	<msg id='22' display='false' source='trc'>
		<type>LOAD_MODULE</type>
		<severity>INFO</severity>
		<timestamp>Thu Jul 31 08:12:31 2025</timestamp>
		<arg name='module'>/lib/x86_64-linux-gnu/libidn2.so.0</arg>
		<arg name='basement'>0x7ed096e67000</arg>
		<arg name='ceiling'>0x7ed096e8800f</arg>
		<arg name='symtab'>no</arg>
	</msg>
	<!-- Instrumentation of /lib/x86_64-linux-gnu/libidn2.so.0 image skipped because of filter conditions [cs-mode]. -->
	<!-- Update image info for [21:0x7ED096E49000:NN] /lib/x86_64-linux-gnu/librtmp.so.1 -->
	<msg id='23' display='false' source='trc'>
		<type>LOAD_MODULE</type>
		<severity>INFO</severity>
		<timestamp>Thu Jul 31 08:12:31 2025</timestamp>
		<arg name='module'>/lib/x86_64-linux-gnu/librtmp.so.1</arg>
		<arg name='basement'>0x7ed096e49000</arg>
		<arg name='ceiling'>0x7ed096e6639f</arg>
		<arg name='symtab'>no</arg>
	</msg>
	<!-- Instrumentation of /lib/x86_64-linux-gnu/librtmp.so.1 image skipped because of filter conditions [cs-mode]. -->
	<!-- Update image info for [22:0x7ED092CCE000:NN] /lib/x86_64-linux-gnu/libssh.so.4 -->
	<msg id='24' display='false' source='trc'>
		<type>LOAD_MODULE</type>
		<severity>INFO</severity>
		<timestamp>Thu Jul 31 08:12:31 2025</timestamp>
		<arg name='module'>/lib/x86_64-linux-gnu/libssh.so.4</arg>
		<arg name='basement'>0x7ed092cce000</arg>
		<arg name='ceiling'>0x7ed092d3e60f</arg>
		<arg name='symtab'>no</arg>
	</msg>
	<!-- Instrumentation of /lib/x86_64-linux-gnu/libssh.so.4 image skipped because of filter conditions [cs-mode]. -->
	<!-- Update image info for [23:0x7ED092CBA000:NN] /lib/x86_64-linux-gnu/libpsl.so.5 -->
	<msg id='25' display='false' source='trc'>
		<type>LOAD_MODULE</type>
		<severity>INFO</severity>
		<timestamp>Thu Jul 31 08:12:31 2025</timestamp>
		<arg name='module'>/lib/x86_64-linux-gnu/libpsl.so.5</arg>
		<arg name='basement'>0x7ed092cba000</arg>
		<arg name='ceiling'>0x7ed092ccd00f</arg>
		<arg name='symtab'>no</arg>
	</msg>
	<!-- Instrumentation of /lib/x86_64-linux-gnu/libpsl.so.5 image skipped because of filter conditions [cs-mode]. -->
	<!-- Update image info for [24:0x7ED092956000:NN] /lib/x86_64-linux-gnu/libssl.so.3 -->
	<msg id='26' display='false' source='trc'>
		<type>LOAD_MODULE</type>
		<severity>INFO</severity>
		<timestamp>Thu Jul 31 08:12:31 2025</timestamp>
		<arg name='module'>/lib/x86_64-linux-gnu/libssl.so.3</arg>
		<arg name='basement'>0x7ed092956000</arg>
		<arg name='ceiling'>0x7ed0929ff86f</arg>
		<arg name='symtab'>no</arg>
	</msg>
	<!-- Instrumentation of /lib/x86_64-linux-gnu/libssl.so.3 image skipped because of filter conditions [cs-mode]. -->
	<!-- Update image info for [25:0x7ED092902000:NN] /lib/x86_64-linux-gnu/libgssapi_krb5.so.2 -->
	<msg id='27' display='false' source='trc'>
		<type>LOAD_MODULE</type>
		<severity>INFO</severity>
		<timestamp>Thu Jul 31 08:12:31 2025</timestamp>
		<arg name='module'>/lib/x86_64-linux-gnu/libgssapi_krb5.so.2</arg>
		<arg name='basement'>0x7ed092902000</arg>
		<arg name='ceiling'>0x7ed092955457</arg>
		<arg name='symtab'>no</arg>
	</msg>
	<!-- Instrumentation of /lib/x86_64-linux-gnu/libgssapi_krb5.so.2 image skipped because of filter conditions [cs-mode]. -->
	<!-- Update image info for [26:0x7ED0928A5000:NN] /lib/x86_64-linux-gnu/libldap.so.2 -->
	<msg id='28' display='false' source='trc'>
		<type>LOAD_MODULE</type>
		<severity>INFO</severity>
		<timestamp>Thu Jul 31 08:12:31 2025</timestamp>
		<arg name='module'>/lib/x86_64-linux-gnu/libldap.so.2</arg>
		<arg name='basement'>0x7ed0928a5000</arg>
		<arg name='ceiling'>0x7ed092901b47</arg>
		<arg name='symtab'>no</arg>
	</msg>
	<!-- Instrumentation of /lib/x86_64-linux-gnu/libldap.so.2 image skipped because of filter conditions [cs-mode]. -->
	<!-- Update image info for [27:0x7ED092C89000:NN] /lib/x86_64-linux-gnu/liblber.so.2 -->
	<msg id='29' display='false' source='trc'>
		<type>LOAD_MODULE</type>
		<severity>INFO</severity>
		<timestamp>Thu Jul 31 08:12:31 2025</timestamp>
		<arg name='module'>/lib/x86_64-linux-gnu/liblber.so.2</arg>
		<arg name='basement'>0x7ed092c89000</arg>
		<arg name='ceiling'>0x7ed092c981a7</arg>
		<arg name='symtab'>no</arg>
	</msg>
	<!-- Instrumentation of /lib/x86_64-linux-gnu/liblber.so.2 image skipped because of filter conditions [cs-mode]. -->
	<!-- Update image info for [28:0x7ED092546000:NN] /lib/x86_64-linux-gnu/libzstd.so.1 -->
	<msg id='30' display='false' source='trc'>
		<type>LOAD_MODULE</type>
		<severity>INFO</severity>
		<timestamp>Thu Jul 31 08:12:31 2025</timestamp>
		<arg name='module'>/lib/x86_64-linux-gnu/libzstd.so.1</arg>
		<arg name='basement'>0x7ed092546000</arg>
		<arg name='ceiling'>0x7ed0925ff037</arg>
		<arg name='symtab'>no</arg>
	</msg>
	<!-- Instrumentation of /lib/x86_64-linux-gnu/libzstd.so.1 image skipped because of filter conditions [cs-mode]. -->
	<!-- Update image info for [29:0x7ED092897000:NN] /lib/x86_64-linux-gnu/libbrotlidec.so.1 -->
	<msg id='31' display='false' source='trc'>
		<type>LOAD_MODULE</type>
		<severity>INFO</severity>
		<timestamp>Thu Jul 31 08:12:31 2025</timestamp>
		<arg name='module'>/lib/x86_64-linux-gnu/libbrotlidec.so.1</arg>
		<arg name='basement'>0x7ed092897000</arg>
		<arg name='ceiling'>0x7ed0928a4067</arg>
		<arg name='symtab'>no</arg>
	</msg>
	<!-- Instrumentation of /lib/x86_64-linux-gnu/libbrotlidec.so.1 image skipped because of filter conditions [cs-mode]. -->
	<!-- Update image info for [30:0x7ED09286D000:NN] /lib/x86_64-linux-gnu/libaec.so.0 -->
	<msg id='32' display='false' source='trc'>
		<type>LOAD_MODULE</type>
		<severity>INFO</severity>
		<timestamp>Thu Jul 31 08:12:31 2025</timestamp>
		<arg name='module'>/lib/x86_64-linux-gnu/libaec.so.0</arg>
		<arg name='basement'>0x7ed09286d000</arg>
		<arg name='ceiling'>0x7ed09287500f</arg>
		<arg name='symtab'>no</arg>
	</msg>
	<!-- Instrumentation of /lib/x86_64-linux-gnu/libaec.so.0 image skipped because of filter conditions [cs-mode]. -->
	<!-- Update image info for [31:0x7ED091E53000:NN] /lib/x86_64-linux-gnu/libunistring.so.5 -->
	<msg id='33' display='false' source='trc'>
		<type>LOAD_MODULE</type>
		<severity>INFO</severity>
		<timestamp>Thu Jul 31 08:12:31 2025</timestamp>
		<arg name='module'>/lib/x86_64-linux-gnu/libunistring.so.5</arg>
		<arg name='basement'>0x7ed091e53000</arg>
		<arg name='ceiling'>0x7ed091fff8e7</arg>
		<arg name='symtab'>no</arg>
	</msg>
	<!-- Instrumentation of /lib/x86_64-linux-gnu/libunistring.so.5 image skipped because of filter conditions [cs-mode]. -->
	<!-- Update image info for [32:0x7ED091C59000:NN] /lib/x86_64-linux-gnu/libgnutls.so.30 -->
	<msg id='34' display='false' source='trc'>
		<type>LOAD_MODULE</type>
		<severity>INFO</severity>
		<timestamp>Thu Jul 31 08:12:31 2025</timestamp>
		<arg name='module'>/lib/x86_64-linux-gnu/libgnutls.so.30</arg>
		<arg name='basement'>0x7ed091c59000</arg>
		<arg name='ceiling'>0x7ed091e52d1f</arg>
		<arg name='symtab'>no</arg>
	</msg>
	<!-- Instrumentation of /lib/x86_64-linux-gnu/libgnutls.so.30 image skipped because of filter conditions [cs-mode]. -->
	<!-- Update image info for [33:0x7ED092825000:NN] /lib/x86_64-linux-gnu/libhogweed.so.6 -->
	<msg id='35' display='false' source='trc'>
		<type>LOAD_MODULE</type>
		<severity>INFO</severity>
		<timestamp>Thu Jul 31 08:12:31 2025</timestamp>
		<arg name='module'>/lib/x86_64-linux-gnu/libhogweed.so.6</arg>
		<arg name='basement'>0x7ed092825000</arg>
		<arg name='ceiling'>0x7ed09286c00f</arg>
		<arg name='symtab'>no</arg>
	</msg>
	<!-- Instrumentation of /lib/x86_64-linux-gnu/libhogweed.so.6 image skipped because of filter conditions [cs-mode]. -->
	<!-- Update image info for [34:0x7ED091C04000:NN] /lib/x86_64-linux-gnu/libnettle.so.8 -->
	<msg id='36' display='false' source='trc'>
		<type>LOAD_MODULE</type>
		<severity>INFO</severity>
		<timestamp>Thu Jul 31 08:12:31 2025</timestamp>
		<arg name='module'>/lib/x86_64-linux-gnu/libnettle.so.8</arg>
		<arg name='basement'>0x7ed091c04000</arg>
		<arg name='ceiling'>0x7ed091c5807f</arg>
		<arg name='symtab'>no</arg>
	</msg>
	<!-- Instrumentation of /lib/x86_64-linux-gnu/libnettle.so.8 image skipped because of filter conditions [cs-mode]. -->
	<!-- Update image info for [35:0x7ED091B80000:NN] /lib/x86_64-linux-gnu/libgmp.so.10 -->
	<msg id='37' display='false' source='trc'>
		<type>LOAD_MODULE</type>
		<severity>INFO</severity>
		<timestamp>Thu Jul 31 08:12:31 2025</timestamp>
		<arg name='module'>/lib/x86_64-linux-gnu/libgmp.so.10</arg>
		<arg name='basement'>0x7ed091b80000</arg>
		<arg name='ceiling'>0x7ed091c031ef</arg>
		<arg name='symtab'>no</arg>
	</msg>
	<!-- Instrumentation of /lib/x86_64-linux-gnu/libgmp.so.10 image skipped because of filter conditions [cs-mode]. -->
	<!-- Update image info for [36:0x7ED091AB7000:NN] /lib/x86_64-linux-gnu/libkrb5.so.3 -->
	<msg id='38' display='false' source='trc'>
		<type>LOAD_MODULE</type>
		<severity>INFO</severity>
		<timestamp>Thu Jul 31 08:12:31 2025</timestamp>
		<arg name='module'>/lib/x86_64-linux-gnu/libkrb5.so.3</arg>
		<arg name='basement'>0x7ed091ab7000</arg>
		<arg name='ceiling'>0x7ed091b7fb0f</arg>
		<arg name='symtab'>no</arg>
	</msg>
	<!-- Instrumentation of /lib/x86_64-linux-gnu/libkrb5.so.3 image skipped because of filter conditions [cs-mode]. -->
	<!-- Update image info for [37:0x7ED09251A000:NN] /lib/x86_64-linux-gnu/libk5crypto.so.3 -->
	<msg id='39' display='false' source='trc'>
		<type>LOAD_MODULE</type>
		<severity>INFO</severity>
		<timestamp>Thu Jul 31 08:12:31 2025</timestamp>
		<arg name='module'>/lib/x86_64-linux-gnu/libk5crypto.so.3</arg>
		<arg name='basement'>0x7ed09251a000</arg>
		<arg name='ceiling'>0x7ed092545107</arg>
		<arg name='symtab'>no</arg>
	</msg>
	<!-- Instrumentation of /lib/x86_64-linux-gnu/libk5crypto.so.3 image skipped because of filter conditions [cs-mode]. -->
	<!-- Update image info for [38:0x7ED092C7F000:NN] /lib/x86_64-linux-gnu/libcom_err.so.2 -->
	<msg id='40' display='false' source='trc'>
		<type>LOAD_MODULE</type>
		<severity>INFO</severity>
		<timestamp>Thu Jul 31 08:12:31 2025</timestamp>
		<arg name='module'>/lib/x86_64-linux-gnu/libcom_err.so.2</arg>
		<arg name='basement'>0x7ed092c7f000</arg>
		<arg name='ceiling'>0x7ed092c84047</arg>
		<arg name='symtab'>no</arg>
	</msg>
	<!-- Instrumentation of /lib/x86_64-linux-gnu/libcom_err.so.2 image skipped because of filter conditions [cs-mode]. -->
	<!-- Update image info for [39:0x7ED092818000:NN] /lib/x86_64-linux-gnu/libkrb5support.so.0 -->
	<msg id='41' display='false' source='trc'>
		<type>LOAD_MODULE</type>
		<severity>INFO</severity>
		<timestamp>Thu Jul 31 08:12:31 2025</timestamp>
		<arg name='module'>/lib/x86_64-linux-gnu/libkrb5support.so.0</arg>
		<arg name='basement'>0x7ed092818000</arg>
		<arg name='ceiling'>0x7ed0928243cf</arg>
		<arg name='symtab'>no</arg>
	</msg>
	<!-- Instrumentation of /lib/x86_64-linux-gnu/libkrb5support.so.0 image skipped because of filter conditions [cs-mode]. -->
	<!-- Update image info for [40:0x7ED091A9D000:NN] /lib/x86_64-linux-gnu/libsasl2.so.2 -->
	<msg id='42' display='false' source='trc'>
		<type>LOAD_MODULE</type>
		<severity>INFO</severity>
		<timestamp>Thu Jul 31 08:12:31 2025</timestamp>
		<arg name='module'>/lib/x86_64-linux-gnu/libsasl2.so.2</arg>
		<arg name='basement'>0x7ed091a9d000</arg>
		<arg name='ceiling'>0x7ed091ab639f</arg>
		<arg name='symtab'>no</arg>
	</msg>
	<!-- Instrumentation of /lib/x86_64-linux-gnu/libsasl2.so.2 image skipped because of filter conditions [cs-mode]. -->
	<!-- Update image info for [41:0x7ED091A7A000:NN] /lib/x86_64-linux-gnu/libbrotlicommon.so.1 -->
	<msg id='43' display='false' source='trc'>
		<type>LOAD_MODULE</type>
		<severity>INFO</severity>
		<timestamp>Thu Jul 31 08:12:31 2025</timestamp>
		<arg name='module'>/lib/x86_64-linux-gnu/libbrotlicommon.so.1</arg>
		<arg name='basement'>0x7ed091a7a000</arg>
		<arg name='ceiling'>0x7ed091a9c027</arg>
		<arg name='symtab'>no</arg>
	</msg>
	<!-- Instrumentation of /lib/x86_64-linux-gnu/libbrotlicommon.so.1 image skipped because of filter conditions [cs-mode]. -->
	<!-- Update image info for [42:0x7ED0918D6000:NN] /lib/x86_64-linux-gnu/libp11-kit.so.0 -->
	<msg id='44' display='false' source='trc'>
		<type>LOAD_MODULE</type>
		<severity>INFO</severity>
		<timestamp>Thu Jul 31 08:12:32 2025</timestamp>
		<arg name='module'>/lib/x86_64-linux-gnu/libp11-kit.so.0</arg>
		<arg name='basement'>0x7ed0918d6000</arg>
		<arg name='ceiling'>0x7ed091a79687</arg>
		<arg name='symtab'>no</arg>
	</msg>
	<!-- Instrumentation of /lib/x86_64-linux-gnu/libp11-kit.so.0 image skipped because of filter conditions [cs-mode]. -->
	<!-- Update image info for [43:0x7ED0918C0000:NN] /lib/x86_64-linux-gnu/libtasn1.so.6 -->
	<msg id='45' display='false' source='trc'>
		<type>LOAD_MODULE</type>
		<severity>INFO</severity>
		<timestamp>Thu Jul 31 08:12:32 2025</timestamp>
		<arg name='module'>/lib/x86_64-linux-gnu/libtasn1.so.6</arg>
		<arg name='basement'>0x7ed0918c0000</arg>
		<arg name='ceiling'>0x7ed0918d5227</arg>
		<arg name='symtab'>no</arg>
	</msg>
	<!-- Instrumentation of /lib/x86_64-linux-gnu/libtasn1.so.6 image skipped because of filter conditions [cs-mode]. -->
	<!-- Update image info for [44:0x7ED092513000:NN] /lib/x86_64-linux-gnu/libkeyutils.so.1 -->
	<msg id='46' display='false' source='trc'>
		<type>LOAD_MODULE</type>
		<severity>INFO</severity>
		<timestamp>Thu Jul 31 08:12:32 2025</timestamp>
		<arg name='module'>/lib/x86_64-linux-gnu/libkeyutils.so.1</arg>
		<arg name='basement'>0x7ed092513000</arg>
		<arg name='ceiling'>0x7ed09251900f</arg>
		<arg name='symtab'>no</arg>
	</msg>
	<!-- Instrumentation of /lib/x86_64-linux-gnu/libkeyutils.so.1 image skipped because of filter conditions [cs-mode]. -->
	<!-- Update image info for [45:0x7ED0918AD000:NN] /lib/x86_64-linux-gnu/libresolv.so.2 -->
	<msg id='47' display='false' source='trc'>
		<type>LOAD_MODULE</type>
		<severity>INFO</severity>
		<timestamp>Thu Jul 31 08:12:32 2025</timestamp>
		<arg name='module'>/lib/x86_64-linux-gnu/libresolv.so.2</arg>
		<arg name='basement'>0x7ed0918ad000</arg>
		<arg name='ceiling'>0x7ed0918bf887</arg>
		<arg name='symtab'>no</arg>
	</msg>
	<!-- Instrumentation of /lib/x86_64-linux-gnu/libresolv.so.2 image skipped because of filter conditions [cs-mode]. -->
	<!-- Update image info for [46:0x7ED0918A1000:NN] /lib/x86_64-linux-gnu/libffi.so.8 -->
	<msg id='48' display='false' source='trc'>
		<type>LOAD_MODULE</type>
		<severity>INFO</severity>
		<timestamp>Thu Jul 31 08:12:32 2025</timestamp>
		<arg name='module'>/lib/x86_64-linux-gnu/libffi.so.8</arg>
		<arg name='basement'>0x7ed0918a1000</arg>
		<arg name='ceiling'>0x7ed0918ac60f</arg>
		<arg name='symtab'>no</arg>
	</msg>
	<!-- Instrumentation of /lib/x86_64-linux-gnu/libffi.so.8 image skipped because of filter conditions [cs-mode]. -->
	<!-- Update image info for [47:0x7ED080000000:NN] /opt/intel/oneapi/advisor/2025.2/lib64/runtime/libittnotify.so -->
	<msg id='49' display='false' source='trc'>
		<type>LOAD_MODULE</type>
		<severity>INFO</severity>
		<timestamp>Thu Jul 31 08:12:35 2025</timestamp>
		<arg name='module'>/opt/intel/oneapi/advisor/2025.2/lib64/runtime/libittnotify.so</arg>
		<arg name='basement'>0x7ed080000000</arg>
		<arg name='ceiling'>0x7ed0802190af</arg>
		<arg name='symtab'>no</arg>
	</msg>
	<!-- __itt_pause was instrumented -->
	<!-- __itt_resume was instrumented -->
	<!-- __itt_metadata_add was instrumented -->
	<!-- Instrumentation of /opt/intel/oneapi/advisor/2025.2/lib64/runtime/libittnotify.so image skipped because of filter conditions [cs-mode]. -->
	<!-- Update image info for [48:0x7ED07CA00000:YN] /opt/intel/oneapi/mkl/2025.2/lib/libmkl_avx2.so.2 -->
	<msg id='50' display='false' source='trc'>
		<type>LOAD_MODULE</type>
		<severity>INFO</severity>
		<timestamp>Thu Jul 31 08:12:36 2025</timestamp>
		<arg name='module'>/opt/intel/oneapi/mkl/2025.2/lib/libmkl_avx2.so.2</arg>
		<arg name='basement'>0x7ed07ca00000</arg>
		<arg name='ceiling'>0x7ed07f6b6717</arg>
		<arg name='symtab'>yes</arg>
	</msg>
	<!-- Instrumenting image: id = 48, name = /opt/intel/oneapi/mkl/2025.2/lib/libmkl_avx2.so.2 -->
	<!-- Instrumenting loops in routine "mkl_sparse_d_csr_ng_n_mm_c_ker_i4_avx2" with dynamic jumps -->
	<!-- Instrumenting loops in routine "xcsr_ng_n_mm_c_multi_level_intrinsics_specialized_nrhs_le_64_ker" with dynamic jumps -->
	<!-- Update image info for [49:0x7ED07BA00000:YN] /opt/intel/oneapi/mkl/2025.2/lib/libmkl_vml_avx2.so.2 -->
	<msg id='51' display='false' source='trc'>
		<type>LOAD_MODULE</type>
		<severity>INFO</severity>
		<timestamp>Thu Jul 31 08:12:37 2025</timestamp>
		<arg name='module'>/opt/intel/oneapi/mkl/2025.2/lib/libmkl_vml_avx2.so.2</arg>
		<arg name='basement'>0x7ed07ba00000</arg>
		<arg name='ceiling'>0x7ed07c891317</arg>
		<arg name='symtab'>yes</arg>
	</msg>
	<!-- Instrumentation of /opt/intel/oneapi/mkl/2025.2/lib/libmkl_vml_avx2.so.2 image skipped because of filter conditions [cs-mode]. -->
	<msg id='52' display='false' source='trc'>
		<type>UNLOAD_MODULE</type>
		<severity>INFO</severity>
		<timestamp>Thu Jul 31 08:12:39 2025</timestamp>
		<arg name='module'>/home/mqian01/SparseRooflineBenchmark/examples/spmm/spmm</arg>
	</msg>
	<msg id='53' display='false' source='trc'>
		<type>UNLOAD_MODULE</type>
		<severity>INFO</severity>
		<timestamp>Thu Jul 31 08:12:39 2025</timestamp>
		<arg name='module'>/lib64/ld-linux-x86-64.so.2</arg>
	</msg>
	<msg id='54' display='false' source='trc'>
		<type>UNLOAD_MODULE</type>
		<severity>INFO</severity>
		<timestamp>Thu Jul 31 08:12:39 2025</timestamp>
		<arg name='module'>[vdso]</arg>
	</msg>
	<msg id='55' display='false' source='trc'>
		<type>UNLOAD_MODULE</type>
		<severity>INFO</severity>
		<timestamp>Thu Jul 31 08:12:39 2025</timestamp>
		<arg name='module'>/lib/x86_64-linux-gnu/libhdf5_serial.so.103</arg>
	</msg>
	<msg id='56' display='false' source='trc'>
		<type>UNLOAD_MODULE</type>
		<severity>INFO</severity>
		<timestamp>Thu Jul 31 08:12:39 2025</timestamp>
		<arg name='module'>/lib/x86_64-linux-gnu/libcjson.so.1</arg>
	</msg>
	<msg id='57' display='false' source='trc'>
		<type>UNLOAD_MODULE</type>
		<severity>INFO</severity>
		<timestamp>Thu Jul 31 08:12:39 2025</timestamp>
		<arg name='module'>/opt/intel/oneapi/mkl/2025.2/lib/libmkl_intel_lp64.so.2</arg>
	</msg>
	<msg id='58' display='false' source='trc'>
		<type>UNLOAD_MODULE</type>
		<severity>INFO</severity>
		<timestamp>Thu Jul 31 08:12:39 2025</timestamp>
		<arg name='module'>/opt/intel/oneapi/mkl/2025.2/lib/libmkl_sequential.so.2</arg>
	</msg>
	<msg id='59' display='false' source='trc'>
		<type>UNLOAD_MODULE</type>
		<severity>INFO</severity>
		<timestamp>Thu Jul 31 08:12:39 2025</timestamp>
		<arg name='module'>/opt/intel/oneapi/mkl/2025.2/lib/libmkl_core.so.2</arg>
	</msg>
	<msg id='60' display='false' source='trc'>
		<type>UNLOAD_MODULE</type>
		<severity>INFO</severity>
		<timestamp>Thu Jul 31 08:12:39 2025</timestamp>
		<arg name='module'>/lib/x86_64-linux-gnu/libm.so.6</arg>
	</msg>
	<msg id='61' display='false' source='trc'>
		<type>UNLOAD_MODULE</type>
		<severity>INFO</severity>
		<timestamp>Thu Jul 31 08:12:39 2025</timestamp>
		<arg name='module'>/lib/x86_64-linux-gnu/libstdc++.so.6</arg>
	</msg>
	<msg id='62' display='false' source='trc'>
		<type>UNLOAD_MODULE</type>
		<severity>INFO</severity>
		<timestamp>Thu Jul 31 08:12:39 2025</timestamp>
		<arg name='module'>/lib/x86_64-linux-gnu/libgcc_s.so.1</arg>
	</msg>
	<msg id='63' display='false' source='trc'>
		<type>UNLOAD_MODULE</type>
		<severity>INFO</severity>
		<timestamp>Thu Jul 31 08:12:39 2025</timestamp>
		<arg name='module'>/lib/x86_64-linux-gnu/libc.so.6</arg>
	</msg>
	<msg id='64' display='false' source='trc'>
		<type>UNLOAD_MODULE</type>
		<severity>INFO</severity>
		<timestamp>Thu Jul 31 08:12:39 2025</timestamp>
		<arg name='module'>/lib/x86_64-linux-gnu/libcrypto.so.3</arg>
	</msg>
	<msg id='65' display='false' source='trc'>
		<type>UNLOAD_MODULE</type>
		<severity>INFO</severity>
		<timestamp>Thu Jul 31 08:12:39 2025</timestamp>
		<arg name='module'>/lib/x86_64-linux-gnu/libcurl.so.4</arg>
	</msg>
	<msg id='66' display='false' source='trc'>
		<type>UNLOAD_MODULE</type>
		<severity>INFO</severity>
		<timestamp>Thu Jul 31 08:12:39 2025</timestamp>
		<arg name='module'>/lib/x86_64-linux-gnu/libsz.so.2</arg>
	</msg>
	<msg id='67' display='false' source='trc'>
		<type>UNLOAD_MODULE</type>
		<severity>INFO</severity>
		<timestamp>Thu Jul 31 08:12:39 2025</timestamp>
		<arg name='module'>/lib/x86_64-linux-gnu/libz.so.1</arg>
	</msg>
	<msg id='68' display='false' source='trc'>
		<type>UNLOAD_MODULE</type>
		<severity>INFO</severity>
		<timestamp>Thu Jul 31 08:12:39 2025</timestamp>
		<arg name='module'>/lib/x86_64-linux-gnu/libdl.so.2</arg>
	</msg>
	<msg id='69' display='false' source='trc'>
		<type>UNLOAD_MODULE</type>
		<severity>INFO</severity>
		<timestamp>Thu Jul 31 08:12:39 2025</timestamp>
		<arg name='module'>/lib/x86_64-linux-gnu/libpthread.so.0</arg>
	</msg>
	<msg id='70' display='false' source='trc'>
		<type>UNLOAD_MODULE</type>
		<severity>INFO</severity>
		<timestamp>Thu Jul 31 08:12:39 2025</timestamp>
		<arg name='module'>/lib/x86_64-linux-gnu/libnghttp2.so.14</arg>
	</msg>
	<msg id='71' display='false' source='trc'>
		<type>UNLOAD_MODULE</type>
		<severity>INFO</severity>
		<timestamp>Thu Jul 31 08:12:39 2025</timestamp>
		<arg name='module'>/lib/x86_64-linux-gnu/libidn2.so.0</arg>
	</msg>
	<msg id='72' display='false' source='trc'>
		<type>UNLOAD_MODULE</type>
		<severity>INFO</severity>
		<timestamp>Thu Jul 31 08:12:39 2025</timestamp>
		<arg name='module'>/lib/x86_64-linux-gnu/librtmp.so.1</arg>
	</msg>
	<msg id='73' display='false' source='trc'>
		<type>UNLOAD_MODULE</type>
		<severity>INFO</severity>
		<timestamp>Thu Jul 31 08:12:39 2025</timestamp>
		<arg name='module'>/lib/x86_64-linux-gnu/libssh.so.4</arg>
	</msg>
	<msg id='74' display='false' source='trc'>
		<type>UNLOAD_MODULE</type>
		<severity>INFO</severity>
		<timestamp>Thu Jul 31 08:12:39 2025</timestamp>
		<arg name='module'>/lib/x86_64-linux-gnu/libpsl.so.5</arg>
	</msg>
	<msg id='75' display='false' source='trc'>
		<type>UNLOAD_MODULE</type>
		<severity>INFO</severity>
		<timestamp>Thu Jul 31 08:12:39 2025</timestamp>
		<arg name='module'>/lib/x86_64-linux-gnu/libssl.so.3</arg>
	</msg>
	<msg id='76' display='false' source='trc'>
		<type>UNLOAD_MODULE</type>
		<severity>INFO</severity>
		<timestamp>Thu Jul 31 08:12:39 2025</timestamp>
		<arg name='module'>/lib/x86_64-linux-gnu/libgssapi_krb5.so.2</arg>
	</msg>
	<msg id='77' display='false' source='trc'>
		<type>UNLOAD_MODULE</type>
		<severity>INFO</severity>
		<timestamp>Thu Jul 31 08:12:39 2025</timestamp>
		<arg name='module'>/lib/x86_64-linux-gnu/libldap.so.2</arg>
	</msg>
	<msg id='78' display='false' source='trc'>
		<type>UNLOAD_MODULE</type>
		<severity>INFO</severity>
		<timestamp>Thu Jul 31 08:12:39 2025</timestamp>
		<arg name='module'>/lib/x86_64-linux-gnu/liblber.so.2</arg>
	</msg>
	<msg id='79' display='false' source='trc'>
		<type>UNLOAD_MODULE</type>
		<severity>INFO</severity>
		<timestamp>Thu Jul 31 08:12:39 2025</timestamp>
		<arg name='module'>/lib/x86_64-linux-gnu/libzstd.so.1</arg>
	</msg>
	<msg id='80' display='false' source='trc'>
		<type>UNLOAD_MODULE</type>
		<severity>INFO</severity>
		<timestamp>Thu Jul 31 08:12:39 2025</timestamp>
		<arg name='module'>/lib/x86_64-linux-gnu/libbrotlidec.so.1</arg>
	</msg>
	<msg id='81' display='false' source='trc'>
		<type>UNLOAD_MODULE</type>
		<severity>INFO</severity>
		<timestamp>Thu Jul 31 08:12:39 2025</timestamp>
		<arg name='module'>/lib/x86_64-linux-gnu/libaec.so.0</arg>
	</msg>
	<msg id='82' display='false' source='trc'>
		<type>UNLOAD_MODULE</type>
		<severity>INFO</severity>
		<timestamp>Thu Jul 31 08:12:39 2025</timestamp>
		<arg name='module'>/lib/x86_64-linux-gnu/libunistring.so.5</arg>
	</msg>
	<msg id='83' display='false' source='trc'>
		<type>UNLOAD_MODULE</type>
		<severity>INFO</severity>
		<timestamp>Thu Jul 31 08:12:39 2025</timestamp>
		<arg name='module'>/lib/x86_64-linux-gnu/libgnutls.so.30</arg>
	</msg>
	<msg id='84' display='false' source='trc'>
		<type>UNLOAD_MODULE</type>
		<severity>INFO</severity>
		<timestamp>Thu Jul 31 08:12:39 2025</timestamp>
		<arg name='module'>/lib/x86_64-linux-gnu/libhogweed.so.6</arg>
	</msg>
	<msg id='85' display='false' source='trc'>
		<type>UNLOAD_MODULE</type>
		<severity>INFO</severity>
		<timestamp>Thu Jul 31 08:12:39 2025</timestamp>
		<arg name='module'>/lib/x86_64-linux-gnu/libnettle.so.8</arg>
	</msg>
	<msg id='86' display='false' source='trc'>
		<type>UNLOAD_MODULE</type>
		<severity>INFO</severity>
		<timestamp>Thu Jul 31 08:12:39 2025</timestamp>
		<arg name='module'>/lib/x86_64-linux-gnu/libgmp.so.10</arg>
	</msg>
	<msg id='87' display='false' source='trc'>
		<type>UNLOAD_MODULE</type>
		<severity>INFO</severity>
		<timestamp>Thu Jul 31 08:12:39 2025</timestamp>
		<arg name='module'>/lib/x86_64-linux-gnu/libkrb5.so.3</arg>
	</msg>
	<msg id='88' display='false' source='trc'>
		<type>UNLOAD_MODULE</type>
		<severity>INFO</severity>
		<timestamp>Thu Jul 31 08:12:39 2025</timestamp>
		<arg name='module'>/lib/x86_64-linux-gnu/libk5crypto.so.3</arg>
	</msg>
	<msg id='89' display='false' source='trc'>
		<type>UNLOAD_MODULE</type>
		<severity>INFO</severity>
		<timestamp>Thu Jul 31 08:12:39 2025</timestamp>
		<arg name='module'>/lib/x86_64-linux-gnu/libcom_err.so.2</arg>
	</msg>
	<msg id='90' display='false' source='trc'>
		<type>UNLOAD_MODULE</type>
		<severity>INFO</severity>
		<timestamp>Thu Jul 31 08:12:39 2025</timestamp>
		<arg name='module'>/lib/x86_64-linux-gnu/libkrb5support.so.0</arg>
	</msg>
	<msg id='91' display='false' source='trc'>
		<type>UNLOAD_MODULE</type>
		<severity>INFO</severity>
		<timestamp>Thu Jul 31 08:12:39 2025</timestamp>
		<arg name='module'>/lib/x86_64-linux-gnu/libsasl2.so.2</arg>
	</msg>
	<msg id='92' display='false' source='trc'>
		<type>UNLOAD_MODULE</type>
		<severity>INFO</severity>
		<timestamp>Thu Jul 31 08:12:39 2025</timestamp>
		<arg name='module'>/lib/x86_64-linux-gnu/libbrotlicommon.so.1</arg>
	</msg>
	<msg id='93' display='false' source='trc'>
		<type>UNLOAD_MODULE</type>
		<severity>INFO</severity>
		<timestamp>Thu Jul 31 08:12:39 2025</timestamp>
		<arg name='module'>/lib/x86_64-linux-gnu/libp11-kit.so.0</arg>
	</msg>
	<msg id='94' display='false' source='trc'>
		<type>UNLOAD_MODULE</type>
		<severity>INFO</severity>
		<timestamp>Thu Jul 31 08:12:39 2025</timestamp>
		<arg name='module'>/lib/x86_64-linux-gnu/libtasn1.so.6</arg>
	</msg>
	<msg id='95' display='false' source='trc'>
		<type>UNLOAD_MODULE</type>
		<severity>INFO</severity>
		<timestamp>Thu Jul 31 08:12:39 2025</timestamp>
		<arg name='module'>/lib/x86_64-linux-gnu/libkeyutils.so.1</arg>
	</msg>
	<msg id='96' display='false' source='trc'>
		<type>UNLOAD_MODULE</type>
		<severity>INFO</severity>
		<timestamp>Thu Jul 31 08:12:39 2025</timestamp>
		<arg name='module'>/lib/x86_64-linux-gnu/libresolv.so.2</arg>
	</msg>
	<msg id='97' display='false' source='trc'>
		<type>UNLOAD_MODULE</type>
		<severity>INFO</severity>
		<timestamp>Thu Jul 31 08:12:39 2025</timestamp>
		<arg name='module'>/lib/x86_64-linux-gnu/libffi.so.8</arg>
	</msg>
	<msg id='98' display='false' source='trc'>
		<type>UNLOAD_MODULE</type>
		<severity>INFO</severity>
		<timestamp>Thu Jul 31 08:12:39 2025</timestamp>
		<arg name='module'>/opt/intel/oneapi/advisor/2025.2/lib64/runtime/libittnotify.so</arg>
	</msg>
	<msg id='99' display='false' source='trc'>
		<type>UNLOAD_MODULE</type>
		<severity>INFO</severity>
		<timestamp>Thu Jul 31 08:12:39 2025</timestamp>
		<arg name='module'>/opt/intel/oneapi/mkl/2025.2/lib/libmkl_avx2.so.2</arg>
	</msg>
	<msg id='100' display='false' source='trc'>
		<type>UNLOAD_MODULE</type>
		<severity>INFO</severity>
		<timestamp>Thu Jul 31 08:12:39 2025</timestamp>
		<arg name='module'>/opt/intel/oneapi/mkl/2025.2/lib/libmkl_vml_avx2.so.2</arg>
	</msg>
	<msg id='101' display='false' source='trc'>
		<type>PROCESS_FINISH</type>
		<severity>INFO</severity>
		<timestamp>Thu Jul 31 08:12:39 2025</timestamp>
		<arg name='process'>/home/mqian01/SparseRooflineBenchmark/examples/spmm/spmm</arg>
		<arg name='pid'>18436</arg>
		<arg name='exitcode'>0x0</arg>
	</msg>
	<!-- Application exited with code 0 -->
</log>